Archive member included to satisfy reference by file (symbol)

c:/st/stm32cubeide_1.7.0/stm32cubeide/plugins/com.st.stm32cube.ide.mcu.externaltools.gnu-tools-for-stm32.9-2020-q2-update.win32_2.0.0.202105311346/tools/bin/../lib/gcc/arm-none-eabi/9.3.1/../../../../arm-none-eabi/lib/thumb/v7e-m+fp/hard\libc_nano.a(lib_a-errno.o)
                              ./Core/Src/syscalls.o (__errno)
c:/st/stm32cubeide_1.7.0/stm32cubeide/plugins/com.st.stm32cube.ide.mcu.externaltools.gnu-tools-for-stm32.9-2020-q2-update.win32_2.0.0.202105311346/tools/bin/../lib/gcc/arm-none-eabi/9.3.1/../../../../arm-none-eabi/lib/thumb/v7e-m+fp/hard\libc_nano.a(lib_a-exit.o)
                              c:/st/stm32cubeide_1.7.0/stm32cubeide/plugins/com.st.stm32cube.ide.mcu.externaltools.gnu-tools-for-stm32.9-2020-q2-update.win32_2.0.0.202105311346/tools/bin/../lib/gcc/arm-none-eabi/9.3.1/../../../../arm-none-eabi/lib/thumb/v7e-m+fp/hard/crt0.o (exit)
c:/st/stm32cubeide_1.7.0/stm32cubeide/plugins/com.st.stm32cube.ide.mcu.externaltools.gnu-tools-for-stm32.9-2020-q2-update.win32_2.0.0.202105311346/tools/bin/../lib/gcc/arm-none-eabi/9.3.1/../../../../arm-none-eabi/lib/thumb/v7e-m+fp/hard\libc_nano.a(lib_a-impure.o)
                              c:/st/stm32cubeide_1.7.0/stm32cubeide/plugins/com.st.stm32cube.ide.mcu.externaltools.gnu-tools-for-stm32.9-2020-q2-update.win32_2.0.0.202105311346/tools/bin/../lib/gcc/arm-none-eabi/9.3.1/../../../../arm-none-eabi/lib/thumb/v7e-m+fp/hard\libc_nano.a(lib_a-exit.o) (_global_impure_ptr)
c:/st/stm32cubeide_1.7.0/stm32cubeide/plugins/com.st.stm32cube.ide.mcu.externaltools.gnu-tools-for-stm32.9-2020-q2-update.win32_2.0.0.202105311346/tools/bin/../lib/gcc/arm-none-eabi/9.3.1/../../../../arm-none-eabi/lib/thumb/v7e-m+fp/hard\libc_nano.a(lib_a-init.o)
                              c:/st/stm32cubeide_1.7.0/stm32cubeide/plugins/com.st.stm32cube.ide.mcu.externaltools.gnu-tools-for-stm32.9-2020-q2-update.win32_2.0.0.202105311346/tools/bin/../lib/gcc/arm-none-eabi/9.3.1/../../../../arm-none-eabi/lib/thumb/v7e-m+fp/hard/crt0.o (__libc_init_array)
c:/st/stm32cubeide_1.7.0/stm32cubeide/plugins/com.st.stm32cube.ide.mcu.externaltools.gnu-tools-for-stm32.9-2020-q2-update.win32_2.0.0.202105311346/tools/bin/../lib/gcc/arm-none-eabi/9.3.1/../../../../arm-none-eabi/lib/thumb/v7e-m+fp/hard\libc_nano.a(lib_a-memset.o)
                              c:/st/stm32cubeide_1.7.0/stm32cubeide/plugins/com.st.stm32cube.ide.mcu.externaltools.gnu-tools-for-stm32.9-2020-q2-update.win32_2.0.0.202105311346/tools/bin/../lib/gcc/arm-none-eabi/9.3.1/../../../../arm-none-eabi/lib/thumb/v7e-m+fp/hard/crt0.o (memset)
c:/st/stm32cubeide_1.7.0/stm32cubeide/plugins/com.st.stm32cube.ide.mcu.externaltools.gnu-tools-for-stm32.9-2020-q2-update.win32_2.0.0.202105311346/tools/bin/../lib/gcc/arm-none-eabi/9.3.1/../../../../arm-none-eabi/lib/thumb/v7e-m+fp/hard\libc_nano.a(lib_a-sprintf.o)
                              ./Core/Src/uart.o (sprintf)
c:/st/stm32cubeide_1.7.0/stm32cubeide/plugins/com.st.stm32cube.ide.mcu.externaltools.gnu-tools-for-stm32.9-2020-q2-update.win32_2.0.0.202105311346/tools/bin/../lib/gcc/arm-none-eabi/9.3.1/../../../../arm-none-eabi/lib/thumb/v7e-m+fp/hard\libc_nano.a(lib_a-strlen.o)
                              ./Core/Src/lcd.o (strlen)
c:/st/stm32cubeide_1.7.0/stm32cubeide/plugins/com.st.stm32cube.ide.mcu.externaltools.gnu-tools-for-stm32.9-2020-q2-update.win32_2.0.0.202105311346/tools/bin/../lib/gcc/arm-none-eabi/9.3.1/../../../../arm-none-eabi/lib/thumb/v7e-m+fp/hard\libc_nano.a(lib_a-nano-svfprintf.o)
                              c:/st/stm32cubeide_1.7.0/stm32cubeide/plugins/com.st.stm32cube.ide.mcu.externaltools.gnu-tools-for-stm32.9-2020-q2-update.win32_2.0.0.202105311346/tools/bin/../lib/gcc/arm-none-eabi/9.3.1/../../../../arm-none-eabi/lib/thumb/v7e-m+fp/hard\libc_nano.a(lib_a-sprintf.o) (_svfprintf_r)
c:/st/stm32cubeide_1.7.0/stm32cubeide/plugins/com.st.stm32cube.ide.mcu.externaltools.gnu-tools-for-stm32.9-2020-q2-update.win32_2.0.0.202105311346/tools/bin/../lib/gcc/arm-none-eabi/9.3.1/../../../../arm-none-eabi/lib/thumb/v7e-m+fp/hard\libc_nano.a(lib_a-nano-vfprintf_i.o)
                              c:/st/stm32cubeide_1.7.0/stm32cubeide/plugins/com.st.stm32cube.ide.mcu.externaltools.gnu-tools-for-stm32.9-2020-q2-update.win32_2.0.0.202105311346/tools/bin/../lib/gcc/arm-none-eabi/9.3.1/../../../../arm-none-eabi/lib/thumb/v7e-m+fp/hard\libc_nano.a(lib_a-nano-svfprintf.o) (_printf_i)
c:/st/stm32cubeide_1.7.0/stm32cubeide/plugins/com.st.stm32cube.ide.mcu.externaltools.gnu-tools-for-stm32.9-2020-q2-update.win32_2.0.0.202105311346/tools/bin/../lib/gcc/arm-none-eabi/9.3.1/../../../../arm-none-eabi/lib/thumb/v7e-m+fp/hard\libc_nano.a(lib_a-memchr.o)
[...]
Memory Configuration

Name             Origin             Length             Attributes
CCMRAM           0x0000000010000000 0x0000000000010000 xrw
RAM              0x0000000020000000 0x0000000000020000 xrw
FLASH            0x0000000008000000 0x0000000000100000 xr
*default*        0x0000000000000000 0xffffffffffffffff

Linker script and memory map

LOAD c:/st/stm32cubeide_1.7.0/stm32cubeide/plugins/com.st.stm32cube.ide.mcu.externaltools.gnu-tools-for-stm32.9-2020-q2-update.win32_2.0.0.202105311346/tools/bin/../lib/gcc/arm-none-eabi/9.3.1/thumb/v7e-m+fp/hard/crti.o
LOAD c:/st/stm32cubeide_1.7.0/stm32cubeide/plugins/com.st.stm32cube.ide.mcu.externaltools.gnu-tools-for-stm32.9-2020-q2-update.win32_2.0.0.202105311346/tools/bin/../lib/gcc/arm-none-eabi/9.3.1/thumb/v7e-m+fp/hard/crtbegin.o
LOAD c:/st/stm32cubeide_1.7.0/stm32cubeide/plugins/com.st.stm32cube.ide.mcu.externaltools.gnu-tools-for-stm32.9-2020-q2-update.win32_2.0.0.202105311346/tools/bin/../lib/gcc/arm-none-eabi/9.3.1/../../../../arm-none-eabi/lib/thumb/v7e-m+fp/hard/crt0.o
LOAD ./Core/Src/button.o
LOAD ./Core/Src/ds3231.o
LOAD ./Core/Src/fsmc.o
LOAD ./Core/Src/gpio.o
LOAD ./Core/Src/i2c.o
LOAD ./Core/Src/lcd.o
LOAD ./Core/Src/led_7seg.o
LOAD ./Core/Src/main.o
LOAD ./Core/Src/picture.o
LOAD ./Core/Src/software_timer.o
LOAD ./Core/Src/spi.o
LOAD ./Core/Src/stm32f4xx_hal_msp.o
LOAD ./Core/Src/stm32f4xx_it.o
LOAD ./Core/Src/syscalls.o
LOAD ./Core/Src/sysmem.o
LOAD ./Core/Src/system_stm32f4xx.o
LOAD ./Core/Src/tim.o
LOAD ./Core/Src/uart.o
LOAD ./Core/Src/usart.o
LOAD ./Core/Src/utils.o
LOAD ./Core/Startup/startup_stm32f407zetx.o
LOAD ./Drivers/STM32F4xx_HAL_Driver/Src/stm32f4xx_hal.o
LOAD ./Drivers/STM32F4xx_HAL_Driver/Src/stm32f4xx_hal_cortex.o
LOAD ./Drivers/STM32F4xx_HAL_Driver/Src/stm32f4xx_hal_dma.o
LOAD ./Drivers/STM32F4xx_HAL_Driver/Src/stm32f4xx_hal_dma_ex.o
LOAD ./Drivers/STM32F4xx_HAL_Driver/Src/stm32f4xx_hal_exti.o
LOAD ./Drivers/STM32F4xx_HAL_Driver/Src/stm32f4xx_hal_flash.o
LOAD ./Drivers/STM32F4xx_HAL_Driver/Src/stm32f4xx_hal_flash_ex.o
LOAD ./Drivers/STM32F4xx_HAL_Driver/Src/stm32f4xx_hal_flash_ramfunc.o
LOAD ./Drivers/STM32F4xx_HAL_Driver/Src/stm32f4xx_hal_gpio.o
LOAD ./Drivers/STM32F4xx_HAL_Driver/Src/stm32f4xx_hal_i2c.o
LOAD ./Drivers/STM32F4xx_HAL_Driver/Src/stm32f4xx_hal_i2c_ex.o
LOAD ./Drivers/STM32F4xx_HAL_Driver/Src/stm32f4xx_hal_pwr.o
LOAD ./Drivers/STM32F4xx_HAL_Driver/Src/stm32f4xx_hal_pwr_ex.o
LOAD ./Drivers/STM32F4xx_HAL_Driver/Src/stm32f4xx_hal_rcc.o
LOAD ./Drivers/STM32F4xx_HAL_Driver/Src/stm32f4xx_hal_rcc_ex.o
LOAD ./Drivers/STM32F4xx_HAL_Driver/Src/stm32f4xx_hal_spi.o
LOAD ./Drivers/STM32F4xx_HAL_Driver/Src/stm32f4xx_hal_sram.o
LOAD ./Drivers/STM32F4xx_HAL_Driver/Src/stm32f4xx_hal_tim.o
LOAD ./Drivers/STM32F4xx_HAL_Driver/Src/stm32f4xx_hal_tim_ex.o
LOAD ./Drivers/STM32F4xx_HAL_Driver/Src/stm32f4xx_hal_uart.o
LOAD ./Drivers/STM32F4xx_HAL_Driver/Src/stm32f4xx_ll_fsmc.o
START GROUP
LOAD c:/st/stm32cubeide_1.7.0/stm32cubeide/plugins/com.st.stm32cube.ide.mcu.externaltools.gnu-tools-for-stm32.9-2020-q2-update.win32_2.0.0.202105311346/tools/bin/../lib/gcc/arm-none-eabi/9.3.1/../../../../arm-none-eabi/lib/thumb/v7e-m+fp/hard\libc_nano.a
LOAD c:/st/stm32cubeide_1.7.0/stm32cubeide/plugins/com.st.stm32cube.ide.mcu.externaltools.gnu-tools-for-stm32.9-2020-q2-update.win32_2.0.0.202105311346/tools/bin/../lib/gcc/arm-none-eabi/9.3.1/../../../../arm-none-eabi/lib/thumb/v7e-m+fp/hard\libm.a
END GROUP
START GROUP
LOAD c:/st/stm32cubeide_1.7.0/stm32cubeide/plugins/com.st.stm32cube.ide.mcu.externaltools.gnu-tools-for-stm32.9-2020-q2-update.win32_2.0.0.202105311346/tools/bin/../lib/gcc/arm-none-eabi/9.3.1/thumb/v7e-m+fp/hard\libgcc.a
LOAD c:/st/stm32cubeide_1.7.0/stm32cubeide/plugins/com.st.stm32cube.ide.mcu.externaltools.gnu-tools-for-stm32.9-2020-q2-update.win32_2.0.0.202105311346/tools/bin/../lib/gcc/arm-none-eabi/9.3.1/../../../../arm-none-eabi/lib/thumb/v7e-m+fp/hard\libc_nano.a
END GROUP
START GROUP
LOAD c:/st/stm32cubeide_1.7.0/stm32cubeide/plugins/com.st.stm32cube.ide.mcu.externaltools.gnu-tools-for-stm32.9-2020-q2-update.win32_2.0.0.202105311346/tools/bin/../lib/gcc/arm-none-eabi/9.3.1/thumb/v7e-m+fp/hard\libgcc.a
LOAD c:/st/stm32cubeide_1.7.0/stm32cubeide/plugins/com.st.stm32cube.ide.mcu.externaltools.gnu-tools-for-stm32.9-2020-q2-update.win32_2.0.0.202105311346/tools/bin/../lib/gcc/arm-none-eabi/9.3.1/../../../../arm-none-eabi/lib/thumb/v7e-m+fp/hard\libc_nano.a
LOAD c:/st/stm32cubeide_1.7.0/stm32cubeide/plugins/com.st.stm32cube.ide.mcu.externaltools.gnu-tools-for-stm32.9-2020-q2-update.win32_2.0.0.202105311346/tools/bin/../lib/gcc/arm-none-eabi/9.3.1/../../../../arm-none-eabi/lib/thumb/v7e-m+fp/hard\libnosys.a
END GROUP
START GROUP
LOAD c:/st/stm32cubeide_1.7.0/stm32cubeide/plugins/com.st.stm32cube.ide.mcu.externaltools.gnu-tools-for-stm32.9-2020-q2-update.win32_2.0.0.202105311346/tools/bin/../lib/gcc/arm-none-eabi/9.3.1/thumb/v7e-m+fp/hard\libgcc.a
LOAD c:/st/stm32cubeide_1.7.0/stm32cubeide/plugins/com.st.stm32cube.ide.mcu.externaltools.gnu-tools-for-stm32.9-2020-q2-update.win32_2.0.0.202105311346/tools/bin/../lib/gcc/arm-none-eabi/9.3.1/../../../../arm-none-eabi/lib/thumb/v7e-m+fp/hard\libc_nano.a
LOAD c:/st/stm32cubeide_1.7.0/stm32cubeide/plugins/com.st.stm32cube.ide.mcu.externaltools.gnu-tools-for-stm32.9-2020-q2-update.win32_2.0.0.202105311346/tools/bin/../lib/gcc/arm-none-eabi/9.3.1/../../../../arm-none-eabi/lib/thumb/v7e-m+fp/hard\libnosys.a
END GROUP
LOAD c:/st/stm32cubeide_1.7.0/stm32cubeide/plugins/com.st.stm32cube.ide.mcu.externaltools.gnu-tools-for-stm32.9-2020-q2-update.win32_2.0.0.202105311346/tools/bin/../lib/gcc/arm-none-eabi/9.3.1/thumb/v7e-m+fp/hard/crtend.o
LOAD c:/st/stm32cubeide_1.7.0/stm32cubeide/plugins/com.st.stm32cube.ide.mcu.externaltools.gnu-tools-for-stm32.9-2020-q2-update.win32_2.0.0.202105311346/tools/bin/../lib/gcc/arm-none-eabi/9.3.1/thumb/v7e-m+fp/hard/crtn.o
                0x0000000020020000                _estack = (ORIGIN (RAM) + LENGTH (RAM))
                0x0000000000000200                _Min_Heap_Size = 0x200
                0x0000000000000400                _Min_Stack_Size = 0x400

.isr_vector     0x0000000008000000      0x188
                0x0000000008000000                . = ALIGN (0x4)
 *(.isr_vector)
 .isr_vector    0x0000000008000000      0x188 ./Core/Startup/startup_stm32f407zetx.o
                0x0000000008000000                g_pfnVectors
                0x0000000008000188                . = ALIGN (0x4)

.text           0x0000000008000188     0x719c
                0x0000000008000188                . = ALIGN (0x4)
 *(.text)
 .text          0x0000000008000188       0x40 c:/st/stm32cubeide_1.7.0/stm32cubeide/plugins/com.st.stm32cube.ide.mcu.externaltools.gnu-tools-for-stm32.9-2020-q2-update.win32_2.0.0.202105311346/tools/bin/../lib/gcc/arm-none-eabi/9.3.1/thumb/v7e-m+fp/hard/crtbegin.o
 .text          0x00000000080001c8       0x10 c:/st/stm32cubeide_1.7.0/stm32cubeide/plugins/com.st.stm32cube.ide.mcu.externaltools.gnu-tools-for-stm32.9-2020-q2-update.win32_2.0.0.202105311346/tools/bin/../lib/gcc/arm-none-eabi/9.3.1/../../../../arm-none-eabi/lib/thumb/v7e-m+fp/hard\libc_nano.a(lib_a-strlen.o)
                0x00000000080001c8                strlen
 .text          0x00000000080001d8       0x30 c:/st/stm32cubeide_1.7.0/stm32cubeide/plugins/com.st.stm32cube.ide.mcu.externaltools.gnu-tools-for-stm32.9-2020-q2-update.win32_2.0.0.202105311346/tools/bin/../lib/gcc/arm-none-eabi/9.3.1/thumb/v7e-m+fp/hard\libgcc.a(_aeabi_uldivmod.o)
                0x00000000080001d8                __aeabi_uldivmod
 .text          0x0000000008000208      0x2c4 c:/st/stm32cubeide_1.7.0/stm32cubeide/plugins/com.st.stm32cube.ide.mcu.externaltools.gnu-tools-for-stm32.9-2020-q2-update.win32_2.0.0.202105311346/tools/bin/../lib/gcc/arm-none-eabi/9.3.1/thumb/v7e-m+fp/hard\libgcc.a(_udivmoddi4.o)
                0x0000000008000208                __udivmoddi4
 .text          0x00000000080004cc        0x4 c:/st/stm32cubeide_1.7.0/stm32cubeide/plugins/com.st.stm32cube.ide.mcu.externaltools.gnu-tools-for-stm32.9-2020-q2-update.win32_2.0.0.202105311346/tools/bin/../lib/gcc/arm-none-eabi/9.3.1/thumb/v7e-m+fp/hard\libgcc.a(_dvmd_tls.o)
                0x00000000080004cc                __aeabi_idiv0
                0x00000000080004cc                __aeabi_ldiv0
 *(.text*)
 .text.button_init
                0x00000000080004d0       0x18 ./Core/Src/button.o
                0x00000000080004d0                button_init
 .text.button_Scan
                0x00000000080004e8       0xd8 ./Core/Src/button.o
                0x00000000080004e8                button_Scan
 .text.ds3231_init
                0x00000000080005c0       0x88 ./Core/Src/ds3231.o
                0x00000000080005c0                ds3231_init
 .text.ds3231_Write
                0x0000000008000648       0x44 ./Core/Src/ds3231.o
                0x0000000008000648                ds3231_Write
 .text.ds3231_ReadTime
                0x000000000800068c       0xc8 ./Core/Src/ds3231.o
                0x000000000800068c                ds3231_ReadTime
 .text.MX_FSMC_Init
                0x0000000008000754       0xf4 ./Core/Src/fsmc.o
                0x0000000008000754                MX_FSMC_Init
 .text.HAL_FSMC_MspInit
                0x0000000008000848       0x98 ./Core/Src/fsmc.o
 .text.HAL_SRAM_MspInit
                0x00000000080008e0       0x14 ./Core/Src/fsmc.o
                0x00000000080008e0                HAL_SRAM_MspInit
 .text.MX_GPIO_Init
                0x00000000080008f4      0x1f0 ./Core/Src/gpio.o
                0x00000000080008f4                MX_GPIO_Init
 .text.MX_I2C1_Init
                0x0000000008000ae4       0x5c ./Core/Src/i2c.o
                0x0000000008000ae4                MX_I2C1_Init
 .text.HAL_I2C_MspInit
                0x0000000008000b40       0x90 ./Core/Src/i2c.o
                0x0000000008000b40                HAL_I2C_MspInit
 .text.LCD_WR_REG
                0x0000000008000bd0       0x20 ./Core/Src/lcd.o
                0x0000000008000bd0                LCD_WR_REG
 .text.LCD_WR_DATA
                0x0000000008000bf0       0x20 ./Core/Src/lcd.o
                0x0000000008000bf0                LCD_WR_DATA
 .text.LCD_RD_DATA
                0x0000000008000c10       0x24 ./Core/Src/lcd.o
                0x0000000008000c10                LCD_RD_DATA
 .text.lcd_AddressSet
                0x0000000008000c34       0x98 ./Core/Src/lcd.o
                0x0000000008000c34                lcd_AddressSet
 .text.lcd_Clear
                0x0000000008000ccc       0x74 ./Core/Src/lcd.o
                0x0000000008000ccc                lcd_Clear
 .text.lcd_Fill
                0x0000000008000d40       0x6c ./Core/Src/lcd.o
                0x0000000008000d40                lcd_Fill
 .text.lcd_DrawPoint
                0x0000000008000dac       0x2e ./Core/Src/lcd.o
                0x0000000008000dac                lcd_DrawPoint
 *fill*         0x0000000008000dda        0x2 
 .text.lcd_ShowChar
                0x0000000008000ddc      0x1a0 ./Core/Src/lcd.o
                0x0000000008000ddc                lcd_ShowChar
 .text.mypow    0x0000000008000f7c       0x38 ./Core/Src/lcd.o
                0x0000000008000f7c                mypow
 .text.lcd_ShowIntNum
                0x0000000008000fb4       0xfc ./Core/Src/lcd.o
                0x0000000008000fb4                lcd_ShowIntNum
 .text.lcd_SetDir
                0x00000000080010b0       0x48 ./Core/Src/lcd.o
                0x00000000080010b0                lcd_SetDir
 .text.lcd_init
                0x00000000080010f8      0x2c0 ./Core/Src/lcd.o
                0x00000000080010f8                lcd_init
 .text.lcd_ShowStr
                0x00000000080013b8       0xc8 ./Core/Src/lcd.o
                0x00000000080013b8                lcd_ShowStr
 .text.lcd_StrCenter
                0x0000000008001480       0x64 ./Core/Src/lcd.o
                0x0000000008001480                lcd_StrCenter
 .text.led7_init
                0x00000000080014e4       0x18 ./Core/Src/led_7seg.o
                0x00000000080014e4                led7_init
 .text.led7_Scan
                0x00000000080014fc      0x118 ./Core/Src/led_7seg.o
                0x00000000080014fc                led7_Scan
 .text.main     0x0000000008001614      0x19c ./Core/Src/main.o
                0x0000000008001614                main
 .text.SystemClock_Config
                0x00000000080017b0       0xd4 ./Core/Src/main.o
                0x00000000080017b0                SystemClock_Config
 .text.system_init
                0x0000000008001884       0x54 ./Core/Src/main.o
                0x0000000008001884                system_init
 .text.updateTime
                0x00000000080018d8       0x40 ./Core/Src/main.o
                0x00000000080018d8                updateTime
 .text.buttonBai5
                0x0000000008001918       0x44 ./Core/Src/main.o
                0x0000000008001918                buttonBai5
 .text.isButtonUp
                0x000000000800195c       0x20 ./Core/Src/main.o
                0x000000000800195c                isButtonUp
 .text.isButtonDown
                0x000000000800197c       0x20 ./Core/Src/main.o
                0x000000000800197c                isButtonDown
 .text.displayTime
                0x000000000800199c       0xfc ./Core/Src/main.o
                0x000000000800199c                displayTime
 .text.adjustTime
                0x0000000008001a98      0x2bc ./Core/Src/main.o
                0x0000000008001a98                adjustTime
 .text.setAlarm
                0x0000000008001d54      0x100 ./Core/Src/main.o
                0x0000000008001d54                setAlarm
 .text.checkAlarm
                0x0000000008001e54       0x84 ./Core/Src/main.o
                0x0000000008001e54                checkAlarm
 .text.resendRequest
                0x0000000008001ed8       0x5c ./Core/Src/main.o
                0x0000000008001ed8                resendRequest
 .text.adjustTimeRS232
                0x0000000008001f34      0x2a4 ./Core/Src/main.o
                0x0000000008001f34                adjustTimeRS232
 .text.ProcessRingBufferData
                0x00000000080021d8      0x228 ./Core/Src/main.o
                0x00000000080021d8                ProcessRingBufferData
 .text.Error_Handler
                0x0000000008002400        0xa ./Core/Src/main.o
                0x0000000008002400                Error_Handler
 *fill*         0x000000000800240a        0x2 
 .text.timer_init
                0x000000000800240c       0x14 ./Core/Src/software_timer.o
                0x000000000800240c                timer_init
 .text.setTimer2
                0x0000000008002420       0x38 ./Core/Src/software_timer.o
                0x0000000008002420                setTimer2
 .text.HAL_TIM_PeriodElapsedCallback
                0x0000000008002458       0x54 ./Core/Src/software_timer.o
                0x0000000008002458                HAL_TIM_PeriodElapsedCallback
 .text.MX_SPI1_Init
                0x00000000080024ac       0x6c ./Core/Src/spi.o
                0x00000000080024ac                MX_SPI1_Init
 .text.HAL_SPI_MspInit
                0x0000000008002518       0x90 ./Core/Src/spi.o
                0x0000000008002518                HAL_SPI_MspInit
 .text.HAL_MspInit
                0x00000000080025a8       0x50 ./Core/Src/stm32f4xx_hal_msp.o
                0x00000000080025a8                HAL_MspInit
 .text.NMI_Handler
                0x00000000080025f8        0x6 ./Core/Src/stm32f4xx_it.o
                0x00000000080025f8                NMI_Handler
 .text.HardFault_Handler
                0x00000000080025fe        0x6 ./Core/Src/stm32f4xx_it.o
                0x00000000080025fe                HardFault_Handler
 .text.MemManage_Handler
                0x0000000008002604        0x6 ./Core/Src/stm32f4xx_it.o
                0x0000000008002604                MemManage_Handler
 .text.BusFault_Handler
                0x000000000800260a        0x6 ./Core/Src/stm32f4xx_it.o
                0x000000000800260a                BusFault_Handler
 .text.UsageFault_Handler
                0x0000000008002610        0x6 ./Core/Src/stm32f4xx_it.o
                0x0000000008002610                UsageFault_Handler
 .text.SVC_Handler
                0x0000000008002616        0xe ./Core/Src/stm32f4xx_it.o
                0x0000000008002616                SVC_Handler
 .text.DebugMon_Handler
                0x0000000008002624        0xe ./Core/Src/stm32f4xx_it.o
                0x0000000008002624                DebugMon_Handler
 .text.PendSV_Handler
                0x0000000008002632        0xe ./Core/Src/stm32f4xx_it.o
                0x0000000008002632                PendSV_Handler
 .text.SysTick_Handler
                0x0000000008002640        0xc ./Core/Src/stm32f4xx_it.o
                0x0000000008002640                SysTick_Handler
 .text.TIM2_IRQHandler
                0x000000000800264c       0x14 ./Core/Src/stm32f4xx_it.o
                0x000000000800264c                TIM2_IRQHandler
 .text.USART1_IRQHandler
                0x0000000008002660       0x14 ./Core/Src/stm32f4xx_it.o
                0x0000000008002660                USART1_IRQHandler
 .text.SystemInit
                0x0000000008002674       0x24 ./Core/Src/system_stm32f4xx.o
                0x0000000008002674                SystemInit
 .text.MX_TIM2_Init
                0x0000000008002698       0x98 ./Core/Src/tim.o
                0x0000000008002698                MX_TIM2_Init
 .text.HAL_TIM_Base_MspInit
                0x0000000008002730       0x4c ./Core/Src/tim.o
                0x0000000008002730                HAL_TIM_Base_MspInit
 .text.uart_init_rs232
                0x000000000800277c       0x1c ./Core/Src/uart.o
                0x000000000800277c                uart_init_rs232
 .text.HAL_UART_RxCpltCallback
                0x0000000008002798       0xa8 ./Core/Src/uart.o
                0x0000000008002798                HAL_UART_RxCpltCallback
 .text.MX_USART1_UART_Init
                0x0000000008002840       0x54 ./Core/Src/usart.o
                0x0000000008002840                MX_USART1_UART_Init
 .text.HAL_UART_MspInit
                0x0000000008002894       0xa0 ./Core/Src/usart.o
                0x0000000008002894                HAL_UART_MspInit
 .text.BCD2DEC  0x0000000008002934       0x32 ./Core/Src/utils.o
                0x0000000008002934                BCD2DEC
 *fill*         0x0000000008002966        0x2 
 .text.DEC2BCD  0x0000000008002968       0x48 ./Core/Src/utils.o
                0x0000000008002968                DEC2BCD
 .text.Reset_Handler
                0x00000000080029b0       0x50 ./Core/Startup/startup_stm32f407zetx.o
                0x00000000080029b0                Reset_Handler
 .text.Default_Handler
                0x0000000008002a00        0x2 ./Core/Startup/startup_stm32f407zetx.o
                0x0000000008002a00                RTC_Alarm_IRQHandler
                0x0000000008002a00                HASH_RNG_IRQHandler
                0x0000000008002a00                EXTI2_IRQHandler
                0x0000000008002a00                TIM8_CC_IRQHandler
                0x0000000008002a00                TIM1_CC_IRQHandler
                0x0000000008002a00                DMA2_Stream5_IRQHandler
                0x0000000008002a00                DMA1_Stream5_IRQHandler
                0x0000000008002a00                PVD_IRQHandler
                0x0000000008002a00                SDIO_IRQHandler
                0x0000000008002a00                TAMP_STAMP_IRQHandler
                0x0000000008002a00                CAN2_RX1_IRQHandler
                0x0000000008002a00                EXTI3_IRQHandler
                0x0000000008002a00                TIM8_TRG_COM_TIM14_IRQHandler
                0x0000000008002a00                TIM1_UP_TIM10_IRQHandler
                0x0000000008002a00                TIM8_UP_TIM13_IRQHandler
                0x0000000008002a00                I2C3_ER_IRQHandler
                0x0000000008002a00                EXTI0_IRQHandler
                0x0000000008002a00                I2C2_EV_IRQHandler
                0x0000000008002a00                DMA1_Stream2_IRQHandler
                0x0000000008002a00                CAN1_RX0_IRQHandler
                0x0000000008002a00                FPU_IRQHandler
                0x0000000008002a00                OTG_HS_WKUP_IRQHandler
                0x0000000008002a00                CAN2_SCE_IRQHandler
                0x0000000008002a00                DMA2_Stream2_IRQHandler
                0x0000000008002a00                SPI1_IRQHandler
                0x0000000008002a00                TIM6_DAC_IRQHandler
                0x0000000008002a00                TIM1_BRK_TIM9_IRQHandler
                0x0000000008002a00                DCMI_IRQHandler
                0x0000000008002a00                CAN2_RX0_IRQHandler
                0x0000000008002a00                DMA2_Stream3_IRQHandler
                0x0000000008002a00                USART6_IRQHandler
                0x0000000008002a00                USART3_IRQHandler
                0x0000000008002a00                CAN1_RX1_IRQHandler
                0x0000000008002a00                UART5_IRQHandler
                0x0000000008002a00                DMA2_Stream0_IRQHandler
                0x0000000008002a00                TIM4_IRQHandler
                0x0000000008002a00                I2C1_EV_IRQHandler
                0x0000000008002a00                DMA1_Stream6_IRQHandler
                0x0000000008002a00                DMA1_Stream1_IRQHandler
                0x0000000008002a00                UART4_IRQHandler
                0x0000000008002a00                TIM3_IRQHandler
                0x0000000008002a00                RCC_IRQHandler
                0x0000000008002a00                TIM8_BRK_TIM12_IRQHandler
                0x0000000008002a00                Default_Handler
                0x0000000008002a00                EXTI15_10_IRQHandler
                0x0000000008002a00                ADC_IRQHandler
                0x0000000008002a00                DMA1_Stream7_IRQHandler
                0x0000000008002a00                TIM7_IRQHandler
                0x0000000008002a00                CAN2_TX_IRQHandler
                0x0000000008002a00                TIM5_IRQHandler
                0x0000000008002a00                DMA2_Stream7_IRQHandler
                0x0000000008002a00                I2C3_EV_IRQHandler
                0x0000000008002a00                EXTI9_5_IRQHandler
                0x0000000008002a00                RTC_WKUP_IRQHandler
                0x0000000008002a00                ETH_WKUP_IRQHandler
                0x0000000008002a00                SPI2_IRQHandler
                0x0000000008002a00                OTG_HS_EP1_IN_IRQHandler
                0x0000000008002a00                DMA1_Stream0_IRQHandler
                0x0000000008002a00                CAN1_TX_IRQHandler
                0x0000000008002a00                EXTI4_IRQHandler
                0x0000000008002a00                FSMC_IRQHandler
                0x0000000008002a00                ETH_IRQHandler
                0x0000000008002a00                OTG_HS_EP1_OUT_IRQHandler
                0x0000000008002a00                WWDG_IRQHandler
                0x0000000008002a00                OTG_FS_WKUP_IRQHandler
                0x0000000008002a00                TIM1_TRG_COM_TIM11_IRQHandler
                0x0000000008002a00                OTG_HS_IRQHandler
                0x0000000008002a00                EXTI1_IRQHandler
                0x0000000008002a00                USART2_IRQHandler
                0x0000000008002a00                I2C2_ER_IRQHandler
                0x0000000008002a00                DMA2_Stream1_IRQHandler
                0x0000000008002a00                CAN1_SCE_IRQHandler
                0x0000000008002a00                FLASH_IRQHandler
                0x0000000008002a00                DMA2_Stream4_IRQHandler
                0x0000000008002a00                OTG_FS_IRQHandler
                0x0000000008002a00                SPI3_IRQHandler
                0x0000000008002a00                DMA1_Stream4_IRQHandler
                0x0000000008002a00                I2C1_ER_IRQHandler
                0x0000000008002a00                DMA2_Stream6_IRQHandler
                0x0000000008002a00                DMA1_Stream3_IRQHandler
 *fill*         0x0000000008002a02        0x2 
 .text.HAL_Init
                0x0000000008002a04       0x44 ./Drivers/STM32F4xx_HAL_Driver/Src/stm32f4xx_hal.o
                0x0000000008002a04                HAL_Init
 .text.HAL_InitTick
                0x0000000008002a48       0x60 ./Drivers/STM32F4xx_HAL_Driver/Src/stm32f4xx_hal.o
                0x0000000008002a48                HAL_InitTick
 .text.HAL_IncTick
                0x0000000008002aa8       0x28 ./Drivers/STM32F4xx_HAL_Driver/Src/stm32f4xx_hal.o
                0x0000000008002aa8                HAL_IncTick
 .text.HAL_GetTick
                0x0000000008002ad0       0x18 ./Drivers/STM32F4xx_HAL_Driver/Src/stm32f4xx_hal.o
                0x0000000008002ad0                HAL_GetTick
 .text.HAL_Delay
                0x0000000008002ae8       0x48 ./Drivers/STM32F4xx_HAL_Driver/Src/stm32f4xx_hal.o
                0x0000000008002ae8                HAL_Delay
 .text.__NVIC_SetPriorityGrouping
                0x0000000008002b30       0x48 ./Drivers/STM32F4xx_HAL_Driver/Src/stm32f4xx_hal_cortex.o
 .text.__NVIC_GetPriorityGrouping
                0x0000000008002b78       0x1c ./Drivers/STM32F4xx_HAL_Driver/Src/stm32f4xx_hal_cortex.o
 .text.__NVIC_EnableIRQ
                0x0000000008002b94       0x3c ./Drivers/STM32F4xx_HAL_Driver/Src/stm32f4xx_hal_cortex.o
 .text.__NVIC_SetPriority
                0x0000000008002bd0       0x54 ./Drivers/STM32F4xx_HAL_Driver/Src/stm32f4xx_hal_cortex.o
 .text.NVIC_EncodePriority
                0x0000000008002c24       0x66 ./Drivers/STM32F4xx_HAL_Driver/Src/stm32f4xx_hal_cortex.o
 *fill*         0x0000000008002c8a        0x2 
 .text.SysTick_Config
                0x0000000008002c8c       0x44 ./Drivers/STM32F4xx_HAL_Driver/Src/stm32f4xx_hal_cortex.o
 .text.HAL_NVIC_SetPriorityGrouping
                0x0000000008002cd0       0x16 ./Drivers/STM32F4xx_HAL_Driver/Src/stm32f4xx_hal_cortex.o
                0x0000000008002cd0                HAL_NVIC_SetPriorityGrouping
 .text.HAL_NVIC_SetPriority
                0x0000000008002ce6       0x38 ./Drivers/STM32F4xx_HAL_Driver/Src/stm32f4xx_hal_cortex.o
                0x0000000008002ce6                HAL_NVIC_SetPriority
 .text.HAL_NVIC_EnableIRQ
                0x0000000008002d1e       0x1c ./Drivers/STM32F4xx_HAL_Driver/Src/stm32f4xx_hal_cortex.o
                0x0000000008002d1e                HAL_NVIC_EnableIRQ
 .text.HAL_SYSTICK_Config
                0x0000000008002d3a       0x18 ./Drivers/STM32F4xx_HAL_Driver/Src/stm32f4xx_hal_cortex.o
                0x0000000008002d3a                HAL_SYSTICK_Config
 .text.HAL_DMA_Abort
                0x0000000008002d52       0xe0 ./Drivers/STM32F4xx_HAL_Driver/Src/stm32f4xx_hal_dma.o
                0x0000000008002d52                HAL_DMA_Abort
 .text.HAL_DMA_Abort_IT
                0x0000000008002e32       0x44 ./Drivers/STM32F4xx_HAL_Driver/Src/stm32f4xx_hal_dma.o
                0x0000000008002e32                HAL_DMA_Abort_IT
 *fill*         0x0000000008002e76        0x2 
 .text.HAL_GPIO_Init
                0x0000000008002e78      0x338 ./Drivers/STM32F4xx_HAL_Driver/Src/stm32f4xx_hal_gpio.o
                0x0000000008002e78                HAL_GPIO_Init
 .text.HAL_GPIO_WritePin
                0x00000000080031b0       0x32 ./Drivers/STM32F4xx_HAL_Driver/Src/stm32f4xx_hal_gpio.o
                0x00000000080031b0                HAL_GPIO_WritePin
 *fill*         0x00000000080031e2        0x2 
 .text.HAL_I2C_Init
                0x00000000080031e4      0x288 ./Drivers/STM32F4xx_HAL_Driver/Src/stm32f4xx_hal_i2c.o
                0x00000000080031e4                HAL_I2C_Init
 .text.HAL_I2C_Mem_Write
                0x000000000800346c      0x1f4 ./Drivers/STM32F4xx_HAL_Driver/Src/stm32f4xx_hal_i2c.o
                0x000000000800346c                HAL_I2C_Mem_Write
 .text.HAL_I2C_Mem_Read
                0x0000000008003660      0x44c ./Drivers/STM32F4xx_HAL_Driver/Src/stm32f4xx_hal_i2c.o
                0x0000000008003660                HAL_I2C_Mem_Read
 .text.HAL_I2C_IsDeviceReady
                0x0000000008003aac      0x25c ./Drivers/STM32F4xx_HAL_Driver/Src/stm32f4xx_hal_i2c.o
                0x0000000008003aac                HAL_I2C_IsDeviceReady
 .text.I2C_RequestMemoryWrite
                0x0000000008003d08      0x12c ./Drivers/STM32F4xx_HAL_Driver/Src/stm32f4xx_hal_i2c.o
 .text.I2C_RequestMemoryRead
                0x0000000008003e34      0x1d0 ./Drivers/STM32F4xx_HAL_Driver/Src/stm32f4xx_hal_i2c.o
 .text.I2C_WaitOnFlagUntilTimeout
                0x0000000008004004       0xae ./Drivers/STM32F4xx_HAL_Driver/Src/stm32f4xx_hal_i2c.o
 .text.I2C_WaitOnMasterAddressFlagUntilTimeout
                0x00000000080040b2       0xfe ./Drivers/STM32F4xx_HAL_Driver/Src/stm32f4xx_hal_i2c.o
 .text.I2C_WaitOnTXEFlagUntilTimeout
                0x00000000080041b0       0x82 ./Drivers/STM32F4xx_HAL_Driver/Src/stm32f4xx_hal_i2c.o
 .text.I2C_WaitOnBTFFlagUntilTimeout
                0x0000000008004232       0x82 ./Drivers/STM32F4xx_HAL_Driver/Src/stm32f4xx_hal_i2c.o
 .text.I2C_WaitOnRXNEFlagUntilTimeout
                0x00000000080042b4       0xac ./Drivers/STM32F4xx_HAL_Driver/Src/stm32f4xx_hal_i2c.o
 .text.I2C_IsAcknowledgeFailed
                0x0000000008004360       0x5e ./Drivers/STM32F4xx_HAL_Driver/Src/stm32f4xx_hal_i2c.o
 *fill*         0x00000000080043be        0x2 
 .text.HAL_RCC_OscConfig
                0x00000000080043c0      0x4f0 ./Drivers/STM32F4xx_HAL_Driver/Src/stm32f4xx_hal_rcc.o
                0x00000000080043c0                HAL_RCC_OscConfig
 .text.HAL_RCC_ClockConfig
                0x00000000080048b0      0x1cc ./Drivers/STM32F4xx_HAL_Driver/Src/stm32f4xx_hal_rcc.o
                0x00000000080048b0                HAL_RCC_ClockConfig
 .text.HAL_RCC_GetSysClockFreq
                0x0000000008004a7c      0x1c4 ./Drivers/STM32F4xx_HAL_Driver/Src/stm32f4xx_hal_rcc.o
                0x0000000008004a7c                HAL_RCC_GetSysClockFreq
 .text.HAL_RCC_GetHCLKFreq
                0x0000000008004c40       0x18 ./Drivers/STM32F4xx_HAL_Driver/Src/stm32f4xx_hal_rcc.o
                0x0000000008004c40                HAL_RCC_GetHCLKFreq
 .text.HAL_RCC_GetPCLK1Freq
                0x0000000008004c58       0x28 ./Drivers/STM32F4xx_HAL_Driver/Src/stm32f4xx_hal_rcc.o
                0x0000000008004c58                HAL_RCC_GetPCLK1Freq
 .text.HAL_RCC_GetPCLK2Freq
                0x0000000008004c80       0x28 ./Drivers/STM32F4xx_HAL_Driver/Src/stm32f4xx_hal_rcc.o
                0x0000000008004c80                HAL_RCC_GetPCLK2Freq
 .text.HAL_SPI_Init
                0x0000000008004ca8      0x112 ./Drivers/STM32F4xx_HAL_Driver/Src/stm32f4xx_hal_spi.o
                0x0000000008004ca8                HAL_SPI_Init
 .text.HAL_SPI_Transmit
                0x0000000008004dba      0x278 ./Drivers/STM32F4xx_HAL_Driver/Src/stm32f4xx_hal_spi.o
                0x0000000008004dba                HAL_SPI_Transmit
 .text.HAL_SPI_Receive
                0x0000000008005032      0x222 ./Drivers/STM32F4xx_HAL_Driver/Src/stm32f4xx_hal_spi.o
                0x0000000008005032                HAL_SPI_Receive
 .text.HAL_SPI_TransmitReceive
                0x0000000008005254      0x344 ./Drivers/STM32F4xx_HAL_Driver/Src/stm32f4xx_hal_spi.o
                0x0000000008005254                HAL_SPI_TransmitReceive
 .text.SPI_WaitFlagStateUntilTimeout
                0x0000000008005598      0x110 ./Drivers/STM32F4xx_HAL_Driver/Src/stm32f4xx_hal_spi.o
 .text.SPI_EndRxTransaction
                0x00000000080056a8       0xca ./Drivers/STM32F4xx_HAL_Driver/Src/stm32f4xx_hal_spi.o
 *fill*         0x0000000008005772        0x2 
 .text.SPI_EndRxTxTransaction
                0x0000000008005774       0x84 ./Drivers/STM32F4xx_HAL_Driver/Src/stm32f4xx_hal_spi.o
 .text.HAL_SRAM_Init
                0x00000000080057f8       0x88 ./Drivers/STM32F4xx_HAL_Driver/Src/stm32f4xx_hal_sram.o
                0x00000000080057f8                HAL_SRAM_Init
 .text.HAL_TIM_Base_Init
                0x0000000008005880       0x9e ./Drivers/STM32F4xx_HAL_Driver/Src/stm32f4xx_hal_tim.o
                0x0000000008005880                HAL_TIM_Base_Init
 *fill*         0x000000000800591e        0x2 
 .text.HAL_TIM_Base_Start_IT
                0x0000000008005920       0xe0 ./Drivers/STM32F4xx_HAL_Driver/Src/stm32f4xx_hal_tim.o
                0x0000000008005920                HAL_TIM_Base_Start_IT
 .text.HAL_TIM_IRQHandler
                0x0000000008005a00      0x210 ./Drivers/STM32F4xx_HAL_Driver/Src/stm32f4xx_hal_tim.o
                0x0000000008005a00                HAL_TIM_IRQHandler
 .text.HAL_TIM_ConfigClockSource
                0x0000000008005c10      0x18e ./Drivers/STM32F4xx_HAL_Driver/Src/stm32f4xx_hal_tim.o
                0x0000000008005c10                HAL_TIM_ConfigClockSource
 .text.HAL_TIM_OC_DelayElapsedCallback
                0x0000000008005d9e       0x14 ./Drivers/STM32F4xx_HAL_Driver/Src/stm32f4xx_hal_tim.o
                0x0000000008005d9e                HAL_TIM_OC_DelayElapsedCallback
 .text.HAL_TIM_IC_CaptureCallback
                0x0000000008005db2       0x14 ./Drivers/STM32F4xx_HAL_Driver/Src/stm32f4xx_hal_tim.o
                0x0000000008005db2                HAL_TIM_IC_CaptureCallback
 .text.HAL_TIM_PWM_PulseFinishedCallback
                0x0000000008005dc6       0x14 ./Drivers/STM32F4xx_HAL_Driver/Src/stm32f4xx_hal_tim.o
                0x0000000008005dc6                HAL_TIM_PWM_PulseFinishedCallback
 .text.HAL_TIM_TriggerCallback
                0x0000000008005dda       0x14 ./Drivers/STM32F4xx_HAL_Driver/Src/stm32f4xx_hal_tim.o
                0x0000000008005dda                HAL_TIM_TriggerCallback
 *fill*         0x0000000008005dee        0x2 
 .text.TIM_Base_SetConfig
                0x0000000008005df0      0x140 ./Drivers/STM32F4xx_HAL_Driver/Src/stm32f4xx_hal_tim.o
                0x0000000008005df0                TIM_Base_SetConfig
 .text.TIM_TI1_ConfigInputStage
                0x0000000008005f30       0x5e ./Drivers/STM32F4xx_HAL_Driver/Src/stm32f4xx_hal_tim.o
 .text.TIM_TI2_ConfigInputStage
                0x0000000008005f8e       0x60 ./Drivers/STM32F4xx_HAL_Driver/Src/stm32f4xx_hal_tim.o
 .text.TIM_ITRx_SetConfig
                0x0000000008005fee       0x36 ./Drivers/STM32F4xx_HAL_Driver/Src/stm32f4xx_hal_tim.o
 .text.TIM_ETR_SetConfig
                0x0000000008006024       0x40 ./Drivers/STM32F4xx_HAL_Driver/Src/stm32f4xx_hal_tim.o
                0x0000000008006024                TIM_ETR_SetConfig
 .text.HAL_TIMEx_MasterConfigSynchronization
                0x0000000008006064       0xf8 ./Drivers/STM32F4xx_HAL_Driver/Src/stm32f4xx_hal_tim_ex.o
                0x0000000008006064                HAL_TIMEx_MasterConfigSynchronization
 .text.HAL_TIMEx_CommutCallback
                0x000000000800615c       0x14 ./Drivers/STM32F4xx_HAL_Driver/Src/stm32f4xx_hal_tim_ex.o
                0x000000000800615c                HAL_TIMEx_CommutCallback
 .text.HAL_TIMEx_BreakCallback
                0x0000000008006170       0x14 ./Drivers/STM32F4xx_HAL_Driver/Src/stm32f4xx_hal_tim_ex.o
                0x0000000008006170                HAL_TIMEx_BreakCallback
 .text.HAL_UART_Init
                0x0000000008006184       0x9a ./Drivers/STM32F4xx_HAL_Driver/Src/stm32f4xx_hal_uart.o
                0x0000000008006184                HAL_UART_Init
 .text.HAL_UART_Transmit
                0x000000000800621e      0x124 ./Drivers/STM32F4xx_HAL_Driver/Src/stm32f4xx_hal_uart.o
                0x000000000800621e                HAL_UART_Transmit
 .text.HAL_UART_Receive_IT
                0x0000000008006342       0x60 ./Drivers/STM32F4xx_HAL_Driver/Src/stm32f4xx_hal_uart.o
                0x0000000008006342                HAL_UART_Receive_IT
 *fill*         0x00000000080063a2        0x2 
 .text.HAL_UART_IRQHandler
                0x00000000080063a4      0x51c ./Drivers/STM32F4xx_HAL_Driver/Src/stm32f4xx_hal_uart.o
                0x00000000080063a4                HAL_UART_IRQHandler
 .text.HAL_UART_TxCpltCallback
                0x00000000080068c0       0x14 ./Drivers/STM32F4xx_HAL_Driver/Src/stm32f4xx_hal_uart.o
                0x00000000080068c0                HAL_UART_TxCpltCallback
 .text.HAL_UART_ErrorCallback
                0x00000000080068d4       0x14 ./Drivers/STM32F4xx_HAL_Driver/Src/stm32f4xx_hal_uart.o
                0x00000000080068d4                HAL_UART_ErrorCallback
 .text.HAL_UARTEx_RxEventCallback
                0x00000000080068e8       0x18 ./Drivers/STM32F4xx_HAL_Driver/Src/stm32f4xx_hal_uart.o
                0x00000000080068e8                HAL_UARTEx_RxEventCallback
 .text.UART_WaitOnFlagUntilTimeout
                0x0000000008006900       0xdc ./Drivers/STM32F4xx_HAL_Driver/Src/stm32f4xx_hal_uart.o
 .text.UART_Start_Receive_IT
                0x00000000080069dc       0x74 ./Drivers/STM32F4xx_HAL_Driver/Src/stm32f4xx_hal_uart.o
                0x00000000080069dc                UART_Start_Receive_IT
 .text.UART_EndRxTransfer
                0x0000000008006a50       0xc6 ./Drivers/STM32F4xx_HAL_Driver/Src/stm32f4xx_hal_uart.o
 .text.UART_DMAAbortOnError
                0x0000000008006b16       0x28 ./Drivers/STM32F4xx_HAL_Driver/Src/stm32f4xx_hal_uart.o
 .text.UART_Transmit_IT
                0x0000000008006b3e       0xa0 ./Drivers/STM32F4xx_HAL_Driver/Src/stm32f4xx_hal_uart.o
 .text.UART_EndTransmit_IT
                0x0000000008006bde       0x30 ./Drivers/STM32F4xx_HAL_Driver/Src/stm32f4xx_hal_uart.o
 .text.UART_Receive_IT
                0x0000000008006c0e      0x176 ./Drivers/STM32F4xx_HAL_Driver/Src/stm32f4xx_hal_uart.o
 .text.UART_SetConfig
                0x0000000008006d84      0x390 ./Drivers/STM32F4xx_HAL_Driver/Src/stm32f4xx_hal_uart.o
 .text.FSMC_NORSRAM_Init
                0x0000000008007114       0xa4 ./Drivers/STM32F4xx_HAL_Driver/Src/stm32f4xx_ll_fsmc.o
                0x0000000008007114                FSMC_NORSRAM_Init
 .text.FSMC_NORSRAM_Timing_Init
                0x00000000080071b8       0x7a ./Drivers/STM32F4xx_HAL_Driver/Src/stm32f4xx_ll_fsmc.o
                0x00000000080071b8                FSMC_NORSRAM_Timing_Init
 *fill*         0x0000000008007232        0x2 
 .text.FSMC_NORSRAM_Extended_Timing_Init
                0x0000000008007234       0x80 ./Drivers/STM32F4xx_HAL_Driver/Src/stm32f4xx_ll_fsmc.o
                0x0000000008007234                FSMC_NORSRAM_Extended_Timing_Init
 .text.__libc_init_array
                0x00000000080072b4       0x48 c:/st/stm32cubeide_1.7.0/stm32cubeide/plugins/com.st.stm32cube.ide.mcu.externaltools.gnu-tools-for-stm32.9-2020-q2-update.win32_2.0.0.202105311346/tools/bin/../lib/gcc/arm-none-eabi/9.3.1/../../../../arm-none-eabi/lib/thumb/v7e-m+fp/hard\libc_nano.a(lib_a-init.o)
                0x00000000080072b4                __libc_init_array
 .text.memset   0x00000000080072fc       0x10 c:/st/stm32cubeide_1.7.0/stm32cubeide/plugins/com.st.stm32cube.ide.mcu.externaltools.gnu-tools-for-stm32.9-2020-q2-update.win32_2.0.0.202105311346/tools/bin/../lib/gcc/arm-none-eabi/9.3.1/../../../../arm-none-eabi/lib/thumb/v7e-m+fp/hard\libc_nano.a(lib_a-memset.o)
                0x00000000080072fc                memset
 *(.glue_7)
 .glue_7        0x000000000800730c        0x0 linker stubs
 *(.glue_7t)
 .glue_7t       0x000000000800730c        0x0 linker stubs
 *(.eh_frame)
 .eh_frame      0x000000000800730c        0x0 c:/st/stm32cubeide_1.7.0/stm32cubeide/plugins/com.st.stm32cube.ide.mcu.externaltools.gnu-tools-for-stm32.9-2020-q2-update.win32_2.0.0.202105311346/tools/bin/../lib/gcc/arm-none-eabi/9.3.1/thumb/v7e-m+fp/hard/crtbegin.o
 *(.init)
 .init          0x000000000800730c        0x4 c:/st/stm32cubeide_1.7.0/stm32cubeide/plugins/com.st.stm32cube.ide.mcu.externaltools.gnu-tools-for-stm32.9-2020-q2-update.win32_2.0.0.202105311346/tools/bin/../lib/gcc/arm-none-eabi/9.3.1/thumb/v7e-m+fp/hard/crti.o
                0x000000000800730c                _init
 .init          0x0000000008007310        0x8 c:/st/stm32cubeide_1.7.0/stm32cubeide/plugins/com.st.stm32cube.ide.mcu.externaltools.gnu-tools-for-stm32.9-2020-q2-update.win32_2.0.0.202105311346/tools/bin/../lib/gcc/arm-none-eabi/9.3.1/thumb/v7e-m+fp/hard/crtn.o
 *(.fini)
 .fini          0x0000000008007318        0x4 c:/st/stm32cubeide_1.7.0/stm32cubeide/plugins/com.st.stm32cube.ide.mcu.externaltools.gnu-tools-for-stm32.9-2020-q2-update.win32_2.0.0.202105311346/tools/bin/../lib/gcc/arm-none-eabi/9.3.1/thumb/v7e-m+fp/hard/crti.o
                0x0000000008007318                _fini
 .fini          0x000000000800731c        0x8 c:/st/stm32cubeide_1.7.0/stm32cubeide/plugins/com.st.stm32cube.ide.mcu.externaltools.gnu-tools-for-stm32.9-2020-q2-update.win32_2.0.0.202105311346/tools/bin/../lib/gcc/arm-none-eabi/9.3.1/thumb/v7e-m+fp/hard/crtn.o
                0x0000000008007324                . = ALIGN (0x4)
                0x0000000008007324                _etext = .

.vfp11_veneer   0x0000000008007324        0x0
 .vfp11_veneer  0x0000000008007324        0x0 linker stubs

.v4_bx          0x0000000008007324        0x0
 .v4_bx         0x0000000008007324        0x0 linker stubs

.iplt           0x0000000008007324        0x0
 .iplt          0x0000000008007324        0x0 c:/st/stm32cubeide_1.7.0/stm32cubeide/plugins/com.st.stm32cube.ide.mcu.externaltools.gnu-tools-for-stm32.9-2020-q2-update.win32_2.0.0.202105311346/tools/bin/../lib/gcc/arm-none-eabi/9.3.1/thumb/v7e-m+fp/hard/crtbegin.o

.rodata         0x0000000008007324     0x3070
                0x0000000008007324                . = ALIGN (0x4)
 *(.rodata)
 .rodata        0x0000000008007324       0xd7 ./Core/Src/main.o
 *(.rodata*)
 *fill*         0x00000000080073fb        0x1 
 .rodata.ascii_1608
                0x00000000080073fc      0x5f0 ./Core/Src/lcd.o
                0x00000000080073fc                ascii_1608
 .rodata.ascii_2412
                0x00000000080079ec     0x11d0 ./Core/Src/lcd.o
                0x00000000080079ec                ascii_2412
 .rodata.ascii_3216
                0x0000000008008bbc     0x17c0 ./Core/Src/lcd.o
                0x0000000008008bbc                ascii_3216
 .rodata.AHBPrescTable
                0x000000000800a37c       0x10 ./Core/Src/system_stm32f4xx.o
                0x000000000800a37c                AHBPrescTable
 .rodata.APBPrescTable
                0x000000000800a38c        0x8 ./Core/Src/system_stm32f4xx.o
                0x000000000800a38c                APBPrescTable
                0x000000000800a394                . = ALIGN (0x4)

.ARM.extab      0x000000000800a394        0x0
                0x000000000800a394                . = ALIGN (0x4)
 *(.ARM.extab* .gnu.linkonce.armextab.*)
                0x000000000800a394                . = ALIGN (0x4)

.ARM            0x000000000800a394        0x8
                0x000000000800a394                . = ALIGN (0x4)
                0x000000000800a394                __exidx_start = .
 *(.ARM.exidx*)
 .ARM.exidx     0x000000000800a394        0x8 c:/st/stm32cubeide_1.7.0/stm32cubeide/plugins/com.st.stm32cube.ide.mcu.externaltools.gnu-tools-for-stm32.9-2020-q2-update.win32_2.0.0.202105311346/tools/bin/../lib/gcc/arm-none-eabi/9.3.1/thumb/v7e-m+fp/hard\libgcc.a(_udivmoddi4.o)
                0x000000000800a39c                __exidx_end = .
                0x000000000800a39c                . = ALIGN (0x4)

.rel.dyn        0x000000000800a39c        0x0
 .rel.iplt      0x000000000800a39c        0x0 c:/st/stm32cubeide_1.7.0/stm32cubeide/plugins/com.st.stm32cube.ide.mcu.externaltools.gnu-tools-for-stm32.9-2020-q2-update.win32_2.0.0.202105311346/tools/bin/../lib/gcc/arm-none-eabi/9.3.1/thumb/v7e-m+fp/hard/crtbegin.o

.preinit_array  0x000000000800a39c        0x0
                0x000000000800a39c                . = ALIGN (0x4)
                0x000000000800a39c                PROVIDE (__preinit_array_start = .)
 *(.preinit_array*)
                0x000000000800a39c                PROVIDE (__preinit_array_end = .)
                0x000000000800a39c                . = ALIGN (0x4)

.init_array     0x000000000800a39c        0x4
                0x000000000800a39c                . = ALIGN (0x4)
                0x000000000800a39c                PROVIDE (__init_array_start = .)
 *(SORT_BY_NAME(.init_array.*))
 *(.init_array*)
 .init_array    0x000000000800a39c        0x4 c:/st/stm32cubeide_1.7.0/stm32cubeide/plugins/com.st.stm32cube.ide.mcu.externaltools.gnu-tools-for-stm32.9-2020-q2-update.win32_2.0.0.202105311346/tools/bin/../lib/gcc/arm-none-eabi/9.3.1/thumb/v7e-m+fp/hard/crtbegin.o
                0x000000000800a3a0                PROVIDE (__init_array_end = .)
                0x000000000800a3a0                . = ALIGN (0x4)

.fini_array     0x000000000800a3a0        0x4
                0x000000000800a3a0                . = ALIGN (0x4)
                [!provide]                        PROVIDE (__fini_array_start = .)
 *(SORT_BY_NAME(.fini_array.*))
 *(.fini_array*)
 .fini_array    0x000000000800a3a0        0x4 c:/st/stm32cubeide_1.7.0/stm32cubeide/plugins/com.st.stm32cube.ide.mcu.externaltools.gnu-tools-for-stm32.9-2020-q2-update.win32_2.0.0.202105311346/tools/bin/../lib/gcc/arm-none-eabi/9.3.1/thumb/v7e-m+fp/hard/crtbegin.o
                [!provide]                        PROVIDE (__fini_array_end = .)
                0x000000000800a3a4                . = ALIGN (0x4)
                0x000000000800a3a4                _sidata = LOADADDR (.data)

.data           0x0000000020000000       0x18 load address 0x000000000800a3a4
                0x0000000020000000                . = ALIGN (0x4)
                0x0000000020000000                _sdata = .
 *(.data)
 *(.data*)
 .data.led7seg  0x0000000020000000        0x4 ./Core/Src/led_7seg.o
                0x0000000020000000                led7seg
 .data.spi_buffer
                0x0000000020000004        0x2 ./Core/Src/led_7seg.o
                0x0000000020000004                spi_buffer
 .data.timeout_counter
                0x0000000020000006        0x2 ./Core/Src/main.o
                0x0000000020000006                timeout_counter
 .data.alarm_active
                0x0000000020000008        0x1 ./Core/Src/main.o
 *fill*         0x0000000020000009        0x3 
 .data.SystemCoreClock
                0x000000002000000c        0x4 ./Core/Src/system_stm32f4xx.o
                0x000000002000000c                SystemCoreClock
 .data.uwTickPrio
                0x0000000020000010        0x4 ./Drivers/STM32F4xx_HAL_Driver/Src/stm32f4xx_hal.o
                0x0000000020000010                uwTickPrio
 .data.uwTickFreq
                0x0000000020000014        0x1 ./Drivers/STM32F4xx_HAL_Driver/Src/stm32f4xx_hal.o
                0x0000000020000014                uwTickFreq
 *(.RamFunc)
 *(.RamFunc*)
                0x0000000020000018                . = ALIGN (0x4)
 *fill*         0x0000000020000015        0x3 
                0x0000000020000018                _edata = .
                0x000000000800a3bc                _siccmram = LOADADDR (.ccmram)

.igot.plt       0x0000000020000018        0x0 load address 0x000000000800a3bc
 .igot.plt      0x0000000020000018        0x0 c:/st/stm32cubeide_1.7.0/stm32cubeide/plugins/com.st.stm32cube.ide.mcu.externaltools.gnu-tools-for-stm32.9-2020-q2-update.win32_2.0.0.202105311346/tools/bin/../lib/gcc/arm-none-eabi/9.3.1/thumb/v7e-m+fp/hard/crtbegin.o

.ccmram         0x0000000010000000        0x0 load address 0x000000000800a3bc
                0x0000000010000000                . = ALIGN (0x4)
                0x0000000010000000                _sccmram = .
 *(.ccmram)
 *(.ccmram*)
                0x0000000010000000                . = ALIGN (0x4)
                0x0000000010000000                _eccmram = .
                0x0000000010000000                . = ALIGN (0x4)

.bss            0x0000000020000018      0x248
                0x0000000020000018                _sbss = .
                0x0000000020000018                __bss_start__ = _sbss
 *(.bss)
 .bss           0x0000000020000018       0x1c c:/st/stm32cubeide_1.7.0/stm32cubeide/plugins/com.st.stm32cube.ide.mcu.externaltools.gnu-tools-for-stm32.9-2020-q2-update.win32_2.0.0.202105311346/tools/bin/../lib/gcc/arm-none-eabi/9.3.1/thumb/v7e-m+fp/hard/crtbegin.o
 *(.bss*)
 .bss.spi_button
                0x0000000020000034        0x2 ./Core/Src/button.o
                0x0000000020000034                spi_button
 *fill*         0x0000000020000036        0x2 
 .bss.FSMC_Initialized
                0x0000000020000038        0x4 ./Core/Src/fsmc.o
 .bss.led7_index
                0x000000002000003c        0x4 ./Core/Src/led_7seg.o
                0x000000002000003c                led7_index
 .bss.counter_blink
                0x0000000020000040        0x1 ./Core/Src/main.o
                0x0000000020000040                counter_blink
 .bss.blink_flag
                0x0000000020000041        0x1 ./Core/Src/main.o
                0x0000000020000041                blink_flag
 .bss.head      0x0000000020000042        0x2 ./Core/Src/main.o
                0x0000000020000042                head
 .bss.tail      0x0000000020000044        0x2 ./Core/Src/main.o
                0x0000000020000044                tail
 .bss.data_available_flag
                0x0000000020000046        0x1 ./Core/Src/main.o
                0x0000000020000046                data_available_flag
 .bss.current_mode
                0x0000000020000047        0x1 ./Core/Src/main.o
                0x0000000020000047                current_mode
 .bss.adjust_part
                0x0000000020000048        0x1 ./Core/Src/main.o
                0x0000000020000048                adjust_part
 .bss.alarm_hours
                0x0000000020000049        0x1 ./Core/Src/main.o
                0x0000000020000049                alarm_hours
 .bss.alarm_minutes
                0x000000002000004a        0x1 ./Core/Src/main.o
                0x000000002000004a                alarm_minutes
 .bss.request_RS232_count
                0x000000002000004b        0x1 ./Core/Src/main.o
                0x000000002000004b                request_RS232_count
 .bss.attempt_count
                0x000000002000004c        0x1 ./Core/Src/main.o
                0x000000002000004c                attempt_count
 .bss.temp_value
                0x000000002000004d        0x1 ./Core/Src/main.o
                0x000000002000004d                temp_value
 .bss.digit_count
                0x000000002000004e        0x1 ./Core/Src/main.o
                0x000000002000004e                digit_count
 .bss.request_sent
                0x000000002000004f        0x1 ./Core/Src/main.o
                0x000000002000004f                request_sent
 .bss.error_display_counter
                0x0000000020000050        0x1 ./Core/Src/main.o
                0x0000000020000050                error_display_counter
 .bss.in_error_display
                0x0000000020000051        0x1 ./Core/Src/main.o
                0x0000000020000051                in_error_display
 .bss.flash_counter
                0x0000000020000052        0x1 ./Core/Src/main.o
                0x0000000020000052                flash_counter
 *fill*         0x0000000020000053        0x1 
 .bss.flag_timer2
                0x0000000020000054        0x2 ./Core/Src/software_timer.o
                0x0000000020000054                flag_timer2
 .bss.timer2_counter
                0x0000000020000056        0x2 ./Core/Src/software_timer.o
                0x0000000020000056                timer2_counter
 .bss.timer2_MUL
                0x0000000020000058        0x2 ./Core/Src/software_timer.o
                0x0000000020000058                timer2_MUL
 .bss.receive_buffer1
                0x000000002000005a        0x1 ./Core/Src/uart.o
                0x000000002000005a                receive_buffer1
 *(COMMON)
 *fill*         0x000000002000005b        0x1 
 COMMON         0x000000002000005c       0x20 ./Core/Src/button.o
                0x000000002000005c                button_count
 COMMON         0x000000002000007c        0xf ./Core/Src/ds3231.o
                0x000000002000007c                ds3231_sec
                0x000000002000007d                ds3231_year
                0x000000002000007e                ds3231_min
                0x000000002000007f                ds3231_date
                0x0000000020000080                ds3231_day
                0x0000000020000081                ds3231_hours
                0x0000000020000082                ds3231_month
                0x0000000020000084                ds3231_buffer
 *fill*         0x000000002000008b        0x1 
 COMMON         0x000000002000008c       0x50 ./Core/Src/fsmc.o
                0x000000002000008c                hsram1
 COMMON         0x00000000200000dc       0x54 ./Core/Src/i2c.o
                0x00000000200000dc                hi2c1
 COMMON         0x0000000020000130       0x3a ./Core/Src/lcd.o
                0x0000000020000130                lcddev
                0x0000000020000138                s
 *fill*         0x000000002000016a        0x2 
 COMMON         0x000000002000016c        0xa ./Core/Src/main.o
                0x000000002000016c                ring_buffer
 *fill*         0x0000000020000176        0x2 
 COMMON         0x0000000020000178       0x58 ./Core/Src/spi.o
                0x0000000020000178                hspi1
 COMMON         0x00000000200001d0       0x48 ./Core/Src/tim.o
                0x00000000200001d0                htim2
 COMMON         0x0000000020000218       0x44 ./Core/Src/usart.o
                0x0000000020000218                huart1
 COMMON         0x000000002000025c        0x4 ./Drivers/STM32F4xx_HAL_Driver/Src/stm32f4xx_hal.o
                0x000000002000025c                uwTick
                0x0000000020000260                . = ALIGN (0x4)
                0x0000000020000260                _ebss = .
                0x0000000020000260                __bss_end__ = _ebss

._user_heap_stack
                0x0000000020000260      0x600
                0x0000000020000260                . = ALIGN (0x8)
                [!provide]                        PROVIDE (end = .)
                0x0000000020000260                PROVIDE (_end = .)
                0x0000000020000460                . = (. + _Min_Heap_Size)
 *fill*         0x0000000020000260      0x200 
                0x0000000020000860                . = (. + _Min_Stack_Size)
 *fill*         0x0000000020000460      0x400 
                0x0000000020000860                . = ALIGN (0x8)

/DISCARD/
 libc.a(*)
 libm.a(*)
 libgcc.a(*)

.ARM.attributes
                0x0000000000000000       0x30
 *(.ARM.attributes)
 .ARM.attributes
                0x0000000000000000       0x1e c:/st/stm32cubeide_1.7.0/stm32cubeide/plugins/com.st.stm32cube.ide.mcu.externaltools.gnu-tools-for-stm32.9-2020-q2-update.win32_2.0.0.202105311346/tools/bin/../lib/gcc/arm-none-eabi/9.3.1/thumb/v7e-m+fp/hard/crti.o
 .ARM.attributes
                0x000000000000001e       0x34 c:/st/stm32cubeide_1.7.0/stm32cubeide/plugins/com.st.stm32cube.ide.mcu.externaltools.gnu-tools-for-stm32.9-2020-q2-update.win32_2.0.0.202105311346/tools/bin/../lib/gcc/arm-none-eabi/9.3.1/thumb/v7e-m+fp/hard/crtbegin.o
 .ARM.attributes
                0x0000000000000052       0x34 ./Core/Src/button.o
 .ARM.attributes
                0x0000000000000086       0x34 ./Core/Src/ds3231.o
 .ARM.attributes
                0x00000000000000ba       0x34 ./Core/Src/fsmc.o
 .ARM.attributes
                0x00000000000000ee       0x34 ./Core/Src/gpio.o
 .ARM.attributes
                0x0000000000000122       0x34 ./Core/Src/i2c.o
 .ARM.attributes
                0x0000000000000156       0x34 ./Core/Src/lcd.o
 .ARM.attributes
                0x000000000000018a       0x34 ./Core/Src/led_7seg.o
 .ARM.attributes
                0x00000000000001be       0x34 ./Core/Src/main.o
 .ARM.attributes
                0x00000000000001f2       0x34 ./Core/Src/software_timer.o
 .ARM.attributes
                0x0000000000000226       0x34 ./Core/Src/spi.o
 .ARM.attributes
                0x000000000000025a       0x34 ./Core/Src/stm32f4xx_hal_msp.o
 .ARM.attributes
                0x000000000000028e       0x34 ./Core/Src/stm32f4xx_it.o
 .ARM.attributes
                0x00000000000002c2       0x34 ./Core/Src/system_stm32f4xx.o
 .ARM.attributes
                0x00000000000002f6       0x34 ./Core/Src/tim.o
 .ARM.attributes
                0x000000000000032a       0x34 ./Core/Src/uart.o
 .ARM.attributes
                0x000000000000035e       0x34 ./Core/Src/usart.o
 .ARM.attributes
                0x0000000000000392       0x34 ./Core/Src/utils.o
 .ARM.attributes
                0x00000000000003c6       0x21 ./Core/Startup/startup_stm32f407zetx.o
 .ARM.attributes
                0x00000000000003e7       0x34 ./Drivers/STM32F4xx_HAL_Driver/Src/stm32f4xx_hal.o
 .ARM.attributes
                0x000000000000041b       0x34 ./Drivers/STM32F4xx_HAL_Driver/Src/stm32f4xx_hal_cortex.o
 .ARM.attributes
                0x000000000000044f       0x34 ./Drivers/STM32F4xx_HAL_Driver/Src/stm32f4xx_hal_dma.o
 .ARM.attributes
                0x0000000000000483       0x34 ./Drivers/STM32F4xx_HAL_Driver/Src/stm32f4xx_hal_gpio.o
 .ARM.attributes
                0x00000000000004b7       0x34 ./Drivers/STM32F4xx_HAL_Driver/Src/stm32f4xx_hal_i2c.o
 .ARM.attributes
                0x00000000000004eb       0x34 ./Drivers/STM32F4xx_HAL_Driver/Src/stm32f4xx_hal_rcc.o
 .ARM.attributes
                0x000000000000051f       0x34 ./Drivers/STM32F4xx_HAL_Driver/Src/stm32f4xx_hal_spi.o
 .ARM.attributes
                0x0000000000000553       0x34 ./Drivers/STM32F4xx_HAL_Driver/Src/stm32f4xx_hal_sram.o
 .ARM.attributes
                0x0000000000000587       0x34 ./Drivers/STM32F4xx_HAL_Driver/Src/stm32f4xx_hal_tim.o
 .ARM.attributes
                0x00000000000005bb       0x34 ./Drivers/STM32F4xx_HAL_Driver/Src/stm32f4xx_hal_tim_ex.o
 .ARM.attributes
                0x00000000000005ef       0x34 ./Drivers/STM32F4xx_HAL_Driver/Src/stm32f4xx_hal_uart.o
 .ARM.attributes
                0x0000000000000623       0x34 ./Drivers/STM32F4xx_HAL_Driver/Src/stm32f4xx_ll_fsmc.o
 .ARM.attributes
                0x0000000000000657       0x34 c:/st/stm32cubeide_1.7.0/stm32cubeide/plugins/com.st.stm32cube.ide.mcu.externaltools.gnu-tools-for-stm32.9-2020-q2-update.win32_2.0.0.202105311346/tools/bin/../lib/gcc/arm-none-eabi/9.3.1/../../../../arm-none-eabi/lib/thumb/v7e-m+fp/hard\libc_nano.a(lib_a-init.o)
 .ARM.attributes
                0x000000000000068b       0x34 c:/st/stm32cubeide_1.7.0/stm32cubeide/plugins/com.st.stm32cube.ide.mcu.externaltools.gnu-tools-for-stm32.9-2020-q2-update.win32_2.0.0.202105311346/tools/bin/../lib/gcc/arm-none-eabi/9.3.1/../../../../arm-none-eabi/lib/thumb/v7e-m+fp/hard\libc_nano.a(lib_a-memset.o)
 .ARM.attributes
                0x00000000000006bf       0x17 c:/st/stm32cubeide_1.7.0/stm32cubeide/plugins/com.st.stm32cube.ide.mcu.externaltools.gnu-tools-for-stm32.9-2020-q2-update.win32_2.0.0.202105311346/tools/bin/../lib/gcc/arm-none-eabi/9.3.1/../../../../arm-none-eabi/lib/thumb/v7e-m+fp/hard\libc_nano.a(lib_a-strlen.o)
 .ARM.attributes
                0x00000000000006d6       0x1e c:/st/stm32cubeide_1.7.0/stm32cubeide/plugins/com.st.stm32cube.ide.mcu.externaltools.gnu-tools-for-stm32.9-2020-q2-update.win32_2.0.0.202105311346/tools/bin/../lib/gcc/arm-none-eabi/9.3.1/thumb/v7e-m+fp/hard\libgcc.a(_aeabi_uldivmod.o)
 .ARM.attributes
                0x00000000000006f4       0x34 c:/st/stm32cubeide_1.7.0/stm32cubeide/plugins/com.st.stm32cube.ide.mcu.externaltools.gnu-tools-for-stm32.9-2020-q2-update.win32_2.0.0.202105311346/tools/bin/../lib/gcc/arm-none-eabi/9.3.1/thumb/v7e-m+fp/hard\libgcc.a(_udivmoddi4.o)
 .ARM.attributes
                0x0000000000000728       0x1e c:/st/stm32cubeide_1.7.0/stm32cubeide/plugins/com.st.stm32cube.ide.mcu.externaltools.gnu-tools-for-stm32.9-2020-q2-update.win32_2.0.0.202105311346/tools/bin/../lib/gcc/arm-none-eabi/9.3.1/thumb/v7e-m+fp/hard\libgcc.a(_dvmd_tls.o)
 .ARM.attributes
                0x0000000000000746       0x1e c:/st/stm32cubeide_1.7.0/stm32cubeide/plugins/com.st.stm32cube.ide.mcu.externaltools.gnu-tools-for-stm32.9-2020-q2-update.win32_2.0.0.202105311346/tools/bin/../lib/gcc/arm-none-eabi/9.3.1/thumb/v7e-m+fp/hard/crtn.o
OUTPUT(Bai5_UART.elf elf32-littlearm)
LOAD linker stubs
LOAD c:/st/stm32cubeide_1.7.0/stm32cubeide/plugins/com.st.stm32cube.ide.mcu.externaltools.gnu-tools-for-stm32.9-2020-q2-update.win32_2.0.0.202105311346/tools/bin/../lib/gcc/arm-none-eabi/9.3.1/../../../../arm-none-eabi/lib/thumb/v7e-m+fp/hard\libc.a
LOAD c:/st/stm32cubeide_1.7.0/stm32cubeide/plugins/com.st.stm32cube.ide.mcu.externaltools.gnu-tools-for-stm32.9-2020-q2-update.win32_2.0.0.202105311346/tools/bin/../lib/gcc/arm-none-eabi/9.3.1/../../../../arm-none-eabi/lib/thumb/v7e-m+fp/hard\libm.a
LOAD c:/st/stm32cubeide_1.7.0/stm32cubeide/plugins/com.st.stm32cube.ide.mcu.externaltools.gnu-tools-for-stm32.9-2020-q2-update.win32_2.0.0.202105311346/tools/bin/../lib/gcc/arm-none-eabi/9.3.1/thumb/v7e-m+fp/hard\libgcc.a

.debug_info     0x0000000000000000    0x1be37
 .debug_info    0x0000000000000000      0x7f4 ./Core/Src/button.o
 .debug_info    0x00000000000007f4      0x839 ./Core/Src/ds3231.o
 .debug_info    0x000000000000102d      0xa96 ./Core/Src/fsmc.o
 .debug_info    0x0000000000001ac3      0x569 ./Core/Src/gpio.o
 .debug_info    0x000000000000202c      0xa7d ./Core/Src/i2c.o
 .debug_info    0x0000000000002aa9     0x17e8 ./Core/Src/lcd.o
 .debug_info    0x0000000000004291      0x89c ./Core/Src/led_7seg.o
 .debug_info    0x0000000000004b2d     0x2297 ./Core/Src/main.o
 .debug_info    0x0000000000006dc4      0x81e ./Core/Src/software_timer.o
 .debug_info    0x00000000000075e2      0xa5a ./Core/Src/spi.o
 .debug_info    0x000000000000803c      0x394 ./Core/Src/stm32f4xx_hal_msp.o
 .debug_info    0x00000000000083d0      0xa6f ./Core/Src/stm32f4xx_it.o
 .debug_info    0x0000000000008e3f      0x5a4 ./Core/Src/system_stm32f4xx.o
 .debug_info    0x00000000000093e3      0xc88 ./Core/Src/tim.o
 .debug_info    0x000000000000a06b     0x13a8 ./Core/Src/uart.o
 .debug_info    0x000000000000b413      0xc29 ./Core/Src/usart.o
 .debug_info    0x000000000000c03c       0xd8 ./Core/Src/utils.o
 .debug_info    0x000000000000c114       0x22 ./Core/Startup/startup_stm32f407zetx.o
 .debug_info    0x000000000000c136      0x9b2 ./Drivers/STM32F4xx_HAL_Driver/Src/stm32f4xx_hal.o
 .debug_info    0x000000000000cae8      0xed7 ./Drivers/STM32F4xx_HAL_Driver/Src/stm32f4xx_hal_cortex.o
 .debug_info    0x000000000000d9bf      0x9f1 ./Drivers/STM32F4xx_HAL_Driver/Src/stm32f4xx_hal_dma.o
 .debug_info    0x000000000000e3b0      0x83e ./Drivers/STM32F4xx_HAL_Driver/Src/stm32f4xx_hal_gpio.o
 .debug_info    0x000000000000ebee     0x264d ./Drivers/STM32F4xx_HAL_Driver/Src/stm32f4xx_hal_i2c.o
 .debug_info    0x000000000001123b      0x996 ./Drivers/STM32F4xx_HAL_Driver/Src/stm32f4xx_hal_rcc.o
 .debug_info    0x0000000000011bd1     0x17c0 ./Drivers/STM32F4xx_HAL_Driver/Src/stm32f4xx_hal_spi.o
 .debug_info    0x0000000000013391      0xbab ./Drivers/STM32F4xx_HAL_Driver/Src/stm32f4xx_hal_sram.o
 .debug_info    0x0000000000013f3c     0x2c22 ./Drivers/STM32F4xx_HAL_Driver/Src/stm32f4xx_hal_tim.o
 .debug_info    0x0000000000016b5e     0x15a2 ./Drivers/STM32F4xx_HAL_Driver/Src/stm32f4xx_hal_tim_ex.o
 .debug_info    0x0000000000018100     0x31de ./Drivers/STM32F4xx_HAL_Driver/Src/stm32f4xx_hal_uart.o
 .debug_info    0x000000000001b2de      0xb59 ./Drivers/STM32F4xx_HAL_Driver/Src/stm32f4xx_ll_fsmc.o

.debug_abbrev   0x0000000000000000     0x3ae2
 .debug_abbrev  0x0000000000000000      0x1bf ./Core/Src/button.o
 .debug_abbrev  0x00000000000001bf      0x1a7 ./Core/Src/ds3231.o
 .debug_abbrev  0x0000000000000366      0x1e2 ./Core/Src/fsmc.o
 .debug_abbrev  0x0000000000000548      0x14e ./Core/Src/gpio.o
 .debug_abbrev  0x0000000000000696      0x1bb ./Core/Src/i2c.o
 .debug_abbrev  0x0000000000000851      0x390 ./Core/Src/lcd.o
 .debug_abbrev  0x0000000000000be1      0x1a9 ./Core/Src/led_7seg.o
 .debug_abbrev  0x0000000000000d8a      0x320 ./Core/Src/main.o
 .debug_abbrev  0x00000000000010aa      0x1e4 ./Core/Src/software_timer.o
 .debug_abbrev  0x000000000000128e      0x1bb ./Core/Src/spi.o
 .debug_abbrev  0x0000000000001449      0x11d ./Core/Src/stm32f4xx_hal_msp.o
 .debug_abbrev  0x0000000000001566      0x176 ./Core/Src/stm32f4xx_it.o
 .debug_abbrev  0x00000000000016dc      0x145 ./Core/Src/system_stm32f4xx.o
 .debug_abbrev  0x0000000000001821      0x1bb ./Core/Src/tim.o
 .debug_abbrev  0x00000000000019dc      0x280 ./Core/Src/uart.o
 .debug_abbrev  0x0000000000001c5c      0x1c4 ./Core/Src/usart.o
 .debug_abbrev  0x0000000000001e20       0x87 ./Core/Src/utils.o
 .debug_abbrev  0x0000000000001ea7       0x12 ./Core/Startup/startup_stm32f407zetx.o
 .debug_abbrev  0x0000000000001eb9      0x1ed ./Drivers/STM32F4xx_HAL_Driver/Src/stm32f4xx_hal.o
 .debug_abbrev  0x00000000000020a6      0x33c ./Drivers/STM32F4xx_HAL_Driver/Src/stm32f4xx_hal_cortex.o
 .debug_abbrev  0x00000000000023e2      0x259 ./Drivers/STM32F4xx_HAL_Driver/Src/stm32f4xx_hal_dma.o
 .debug_abbrev  0x000000000000263b      0x1f1 ./Drivers/STM32F4xx_HAL_Driver/Src/stm32f4xx_hal_gpio.o
 .debug_abbrev  0x000000000000282c      0x282 ./Drivers/STM32F4xx_HAL_Driver/Src/stm32f4xx_hal_i2c.o
 .debug_abbrev  0x0000000000002aae      0x275 ./Drivers/STM32F4xx_HAL_Driver/Src/stm32f4xx_hal_rcc.o
 .debug_abbrev  0x0000000000002d23      0x26e ./Drivers/STM32F4xx_HAL_Driver/Src/stm32f4xx_hal_spi.o
 .debug_abbrev  0x0000000000002f91      0x1f4 ./Drivers/STM32F4xx_HAL_Driver/Src/stm32f4xx_hal_sram.o
 .debug_abbrev  0x0000000000003185      0x25e ./Drivers/STM32F4xx_HAL_Driver/Src/stm32f4xx_hal_tim.o
 .debug_abbrev  0x00000000000033e3      0x266 ./Drivers/STM32F4xx_HAL_Driver/Src/stm32f4xx_hal_tim_ex.o
 .debug_abbrev  0x0000000000003649      0x2eb ./Drivers/STM32F4xx_HAL_Driver/Src/stm32f4xx_hal_uart.o
 .debug_abbrev  0x0000000000003934      0x1ae ./Drivers/STM32F4xx_HAL_Driver/Src/stm32f4xx_ll_fsmc.o

.debug_aranges  0x0000000000000000     0x1538
 .debug_aranges
                0x0000000000000000       0x28 ./Core/Src/button.o
 .debug_aranges
                0x0000000000000028       0x30 ./Core/Src/ds3231.o
 .debug_aranges
                0x0000000000000058       0x40 ./Core/Src/fsmc.o
 .debug_aranges
                0x0000000000000098       0x20 ./Core/Src/gpio.o
 .debug_aranges
                0x00000000000000b8       0x30 ./Core/Src/i2c.o
 .debug_aranges
                0x00000000000000e8       0xe8 ./Core/Src/lcd.o
 .debug_aranges
                0x00000000000001d0       0x48 ./Core/Src/led_7seg.o
 .debug_aranges
                0x0000000000000218       0xa8 ./Core/Src/main.o
 .debug_aranges
                0x00000000000002c0       0x30 ./Core/Src/software_timer.o
 .debug_aranges
                0x00000000000002f0       0x30 ./Core/Src/spi.o
 .debug_aranges
                0x0000000000000320       0x20 ./Core/Src/stm32f4xx_hal_msp.o
 .debug_aranges
                0x0000000000000340       0x70 ./Core/Src/stm32f4xx_it.o
 .debug_aranges
                0x00000000000003b0       0x28 ./Core/Src/system_stm32f4xx.o
 .debug_aranges
                0x00000000000003d8       0x30 ./Core/Src/tim.o
 .debug_aranges
                0x0000000000000408       0x48 ./Core/Src/uart.o
 .debug_aranges
                0x0000000000000450       0x30 ./Core/Src/usart.o
 .debug_aranges
                0x0000000000000480       0x28 ./Core/Src/utils.o
 .debug_aranges
                0x00000000000004a8       0x28 ./Core/Startup/startup_stm32f407zetx.o
 .debug_aranges
                0x00000000000004d0       0xf0 ./Drivers/STM32F4xx_HAL_Driver/Src/stm32f4xx_hal.o
 .debug_aranges
                0x00000000000005c0      0x118 ./Drivers/STM32F4xx_HAL_Driver/Src/stm32f4xx_hal_cortex.o
 .debug_aranges
                0x00000000000006d8       0x90 ./Drivers/STM32F4xx_HAL_Driver/Src/stm32f4xx_hal_dma.o
 .debug_aranges
                0x0000000000000768       0x58 ./Drivers/STM32F4xx_HAL_Driver/Src/stm32f4xx_hal_gpio.o
 .debug_aranges
                0x00000000000007c0      0x2a0 ./Drivers/STM32F4xx_HAL_Driver/Src/stm32f4xx_hal_i2c.o
 .debug_aranges
                0x0000000000000a60       0x88 ./Drivers/STM32F4xx_HAL_Driver/Src/stm32f4xx_hal_rcc.o
 .debug_aranges
                0x0000000000000ae8      0x1d0 ./Drivers/STM32F4xx_HAL_Driver/Src/stm32f4xx_hal_spi.o
 .debug_aranges
                0x0000000000000cb8       0xa0 ./Drivers/STM32F4xx_HAL_Driver/Src/stm32f4xx_hal_sram.o
 .debug_aranges
                0x0000000000000d58      0x3d0 ./Drivers/STM32F4xx_HAL_Driver/Src/stm32f4xx_hal_tim.o
 .debug_aranges
                0x0000000000001128      0x168 ./Drivers/STM32F4xx_HAL_Driver/Src/stm32f4xx_hal_tim_ex.o
 .debug_aranges
                0x0000000000001290      0x200 ./Drivers/STM32F4xx_HAL_Driver/Src/stm32f4xx_hal_uart.o
 .debug_aranges
                0x0000000000001490       0xa8 ./Drivers/STM32F4xx_HAL_Driver/Src/stm32f4xx_ll_fsmc.o

.debug_ranges   0x0000000000000000     0x13b8
 .debug_ranges  0x0000000000000000       0x18 ./Core/Src/button.o
 .debug_ranges  0x0000000000000018       0x20 ./Core/Src/ds3231.o
 .debug_ranges  0x0000000000000038       0x30 ./Core/Src/fsmc.o
 .debug_ranges  0x0000000000000068       0x10 ./Core/Src/gpio.o
 .debug_ranges  0x0000000000000078       0x20 ./Core/Src/i2c.o
 .debug_ranges  0x0000000000000098       0xd8 ./Core/Src/lcd.o
 .debug_ranges  0x0000000000000170       0x38 ./Core/Src/led_7seg.o
 .debug_ranges  0x00000000000001a8       0x98 ./Core/Src/main.o
 .debug_ranges  0x0000000000000240       0x20 ./Core/Src/software_timer.o
 .debug_ranges  0x0000000000000260       0x20 ./Core/Src/spi.o
 .debug_ranges  0x0000000000000280       0x10 ./Core/Src/stm32f4xx_hal_msp.o
 .debug_ranges  0x0000000000000290       0x60 ./Core/Src/stm32f4xx_it.o
 .debug_ranges  0x00000000000002f0       0x18 ./Core/Src/system_stm32f4xx.o
 .debug_ranges  0x0000000000000308       0x20 ./Core/Src/tim.o
 .debug_ranges  0x0000000000000328       0x38 ./Core/Src/uart.o
 .debug_ranges  0x0000000000000360       0x20 ./Core/Src/usart.o
 .debug_ranges  0x0000000000000380       0x18 ./Core/Src/utils.o
 .debug_ranges  0x0000000000000398       0x20 ./Core/Startup/startup_stm32f407zetx.o
 .debug_ranges  0x00000000000003b8       0xe0 ./Drivers/STM32F4xx_HAL_Driver/Src/stm32f4xx_hal.o
 .debug_ranges  0x0000000000000498      0x108 ./Drivers/STM32F4xx_HAL_Driver/Src/stm32f4xx_hal_cortex.o
 .debug_ranges  0x00000000000005a0       0x80 ./Drivers/STM32F4xx_HAL_Driver/Src/stm32f4xx_hal_dma.o
 .debug_ranges  0x0000000000000620       0x48 ./Drivers/STM32F4xx_HAL_Driver/Src/stm32f4xx_hal_gpio.o
 .debug_ranges  0x0000000000000668      0x2b8 ./Drivers/STM32F4xx_HAL_Driver/Src/stm32f4xx_hal_i2c.o
 .debug_ranges  0x0000000000000920       0x78 ./Drivers/STM32F4xx_HAL_Driver/Src/stm32f4xx_hal_rcc.o
 .debug_ranges  0x0000000000000998      0x1c0 ./Drivers/STM32F4xx_HAL_Driver/Src/stm32f4xx_hal_spi.o
 .debug_ranges  0x0000000000000b58       0x90 ./Drivers/STM32F4xx_HAL_Driver/Src/stm32f4xx_hal_sram.o
 .debug_ranges  0x0000000000000be8      0x3c0 ./Drivers/STM32F4xx_HAL_Driver/Src/stm32f4xx_hal_tim.o
 .debug_ranges  0x0000000000000fa8      0x158 ./Drivers/STM32F4xx_HAL_Driver/Src/stm32f4xx_hal_tim_ex.o
 .debug_ranges  0x0000000000001100      0x220 ./Drivers/STM32F4xx_HAL_Driver/Src/stm32f4xx_hal_uart.o
 .debug_ranges  0x0000000000001320       0x98 ./Drivers/STM32F4xx_HAL_Driver/Src/stm32f4xx_ll_fsmc.o

.debug_macro    0x0000000000000000    0x24328
 .debug_macro   0x0000000000000000      0x23a ./Core/Src/button.o
 .debug_macro   0x000000000000023a      0xaa8 ./Core/Src/button.o
 .debug_macro   0x0000000000000ce2      0x2ad ./Core/Src/button.o
 .debug_macro   0x0000000000000f8f       0x2e ./Core/Src/button.o
 .debug_macro   0x0000000000000fbd       0x2f ./Core/Src/button.o
 .debug_macro   0x0000000000000fec       0x22 ./Core/Src/button.o
 .debug_macro   0x000000000000100e       0x8e ./Core/Src/button.o
 .debug_macro   0x000000000000109c       0x51 ./Core/Src/button.o
 .debug_macro   0x00000000000010ed      0x103 ./Core/Src/button.o
 .debug_macro   0x00000000000011f0       0x6a ./Core/Src/button.o
 .debug_macro   0x000000000000125a      0x1df ./Core/Src/button.o
 .debug_macro   0x0000000000001439       0x1c ./Core/Src/button.o
 .debug_macro   0x0000000000001455       0x22 ./Core/Src/button.o
 .debug_macro   0x0000000000001477       0xdf ./Core/Src/button.o
 .debug_macro   0x0000000000001556     0x102d ./Core/Src/button.o
 .debug_macro   0x0000000000002583      0x11f ./Core/Src/button.o
 .debug_macro   0x00000000000026a2    0x15e58 ./Core/Src/button.o
 .debug_macro   0x00000000000184fa       0x6d ./Core/Src/button.o
 .debug_macro   0x0000000000018567     0x3666 ./Core/Src/button.o
 .debug_macro   0x000000000001bbcd      0x174 ./Core/Src/button.o
 .debug_macro   0x000000000001bd41       0x5c ./Core/Src/button.o
 .debug_macro   0x000000000001bd9d      0x96b ./Core/Src/button.o
 .debug_macro   0x000000000001c708      0x9fe ./Core/Src/button.o
 .debug_macro   0x000000000001d106      0x116 ./Core/Src/button.o
 .debug_macro   0x000000000001d21c      0x13e ./Core/Src/button.o
 .debug_macro   0x000000000001d35a       0xa5 ./Core/Src/button.o
 .debug_macro   0x000000000001d3ff      0x174 ./Core/Src/button.o
 .debug_macro   0x000000000001d573      0x287 ./Core/Src/button.o
 .debug_macro   0x000000000001d7fa       0x5f ./Core/Src/button.o
 .debug_macro   0x000000000001d859      0x236 ./Core/Src/button.o
 .debug_macro   0x000000000001da8f      0x12c ./Core/Src/button.o
 .debug_macro   0x000000000001dbbb      0x21e ./Core/Src/button.o
 .debug_macro   0x000000000001ddd9       0x2e ./Core/Src/button.o
 .debug_macro   0x000000000001de07      0x543 ./Core/Src/button.o
 .debug_macro   0x000000000001e34a      0x1b5 ./Core/Src/button.o
 .debug_macro   0x000000000001e4ff       0xd6 ./Core/Src/button.o
 .debug_macro   0x000000000001e5d5      0x11a ./Core/Src/button.o
 .debug_macro   0x000000000001e6ef       0x7e ./Core/Src/button.o
 .debug_macro   0x000000000001e76d       0x89 ./Core/Src/button.o
 .debug_macro   0x000000000001e7f6      0x225 ./Core/Src/button.o
 .debug_macro   0x000000000001ea1b      0x8d1 ./Core/Src/button.o
 .debug_macro   0x000000000001f2ec       0x47 ./Core/Src/button.o
 .debug_macro   0x000000000001f333      0x295 ./Core/Src/button.o
 .debug_macro   0x000000000001f5c8      0x12d ./Core/Src/button.o
 .debug_macro   0x000000000001f6f5       0x88 ./Core/Src/button.o
 .debug_macro   0x000000000001f77d      0x245 ./Core/Src/ds3231.o
 .debug_macro   0x000000000001f9c2       0x2e ./Core/Src/ds3231.o
 .debug_macro   0x000000000001f9f0      0x226 ./Core/Src/fsmc.o
 .debug_macro   0x000000000001fc16      0x226 ./Core/Src/gpio.o
 .debug_macro   0x000000000001fe3c      0x226 ./Core/Src/i2c.o
 .debug_macro   0x0000000000020062      0x33b ./Core/Src/lcd.o
 .debug_macro   0x000000000002039d       0x18 ./Core/Src/lcd.o
 .debug_macro   0x00000000000203b5       0x52 ./Core/Src/lcd.o
 .debug_macro   0x0000000000020407       0x3c ./Core/Src/lcd.o
 .debug_macro   0x0000000000020443       0x34 ./Core/Src/lcd.o
 .debug_macro   0x0000000000020477       0x16 ./Core/Src/lcd.o
 .debug_macro   0x000000000002048d       0x35 ./Core/Src/lcd.o
 .debug_macro   0x00000000000204c2       0x16 ./Core/Src/lcd.o
 .debug_macro   0x00000000000204d8       0x43 ./Core/Src/lcd.o
 .debug_macro   0x000000000002051b       0x34 ./Core/Src/lcd.o
 .debug_macro   0x000000000002054f       0x10 ./Core/Src/lcd.o
 .debug_macro   0x000000000002055f       0x58 ./Core/Src/lcd.o
 .debug_macro   0x00000000000205b7       0x71 ./Core/Src/lcd.o
 .debug_macro   0x0000000000020628       0x1c ./Core/Src/lcd.o
 .debug_macro   0x0000000000020644      0x12a ./Core/Src/lcd.o
 .debug_macro   0x000000000002076e      0x333 ./Core/Src/lcd.o
 .debug_macro   0x0000000000020aa1       0x16 ./Core/Src/lcd.o
 .debug_macro   0x0000000000020ab7       0x29 ./Core/Src/lcd.o
 .debug_macro   0x0000000000020ae0       0x16 ./Core/Src/lcd.o
 .debug_macro   0x0000000000020af6       0x20 ./Core/Src/lcd.o
 .debug_macro   0x0000000000020b16       0xca ./Core/Src/lcd.o
 .debug_macro   0x0000000000020be0      0x230 ./Core/Src/led_7seg.o
 .debug_macro   0x0000000000020e10      0x4bd ./Core/Src/main.o
 .debug_macro   0x00000000000212cd       0x1c ./Core/Src/main.o
 .debug_macro   0x00000000000212e9       0x10 ./Core/Src/main.o
 .debug_macro   0x00000000000212f9       0x10 ./Core/Src/main.o
 .debug_macro   0x0000000000021309       0x1c ./Core/Src/main.o
 .debug_macro   0x0000000000021325       0x52 ./Core/Src/main.o
 .debug_macro   0x0000000000021377       0x22 ./Core/Src/main.o
 .debug_macro   0x0000000000021399       0x10 ./Core/Src/main.o
 .debug_macro   0x00000000000213a9       0x40 ./Core/Src/main.o
 .debug_macro   0x00000000000213e9       0xd5 ./Core/Src/main.o
 .debug_macro   0x00000000000214be       0x1c ./Core/Src/main.o
 .debug_macro   0x00000000000214da       0x3d ./Core/Src/main.o
 .debug_macro   0x0000000000021517       0x16 ./Core/Src/main.o
 .debug_macro   0x000000000002152d      0x145 ./Core/Src/main.o
 .debug_macro   0x0000000000021672      0x236 ./Core/Src/software_timer.o
 .debug_macro   0x00000000000218a8      0x226 ./Core/Src/spi.o
 .debug_macro   0x0000000000021ace      0x21c ./Core/Src/stm32f4xx_hal_msp.o
 .debug_macro   0x0000000000021cea      0x226 ./Core/Src/stm32f4xx_it.o
 .debug_macro   0x0000000000021f10      0x20d ./Core/Src/system_stm32f4xx.o
 .debug_macro   0x000000000002211d      0x226 ./Core/Src/tim.o
 .debug_macro   0x0000000000022343      0x3b8 ./Core/Src/uart.o
 .debug_macro   0x00000000000226fb       0x16 ./Core/Src/uart.o
 .debug_macro   0x0000000000022711      0x226 ./Core/Src/usart.o
 .debug_macro   0x0000000000022937       0x6d ./Core/Src/utils.o
 .debug_macro   0x00000000000229a4      0x26d ./Drivers/STM32F4xx_HAL_Driver/Src/stm32f4xx_hal.o
 .debug_macro   0x0000000000022c11      0x20d ./Drivers/STM32F4xx_HAL_Driver/Src/stm32f4xx_hal_cortex.o
 .debug_macro   0x0000000000022e1e      0x213 ./Drivers/STM32F4xx_HAL_Driver/Src/stm32f4xx_hal_dma.o
 .debug_macro   0x0000000000023031      0x213 ./Drivers/STM32F4xx_HAL_Driver/Src/stm32f4xx_hal_gpio.o
 .debug_macro   0x0000000000023244      0x254 ./Drivers/STM32F4xx_HAL_Driver/Src/stm32f4xx_hal_i2c.o
 .debug_macro   0x0000000000023498      0x231 ./Drivers/STM32F4xx_HAL_Driver/Src/stm32f4xx_hal_rcc.o
 .debug_macro   0x00000000000236c9      0x21c ./Drivers/STM32F4xx_HAL_Driver/Src/stm32f4xx_hal_spi.o
 .debug_macro   0x00000000000238e5      0x20d ./Drivers/STM32F4xx_HAL_Driver/Src/stm32f4xx_hal_sram.o
 .debug_macro   0x0000000000023af2      0x20e ./Drivers/STM32F4xx_HAL_Driver/Src/stm32f4xx_hal_tim.o
 .debug_macro   0x0000000000023d00      0x20d ./Drivers/STM32F4xx_HAL_Driver/Src/stm32f4xx_hal_tim_ex.o
 .debug_macro   0x0000000000023f0d      0x20e ./Drivers/STM32F4xx_HAL_Driver/Src/stm32f4xx_hal_uart.o
 .debug_macro   0x000000000002411b      0x20d ./Drivers/STM32F4xx_HAL_Driver/Src/stm32f4xx_ll_fsmc.o

.debug_line     0x0000000000000000    0x1be7a
 .debug_line    0x0000000000000000      0x7c9 ./Core/Src/button.o
 .debug_line    0x00000000000007c9      0x7e1 ./Core/Src/ds3231.o
 .debug_line    0x0000000000000faa      0x83e ./Core/Src/fsmc.o
 .debug_line    0x00000000000017e8      0x79c ./Core/Src/gpio.o
 .debug_line    0x0000000000001f84      0x7a7 ./Core/Src/i2c.o
 .debug_line    0x000000000000272b     0x105b ./Core/Src/lcd.o
 .debug_line    0x0000000000003786      0x836 ./Core/Src/led_7seg.o
 .debug_line    0x0000000000003fbc     0x10ae ./Core/Src/main.o
 .debug_line    0x000000000000506a      0x7a5 ./Core/Src/software_timer.o
 .debug_line    0x000000000000580f      0x7af ./Core/Src/spi.o
 .debug_line    0x0000000000005fbe      0x73e ./Core/Src/stm32f4xx_hal_msp.o
 .debug_line    0x00000000000066fc      0x830 ./Core/Src/stm32f4xx_it.o
 .debug_line    0x0000000000006f2c      0x7bf ./Core/Src/system_stm32f4xx.o
 .debug_line    0x00000000000076eb      0x7ab ./Core/Src/tim.o
 .debug_line    0x0000000000007e96      0xa2b ./Core/Src/uart.o
 .debug_line    0x00000000000088c1      0x7aa ./Core/Src/usart.o
 .debug_line    0x000000000000906b      0x3c2 ./Core/Src/utils.o
 .debug_line    0x000000000000942d       0x88 ./Core/Startup/startup_stm32f407zetx.o
 .debug_line    0x00000000000094b5      0xa25 ./Drivers/STM32F4xx_HAL_Driver/Src/stm32f4xx_hal.o
 .debug_line    0x0000000000009eda      0xcd4 ./Drivers/STM32F4xx_HAL_Driver/Src/stm32f4xx_hal_cortex.o
 .debug_line    0x000000000000abae      0xf8a ./Drivers/STM32F4xx_HAL_Driver/Src/stm32f4xx_hal_dma.o
 .debug_line    0x000000000000bb38      0xb9b ./Drivers/STM32F4xx_HAL_Driver/Src/stm32f4xx_hal_gpio.o
 .debug_line    0x000000000000c6d3     0x39d1 ./Drivers/STM32F4xx_HAL_Driver/Src/stm32f4xx_hal_i2c.o
 .debug_line    0x00000000000100a4      0xda1 ./Drivers/STM32F4xx_HAL_Driver/Src/stm32f4xx_hal_rcc.o
 .debug_line    0x0000000000010e45     0x1cad ./Drivers/STM32F4xx_HAL_Driver/Src/stm32f4xx_hal_spi.o
 .debug_line    0x0000000000012af2      0xbc7 ./Drivers/STM32F4xx_HAL_Driver/Src/stm32f4xx_hal_sram.o
 .debug_line    0x00000000000136b9     0x3719 ./Drivers/STM32F4xx_HAL_Driver/Src/stm32f4xx_hal_tim.o
 .debug_line    0x0000000000016dd2     0x1a22 ./Drivers/STM32F4xx_HAL_Driver/Src/stm32f4xx_hal_tim_ex.o
 .debug_line    0x00000000000187f4     0x2aac ./Drivers/STM32F4xx_HAL_Driver/Src/stm32f4xx_hal_uart.o
 .debug_line    0x000000000001b2a0      0xbda ./Drivers/STM32F4xx_HAL_Driver/Src/stm32f4xx_ll_fsmc.o

.debug_str      0x0000000000000000    0xd3241
 .debug_str     0x0000000000000000    0xc95f5 ./Core/Src/button.o
                                      0xc990a (size before relaxing)
 .debug_str     0x00000000000c95f5      0x3dd ./Core/Src/ds3231.o
                                      0xc9a91 (size before relaxing)
 .debug_str     0x00000000000c99d2      0x3b5 ./Core/Src/fsmc.o
                                      0xc9b07 (size before relaxing)
 .debug_str     0x00000000000c9d87       0x3c ./Core/Src/gpio.o
                                      0xc95e5 (size before relaxing)
 .debug_str     0x00000000000c9dc3       0x4b ./Core/Src/i2c.o
                                      0xc9ae5 (size before relaxing)
 .debug_str     0x00000000000c9e0e     0x3724 ./Core/Src/lcd.o
                                      0xccc55 (size before relaxing)
 .debug_str     0x00000000000cd532       0x98 ./Core/Src/led_7seg.o
                                      0xc9946 (size before relaxing)
 .debug_str     0x00000000000cd5ca     0x1785 ./Core/Src/main.o
                                      0xcec62 (size before relaxing)
 .debug_str     0x00000000000ced4f       0x7f ./Core/Src/software_timer.o
                                      0xc9a14 (size before relaxing)
 .debug_str     0x00000000000cedce       0x4b ./Core/Src/spi.o
                                      0xc9a42 (size before relaxing)
 .debug_str     0x00000000000cee19       0x2c ./Core/Src/stm32f4xx_hal_msp.o
                                      0xc9548 (size before relaxing)
 .debug_str     0x00000000000cee45       0xdf ./Core/Src/stm32f4xx_it.o
                                      0xc9c0f (size before relaxing)
 .debug_str     0x00000000000cef24       0xaf ./Core/Src/system_stm32f4xx.o
                                      0xc9398 (size before relaxing)
 .debug_str     0x00000000000cefd3      0x5c8 ./Core/Src/tim.o
                                      0xca065 (size before relaxing)
 .debug_str     0x00000000000cf59b       0xb4 ./Core/Src/uart.o
                                      0xcdd9d (size before relaxing)
 .debug_str     0x00000000000cf64f       0x57 ./Core/Src/usart.o
                                      0xc9f38 (size before relaxing)
 .debug_str     0x00000000000cf6a6       0x24 ./Core/Src/utils.o
                                       0x3d0d (size before relaxing)
 .debug_str     0x00000000000cf6ca       0x36 ./Core/Startup/startup_stm32f407zetx.o
                                         0x7c (size before relaxing)
 .debug_str     0x00000000000cf700      0x583 ./Drivers/STM32F4xx_HAL_Driver/Src/stm32f4xx_hal.o
                                      0xc9e7a (size before relaxing)
 .debug_str     0x00000000000cfc83      0x399 ./Drivers/STM32F4xx_HAL_Driver/Src/stm32f4xx_hal_cortex.o
                                      0xc9c69 (size before relaxing)
 .debug_str     0x00000000000d001c      0x315 ./Drivers/STM32F4xx_HAL_Driver/Src/stm32f4xx_hal_dma.o
                                      0xc97c2 (size before relaxing)
 .debug_str     0x00000000000d0331      0x15a ./Drivers/STM32F4xx_HAL_Driver/Src/stm32f4xx_hal_gpio.o
                                      0xc953f (size before relaxing)
 .debug_str     0x00000000000d048b      0xac3 ./Drivers/STM32F4xx_HAL_Driver/Src/stm32f4xx_hal_i2c.o
                                      0xca31a (size before relaxing)
 .debug_str     0x00000000000d0f4e      0x24e ./Drivers/STM32F4xx_HAL_Driver/Src/stm32f4xx_hal_rcc.o
                                      0xc979a (size before relaxing)
 .debug_str     0x00000000000d119c      0x564 ./Drivers/STM32F4xx_HAL_Driver/Src/stm32f4xx_hal_spi.o
                                      0xc9c3c (size before relaxing)
 .debug_str     0x00000000000d1700      0x1b4 ./Drivers/STM32F4xx_HAL_Driver/Src/stm32f4xx_hal_sram.o
                                      0xc98b2 (size before relaxing)
 .debug_str     0x00000000000d18b4      0xdbd ./Drivers/STM32F4xx_HAL_Driver/Src/stm32f4xx_hal_tim.o
                                      0xca6c7 (size before relaxing)
 .debug_str     0x00000000000d2671      0x4ee ./Drivers/STM32F4xx_HAL_Driver/Src/stm32f4xx_hal_tim_ex.o
                                      0xc9e78 (size before relaxing)
 .debug_str     0x00000000000d2b5f      0x5dd ./Drivers/STM32F4xx_HAL_Driver/Src/stm32f4xx_hal_uart.o
                                      0xc9d20 (size before relaxing)
 .debug_str     0x00000000000d313c      0x105 ./Drivers/STM32F4xx_HAL_Driver/Src/stm32f4xx_ll_fsmc.o
                                      0xc9779 (size before relaxing)

.comment        0x0000000000000000       0x53
 .comment       0x0000000000000000       0x53 ./Core/Src/button.o
                                         0x54 (size before relaxing)
 .comment       0x0000000000000053       0x54 ./Core/Src/ds3231.o
 .comment       0x0000000000000053       0x54 ./Core/Src/fsmc.o
 .comment       0x0000000000000053       0x54 ./Core/Src/gpio.o
 .comment       0x0000000000000053       0x54 ./Core/Src/i2c.o
 .comment       0x0000000000000053       0x54 ./Core/Src/lcd.o
 .comment       0x0000000000000053       0x54 ./Core/Src/led_7seg.o
 .comment       0x0000000000000053       0x54 ./Core/Src/main.o
 .comment       0x0000000000000053       0x54 ./Core/Src/software_timer.o
 .comment       0x0000000000000053       0x54 ./Core/Src/spi.o
 .comment       0x0000000000000053       0x54 ./Core/Src/stm32f4xx_hal_msp.o
 .comment       0x0000000000000053       0x54 ./Core/Src/stm32f4xx_it.o
 .comment       0x0000000000000053       0x54 ./Core/Src/system_stm32f4xx.o
 .comment       0x0000000000000053       0x54 ./Core/Src/tim.o
 .comment       0x0000000000000053       0x54 ./Core/Src/uart.o
 .comment       0x0000000000000053       0x54 ./Core/Src/usart.o
 .comment       0x0000000000000053       0x54 ./Core/Src/utils.o
 .comment       0x0000000000000053       0x54 ./Drivers/STM32F4xx_HAL_Driver/Src/stm32f4xx_hal.o
 .comment       0x0000000000000053       0x54 ./Drivers/STM32F4xx_HAL_Driver/Src/stm32f4xx_hal_cortex.o
 .comment       0x0000000000000053       0x54 ./Drivers/STM32F4xx_HAL_Driver/Src/stm32f4xx_hal_dma.o
 .comment       0x0000000000000053       0x54 ./Drivers/STM32F4xx_HAL_Driver/Src/stm32f4xx_hal_gpio.o
 .comment       0x0000000000000053       0x54 ./Drivers/STM32F4xx_HAL_Driver/Src/stm32f4xx_hal_i2c.o
 .comment       0x0000000000000053       0x54 ./Drivers/STM32F4xx_HAL_Driver/Src/stm32f4xx_hal_rcc.o
 .comment       0x0000000000000053       0x54 ./Drivers/STM32F4xx_HAL_Driver/Src/stm32f4xx_hal_spi.o
 .comment       0x0000000000000053       0x54 ./Drivers/STM32F4xx_HAL_Driver/Src/stm32f4xx_hal_sram.o
 .comment       0x0000000000000053       0x54 ./Drivers/STM32F4xx_HAL_Driver/Src/stm32f4xx_hal_tim.o
 .comment       0x0000000000000053       0x54 ./Drivers/STM32F4xx_HAL_Driver/Src/stm32f4xx_hal_tim_ex.o
 .comment       0x0000000000000053       0x54 ./Drivers/STM32F4xx_HAL_Driver/Src/stm32f4xx_hal_uart.o
 .comment       0x0000000000000053       0x54 ./Drivers/STM32F4xx_HAL_Driver/Src/stm32f4xx_ll_fsmc.o

.debug_frame    0x0000000000000000     0x5790
 .debug_frame   0x0000000000000000       0x50 ./Core/Src/button.o
 .debug_frame   0x0000000000000050       0x74 ./Core/Src/ds3231.o
 .debug_frame   0x00000000000000c4       0xbc ./Core/Src/fsmc.o
 .debug_frame   0x0000000000000180       0x34 ./Core/Src/gpio.o
 .debug_frame   0x00000000000001b4       0x74 ./Core/Src/i2c.o
 .debug_frame   0x0000000000000228      0x3e0 ./Core/Src/lcd.o
 .debug_frame   0x0000000000000608       0xe8 ./Core/Src/led_7seg.o
 .debug_frame   0x00000000000006f0      0x250 ./Core/Src/main.o
 .debug_frame   0x0000000000000940       0x78 ./Core/Src/software_timer.o
 .debug_frame   0x00000000000009b8       0x74 ./Core/Src/spi.o
 .debug_frame   0x0000000000000a2c       0x38 ./Core/Src/stm32f4xx_hal_msp.o
 .debug_frame   0x0000000000000a64      0x13c ./Core/Src/stm32f4xx_it.o
 .debug_frame   0x0000000000000ba0       0x58 ./Core/Src/system_stm32f4xx.o
 .debug_frame   0x0000000000000bf8       0x7c ./Core/Src/tim.o
 .debug_frame   0x0000000000000c74       0xe0 ./Core/Src/uart.o
 .debug_frame   0x0000000000000d54       0x74 ./Core/Src/usart.o
 .debug_frame   0x0000000000000dc8       0x60 ./Core/Src/utils.o
 .debug_frame   0x0000000000000e28      0x374 ./Drivers/STM32F4xx_HAL_Driver/Src/stm32f4xx_hal.o
 .debug_frame   0x000000000000119c      0x498 ./Drivers/STM32F4xx_HAL_Driver/Src/stm32f4xx_hal_cortex.o
 .debug_frame   0x0000000000001634      0x250 ./Drivers/STM32F4xx_HAL_Driver/Src/stm32f4xx_hal_dma.o
 .debug_frame   0x0000000000001884      0x14c ./Drivers/STM32F4xx_HAL_Driver/Src/stm32f4xx_hal_gpio.o
 .debug_frame   0x00000000000019d0      0xc5c ./Drivers/STM32F4xx_HAL_Driver/Src/stm32f4xx_hal_i2c.o
 .debug_frame   0x000000000000262c      0x1f0 ./Drivers/STM32F4xx_HAL_Driver/Src/stm32f4xx_hal_rcc.o
 .debug_frame   0x000000000000281c      0x824 ./Drivers/STM32F4xx_HAL_Driver/Src/stm32f4xx_hal_spi.o
 .debug_frame   0x0000000000003040      0x2a0 ./Drivers/STM32F4xx_HAL_Driver/Src/stm32f4xx_hal_sram.o
 .debug_frame   0x00000000000032e0     0x11c4 ./Drivers/STM32F4xx_HAL_Driver/Src/stm32f4xx_hal_tim.o
 .debug_frame   0x00000000000044a4      0x638 ./Drivers/STM32F4xx_HAL_Driver/Src/stm32f4xx_hal_tim_ex.o
 .debug_frame   0x0000000000004adc      0x92c ./Drivers/STM32F4xx_HAL_Driver/Src/stm32f4xx_hal_uart.o
 .debug_frame   0x0000000000005408      0x2dc ./Drivers/STM32F4xx_HAL_Driver/Src/stm32f4xx_ll_fsmc.o
 .debug_frame   0x00000000000056e4       0x2c c:/st/stm32cubeide_1.7.0/stm32cubeide/plugins/com.st.stm32cube.ide.mcu.externaltools.gnu-tools-for-stm32.9-2020-q2-update.win32_2.0.0.202105311346/tools/bin/../lib/gcc/arm-none-eabi/9.3.1/../../../../arm-none-eabi/lib/thumb/v7e-m+fp/hard\libc_nano.a(lib_a-init.o)
 .debug_frame   0x0000000000005710       0x20 c:/st/stm32cubeide_1.7.0/stm32cubeide/plugins/com.st.stm32cube.ide.mcu.externaltools.gnu-tools-for-stm32.9-2020-q2-update.win32_2.0.0.202105311346/tools/bin/../lib/gcc/arm-none-eabi/9.3.1/../../../../arm-none-eabi/lib/thumb/v7e-m+fp/hard\libc_nano.a(lib_a-memset.o)
 .debug_frame   0x0000000000005730       0x2c c:/st/stm32cubeide_1.7.0/stm32cubeide/plugins/com.st.stm32cube.ide.mcu.externaltools.gnu-tools-for-stm32.9-2020-q2-update.win32_2.0.0.202105311346/tools/bin/../lib/gcc/arm-none-eabi/9.3.1/thumb/v7e-m+fp/hard\libgcc.a(_aeabi_uldivmod.o)
 .debug_frame   0x000000000000575c       0x34 c:/st/stm32cubeide_1.7.0/stm32cubeide/plugins/com.st.stm32cube.ide.mcu.externaltools.gnu-tools-for-stm32.9-2020-q2-update.win32_2.0.0.202105311346/tools/bin/../lib/gcc/arm-none-eabi/9.3.1/thumb/v7e-m+fp/hard\libgcc.a(_udivmoddi4.o)
