main.c:128:5:main	24	static
main.c:242:6:SystemClock_Config	88	static
main.c:283:6:system_init	8	static
main.c:300:6:test_LedDebug	8	static
main.c:307:6:test_button	16	static
main.c:316:6:test_Uart	8	static
main.c:326:6:updateTime	8	static
main.c:335:6:buttonBai5	8	static
main.c:343:9:isButtonUp	4	static
main.c:350:9:isButtonDown	4	static
main.c:357:6:displayTime	24	static
main.c:368:6:adjustTime	24	static
main.c:442:6:setAlarm	24	static
main.c:469:6:checkAlarm	16	static
main.c:489:6:resendRequest	8	static
main.c:500:6:adjustTimeRS232	24	static
main.c:581:6:ProcessRingBufferData	16	static
main.c:657:6:Error_Handler	4	static,ignoring_inline_asm
