Archive member included to satisfy reference by file (symbol)

c:/st/stm32cubeide_1.7.0/stm32cubeide/plugins/com.st.stm32cube.ide.mcu.externaltools.gnu-tools-for-stm32.9-2020-q2-update.win32_2.0.0.202105311346/tools/bin/../lib/gcc/arm-none-eabi/9.3.1/../../../../arm-none-eabi/lib/thumb/v7e-m+fp/hard\libc_nano.a(lib_a-errno.o)
                              ./Core/Src/syscalls.o (__errno)
c:/st/stm32cubeide_1.7.0/stm32cubeide/plugins/com.st.stm32cube.ide.mcu.externaltools.gnu-tools-for-stm32.9-2020-q2-update.win32_2.0.0.202105311346/tools/bin/../lib/gcc/arm-none-eabi/9.3.1/../../../../arm-none-eabi/lib/thumb/v7e-m+fp/hard\libc_nano.a(lib_a-exit.o)
                              c:/st/stm32cubeide_1.7.0/stm32cubeide/plugins/com.st.stm32cube.ide.mcu.externaltools.gnu-tools-for-stm32.9-2020-q2-update.win32_2.0.0.202105311346/tools/bin/../lib/gcc/arm-none-eabi/9.3.1/../../../../arm-none-eabi/lib/thumb/v7e-m+fp/hard/crt0.o (exit)
c:/st/stm32cubeide_1.7.0/stm32cubeide/plugins/com.st.stm32cube.ide.mcu.externaltools.gnu-tools-for-stm32.9-2020-q2-update.win32_2.0.0.202105311346/tools/bin/../lib/gcc/arm-none-eabi/9.3.1/../../../../arm-none-eabi/lib/thumb/v7e-m+fp/hard\libc_nano.a(lib_a-impure.o)
                              c:/st/stm32cubeide_1.7.0/stm32cubeide/plugins/com.st.stm32cube.ide.mcu.externaltools.gnu-tools-for-stm32.9-2020-q2-update.win32_2.0.0.202105311346/tools/bin/../lib/gcc/arm-none-eabi/9.3.1/../../../../arm-none-eabi/lib/thumb/v7e-m+fp/hard\libc_nano.a(lib_a-exit.o) (_global_impure_ptr)
c:/st/stm32cubeide_1.7.0/stm32cubeide/plugins/com.st.stm32cube.ide.mcu.externaltools.gnu-tools-for-stm32.9-2020-q2-update.win32_2.0.0.202105311346/tools/bin/../lib/gcc/arm-none-eabi/9.3.1/../../../../arm-none-eabi/lib/thumb/v7e-m+fp/hard\libc_nano.a(lib_a-init.o)
                              c:/st/stm32cubeide_1.7.0/stm32cubeide/plugins/com.st.stm32cube.ide.mcu.externaltools.gnu-tools-for-stm32.9-2020-q2-update.win32_2.0.0.202105311346/tools/bin/../lib/gcc/arm-none-eabi/9.3.1/../../../../arm-none-eabi/lib/thumb/v7e-m+fp/hard/crt0.o (__libc_init_array)
c:/st/stm32cubeide_1.7.0/stm32cubeide/plugins/com.st.stm32cube.ide.mcu.externaltools.gnu-tools-for-stm32.9-2020-q2-update.win32_2.0.0.202105311346/tools/bin/../lib/gcc/arm-none-eabi/9.3.1/../../../../arm-none-eabi/lib/thumb/v7e-m+fp/hard\libc_nano.a(lib_a-memset.o)
                              c:/st/stm32cubeide_1.7.0/stm32cubeide/plugins/com.st.stm32cube.ide.mcu.externaltools.gnu-tools-for-stm32.9-2020-q2-update.win32_2.0.0.202105311346/tools/bin/../lib/gcc/arm-none-eabi/9.3.1/../../../../arm-none-eabi/lib/thumb/v7e-m+fp/hard/crt0.o (memset)
c:/st/stm32cubeide_1.7.0/stm32cubeide/plugins/com.st.stm32cube.ide.mcu.externaltools.gnu-tools-for-stm32.9-2020-q2-update.win32_2.0.0.202105311346/tools/bin/../lib/gcc/arm-none-eabi/9.3.1/../../../../arm-none-eabi/lib/thumb/v7e-m+fp/hard\libc_nano.a(lib_a-sprintf.o)
                              ./Core/Src/system.o (sprintf)
c:/st/stm32cubeide_1.7.0/stm32cubeide/plugins/com.st.stm32cube.ide.mcu.externaltools.gnu-tools-for-stm32.9-2020-q2-update.win32_2.0.0.202105311346/tools/bin/../lib/gcc/arm-none-eabi/9.3.1/../../../../arm-none-eabi/lib/thumb/v7e-m+fp/hard\libc_nano.a(lib_a-strlen.o)
                              ./Core/Src/lcd.o (strlen)
c:/st/stm32cubeide_1.7.0/stm32cubeide/plugins/com.st.stm32cube.ide.mcu.externaltools.gnu-tools-for-stm32.9-2020-q2-update.win32_2.0.0.202105311346/tools/bin/../lib/gcc/arm-none-eabi/9.3.1/../../../../arm-none-eabi/lib/thumb/v7e-m+fp/hard\libc_nano.a(lib_a-nano-svfprintf.o)
                              c:/st/stm32cubeide_1.7.0/stm32cubeide/plugins/com.st.stm32cube.ide.mcu.externaltools.gnu-tools-for-stm32.9-2020-q2-update.win32_2.0.0.202105311346/tools/bin/../lib/gcc/arm-none-eabi/9.3.1/../../../../arm-none-eabi/lib/thumb/v7e-m+fp/hard\libc_nano.a(lib_a-sprintf.o) (_svfprintf_r)
c:/st/stm32cubeide_1.7.0/stm32cubeide/plugins/com.st.stm32cube.ide.mcu.externaltools.gnu-tools-for-stm32.9-2020-q2-update.win32_2.0.0.202105311346/tools/bin/../lib/gcc/arm-none-eabi/9.3.1/../../../../arm-none-eabi/lib/thumb/v7e-m+fp/hard\libc_nano.a(lib_a-nano-vfprintf_i.o)
                              c:/st/stm32cubeide_1.7.0/stm32cubeide/plugins/com.st.stm32cube.ide.mcu.externaltools.gnu-tools-for-stm32.9-2020-q2-update.win32_2.0.0.202105311346/tools/bin/../lib/gcc/arm-none-eabi/9.3.1/../../../../arm-none-eabi/lib/thumb/v7e-m+fp/hard\libc_nano.a(lib_a-nano-svfprintf.o) (_printf_i)
c:/st/stm32cubeide_1.7.0/stm32cubeide/plugins/com.st.stm32cube.ide.mcu.externaltools.gnu-tools-for-stm32.9-2020-q2-update.win32_2.0.0.202105311346/tools/bin/../lib/gcc/arm-none-eabi/9.3.1/../../../../arm-none-eabi/lib/thumb/v7e-m+fp/hard\libc_nano.a(lib_a-memchr.o)
[...]
Memory Configuration

Name             Origin             Length             Attributes
CCMRAM           0x0000000010000000 0x0000000000010000 xrw
RAM              0x0000000020000000 0x0000000000020000 xrw
FLASH            0x0000000008000000 0x0000000000100000 xr
*default*        0x0000000000000000 0xffffffffffffffff

Linker script and memory map

LOAD c:/st/stm32cubeide_1.7.0/stm32cubeide/plugins/com.st.stm32cube.ide.mcu.externaltools.gnu-tools-for-stm32.9-2020-q2-update.win32_2.0.0.202105311346/tools/bin/../lib/gcc/arm-none-eabi/9.3.1/thumb/v7e-m+fp/hard/crti.o
LOAD c:/st/stm32cubeide_1.7.0/stm32cubeide/plugins/com.st.stm32cube.ide.mcu.externaltools.gnu-tools-for-stm32.9-2020-q2-update.win32_2.0.0.202105311346/tools/bin/../lib/gcc/arm-none-eabi/9.3.1/thumb/v7e-m+fp/hard/crtbegin.o
LOAD c:/st/stm32cubeide_1.7.0/stm32cubeide/plugins/com.st.stm32cube.ide.mcu.externaltools.gnu-tools-for-stm32.9-2020-q2-update.win32_2.0.0.202105311346/tools/bin/../lib/gcc/arm-none-eabi/9.3.1/../../../../arm-none-eabi/lib/thumb/v7e-m+fp/hard/crt0.o
LOAD ./Core/Src/adc.o
LOAD ./Core/Src/button.o
LOAD ./Core/Src/buzzer.o
LOAD ./Core/Src/dma.o
LOAD ./Core/Src/ds3231.o
LOAD ./Core/Src/fsmc.o
LOAD ./Core/Src/gpio.o
LOAD ./Core/Src/i2c.o
LOAD ./Core/Src/lcd.o
LOAD ./Core/Src/led_7seg.o
LOAD ./Core/Src/main.o
LOAD ./Core/Src/my_clock.o
LOAD ./Core/Src/my_display.o
LOAD ./Core/Src/picture.o
LOAD ./Core/Src/sensor.o
LOAD ./Core/Src/software_timer.o
LOAD ./Core/Src/spi.o
LOAD ./Core/Src/stm32f4xx_hal_msp.o
LOAD ./Core/Src/stm32f4xx_it.o
LOAD ./Core/Src/syscalls.o
LOAD ./Core/Src/sysmem.o
LOAD ./Core/Src/system.o
LOAD ./Core/Src/system_stm32f4xx.o
LOAD ./Core/Src/tim.o
LOAD ./Core/Src/uart.o
LOAD ./Core/Src/usart.o
LOAD ./Core/Src/utils.o
LOAD ./Core/Startup/startup_stm32f407zetx.o
LOAD ./Drivers/STM32F4xx_HAL_Driver/Src/stm32f4xx_hal.o
LOAD ./Drivers/STM32F4xx_HAL_Driver/Src/stm32f4xx_hal_adc.o
LOAD ./Drivers/STM32F4xx_HAL_Driver/Src/stm32f4xx_hal_adc_ex.o
LOAD ./Drivers/STM32F4xx_HAL_Driver/Src/stm32f4xx_hal_cortex.o
LOAD ./Drivers/STM32F4xx_HAL_Driver/Src/stm32f4xx_hal_dma.o
LOAD ./Drivers/STM32F4xx_HAL_Driver/Src/stm32f4xx_hal_dma_ex.o
LOAD ./Drivers/STM32F4xx_HAL_Driver/Src/stm32f4xx_hal_exti.o
LOAD ./Drivers/STM32F4xx_HAL_Driver/Src/stm32f4xx_hal_flash.o
LOAD ./Drivers/STM32F4xx_HAL_Driver/Src/stm32f4xx_hal_flash_ex.o
LOAD ./Drivers/STM32F4xx_HAL_Driver/Src/stm32f4xx_hal_flash_ramfunc.o
LOAD ./Drivers/STM32F4xx_HAL_Driver/Src/stm32f4xx_hal_gpio.o
LOAD ./Drivers/STM32F4xx_HAL_Driver/Src/stm32f4xx_hal_i2c.o
LOAD ./Drivers/STM32F4xx_HAL_Driver/Src/stm32f4xx_hal_i2c_ex.o
LOAD ./Drivers/STM32F4xx_HAL_Driver/Src/stm32f4xx_hal_pwr.o
LOAD ./Drivers/STM32F4xx_HAL_Driver/Src/stm32f4xx_hal_pwr_ex.o
LOAD ./Drivers/STM32F4xx_HAL_Driver/Src/stm32f4xx_hal_rcc.o
LOAD ./Drivers/STM32F4xx_HAL_Driver/Src/stm32f4xx_hal_rcc_ex.o
LOAD ./Drivers/STM32F4xx_HAL_Driver/Src/stm32f4xx_hal_spi.o
LOAD ./Drivers/STM32F4xx_HAL_Driver/Src/stm32f4xx_hal_sram.o
LOAD ./Drivers/STM32F4xx_HAL_Driver/Src/stm32f4xx_hal_tim.o
LOAD ./Drivers/STM32F4xx_HAL_Driver/Src/stm32f4xx_hal_tim_ex.o
LOAD ./Drivers/STM32F4xx_HAL_Driver/Src/stm32f4xx_hal_uart.o
LOAD ./Drivers/STM32F4xx_HAL_Driver/Src/stm32f4xx_ll_adc.o
LOAD ./Drivers/STM32F4xx_HAL_Driver/Src/stm32f4xx_ll_fsmc.o
START GROUP
LOAD c:/st/stm32cubeide_1.7.0/stm32cubeide/plugins/com.st.stm32cube.ide.mcu.externaltools.gnu-tools-for-stm32.9-2020-q2-update.win32_2.0.0.202105311346/tools/bin/../lib/gcc/arm-none-eabi/9.3.1/../../../../arm-none-eabi/lib/thumb/v7e-m+fp/hard\libc_nano.a
LOAD c:/st/stm32cubeide_1.7.0/stm32cubeide/plugins/com.st.stm32cube.ide.mcu.externaltools.gnu-tools-for-stm32.9-2020-q2-update.win32_2.0.0.202105311346/tools/bin/../lib/gcc/arm-none-eabi/9.3.1/../../../../arm-none-eabi/lib/thumb/v7e-m+fp/hard\libm.a
END GROUP
START GROUP
LOAD c:/st/stm32cubeide_1.7.0/stm32cubeide/plugins/com.st.stm32cube.ide.mcu.externaltools.gnu-tools-for-stm32.9-2020-q2-update.win32_2.0.0.202105311346/tools/bin/../lib/gcc/arm-none-eabi/9.3.1/thumb/v7e-m+fp/hard\libgcc.a
LOAD c:/st/stm32cubeide_1.7.0/stm32cubeide/plugins/com.st.stm32cube.ide.mcu.externaltools.gnu-tools-for-stm32.9-2020-q2-update.win32_2.0.0.202105311346/tools/bin/../lib/gcc/arm-none-eabi/9.3.1/../../../../arm-none-eabi/lib/thumb/v7e-m+fp/hard\libc_nano.a
END GROUP
START GROUP
LOAD c:/st/stm32cubeide_1.7.0/stm32cubeide/plugins/com.st.stm32cube.ide.mcu.externaltools.gnu-tools-for-stm32.9-2020-q2-update.win32_2.0.0.202105311346/tools/bin/../lib/gcc/arm-none-eabi/9.3.1/thumb/v7e-m+fp/hard\libgcc.a
LOAD c:/st/stm32cubeide_1.7.0/stm32cubeide/plugins/com.st.stm32cube.ide.mcu.externaltools.gnu-tools-for-stm32.9-2020-q2-update.win32_2.0.0.202105311346/tools/bin/../lib/gcc/arm-none-eabi/9.3.1/../../../../arm-none-eabi/lib/thumb/v7e-m+fp/hard\libc_nano.a
LOAD c:/st/stm32cubeide_1.7.0/stm32cubeide/plugins/com.st.stm32cube.ide.mcu.externaltools.gnu-tools-for-stm32.9-2020-q2-update.win32_2.0.0.202105311346/tools/bin/../lib/gcc/arm-none-eabi/9.3.1/../../../../arm-none-eabi/lib/thumb/v7e-m+fp/hard\libnosys.a
END GROUP
START GROUP
LOAD c:/st/stm32cubeide_1.7.0/stm32cubeide/plugins/com.st.stm32cube.ide.mcu.externaltools.gnu-tools-for-stm32.9-2020-q2-update.win32_2.0.0.202105311346/tools/bin/../lib/gcc/arm-none-eabi/9.3.1/thumb/v7e-m+fp/hard\libgcc.a
LOAD c:/st/stm32cubeide_1.7.0/stm32cubeide/plugins/com.st.stm32cube.ide.mcu.externaltools.gnu-tools-for-stm32.9-2020-q2-update.win32_2.0.0.202105311346/tools/bin/../lib/gcc/arm-none-eabi/9.3.1/../../../../arm-none-eabi/lib/thumb/v7e-m+fp/hard\libc_nano.a
LOAD c:/st/stm32cubeide_1.7.0/stm32cubeide/plugins/com.st.stm32cube.ide.mcu.externaltools.gnu-tools-for-stm32.9-2020-q2-update.win32_2.0.0.202105311346/tools/bin/../lib/gcc/arm-none-eabi/9.3.1/../../../../arm-none-eabi/lib/thumb/v7e-m+fp/hard\libnosys.a
END GROUP
LOAD c:/st/stm32cubeide_1.7.0/stm32cubeide/plugins/com.st.stm32cube.ide.mcu.externaltools.gnu-tools-for-stm32.9-2020-q2-update.win32_2.0.0.202105311346/tools/bin/../lib/gcc/arm-none-eabi/9.3.1/thumb/v7e-m+fp/hard/crtend.o
LOAD c:/st/stm32cubeide_1.7.0/stm32cubeide/plugins/com.st.stm32cube.ide.mcu.externaltools.gnu-tools-for-stm32.9-2020-q2-update.win32_2.0.0.202105311346/tools/bin/../lib/gcc/arm-none-eabi/9.3.1/thumb/v7e-m+fp/hard/crtn.o
                0x0000000020020000                _estack = (ORIGIN (RAM) + LENGTH (RAM))
                0x0000000000000200                _Min_Heap_Size = 0x200
                0x0000000000000400                _Min_Stack_Size = 0x400

.isr_vector     0x0000000008000000      0x188
                0x0000000008000000                . = ALIGN (0x4)
 *(.isr_vector)
 .isr_vector    0x0000000008000000      0x188 ./Core/Startup/startup_stm32f407zetx.o
                0x0000000008000000                g_pfnVectors
                0x0000000008000188                . = ALIGN (0x4)

.text           0x0000000008000190     0xa984
                0x0000000008000190                . = ALIGN (0x4)
 *(.text)
 .text          0x0000000008000190       0x40 c:/st/stm32cubeide_1.7.0/stm32cubeide/plugins/com.st.stm32cube.ide.mcu.externaltools.gnu-tools-for-stm32.9-2020-q2-update.win32_2.0.0.202105311346/tools/bin/../lib/gcc/arm-none-eabi/9.3.1/thumb/v7e-m+fp/hard/crtbegin.o
 .text          0x00000000080001d0       0xa0 c:/st/stm32cubeide_1.7.0/stm32cubeide/plugins/com.st.stm32cube.ide.mcu.externaltools.gnu-tools-for-stm32.9-2020-q2-update.win32_2.0.0.202105311346/tools/bin/../lib/gcc/arm-none-eabi/9.3.1/../../../../arm-none-eabi/lib/thumb/v7e-m+fp/hard\libc_nano.a(lib_a-memchr.o)
                0x00000000080001d0                memchr
 .text          0x0000000008000270      0x378 c:/st/stm32cubeide_1.7.0/stm32cubeide/plugins/com.st.stm32cube.ide.mcu.externaltools.gnu-tools-for-stm32.9-2020-q2-update.win32_2.0.0.202105311346/tools/bin/../lib/gcc/arm-none-eabi/9.3.1/thumb/v7e-m+fp/hard\libgcc.a(_arm_addsubdf3.o)
                0x0000000008000270                __aeabi_drsub
                0x0000000008000278                __aeabi_dsub
                0x0000000008000278                __subdf3
                0x000000000800027c                __aeabi_dadd
                0x000000000800027c                __adddf3
                0x00000000080004f4                __floatunsidf
                0x00000000080004f4                __aeabi_ui2d
                0x0000000008000514                __floatsidf
                0x0000000008000514                __aeabi_i2d
                0x0000000008000538                __aeabi_f2d
                0x0000000008000538                __extendsfdf2
                0x000000000800057c                __floatundidf
                0x000000000800057c                __aeabi_ul2d
                0x000000000800058c                __floatdidf
                0x000000000800058c                __aeabi_l2d
 .text          0x00000000080005e8      0x424 c:/st/stm32cubeide_1.7.0/stm32cubeide/plugins/com.st.stm32cube.ide.mcu.externaltools.gnu-tools-for-stm32.9-2020-q2-update.win32_2.0.0.202105311346/tools/bin/../lib/gcc/arm-none-eabi/9.3.1/thumb/v7e-m+fp/hard\libgcc.a(_arm_muldivdf3.o)
                0x00000000080005e8                __aeabi_dmul
                0x00000000080005e8                __muldf3
                0x000000000800083c                __divdf3
                0x000000000800083c                __aeabi_ddiv
 .text          0x0000000008000a0c       0x40 c:/st/stm32cubeide_1.7.0/stm32cubeide/plugins/com.st.stm32cube.ide.mcu.externaltools.gnu-tools-for-stm32.9-2020-q2-update.win32_2.0.0.202105311346/tools/bin/../lib/gcc/arm-none-eabi/9.3.1/thumb/v7e-m+fp/hard\libgcc.a(_arm_fixunsdfsi.o)
                0x0000000008000a0c                __aeabi_d2uiz
                0x0000000008000a0c                __fixunsdfsi
 .text          0x0000000008000a4c       0xa0 c:/st/stm32cubeide_1.7.0/stm32cubeide/plugins/com.st.stm32cube.ide.mcu.externaltools.gnu-tools-for-stm32.9-2020-q2-update.win32_2.0.0.202105311346/tools/bin/../lib/gcc/arm-none-eabi/9.3.1/thumb/v7e-m+fp/hard\libgcc.a(_arm_truncdfsf2.o)
                0x0000000008000a4c                __truncdfsf2
                0x0000000008000a4c                __aeabi_d2f
 .text          0x0000000008000aec       0x30 c:/st/stm32cubeide_1.7.0/stm32cubeide/plugins/com.st.stm32cube.ide.mcu.externaltools.gnu-tools-for-stm32.9-2020-q2-update.win32_2.0.0.202105311346/tools/bin/../lib/gcc/arm-none-eabi/9.3.1/thumb/v7e-m+fp/hard\libgcc.a(_aeabi_uldivmod.o)
                0x0000000008000aec                __aeabi_uldivmod
 .text          0x0000000008000b1c      0x2c4 c:/st/stm32cubeide_1.7.0/stm32cubeide/plugins/com.st.stm32cube.ide.mcu.externaltools.gnu-tools-for-stm32.9-2020-q2-update.win32_2.0.0.202105311346/tools/bin/../lib/gcc/arm-none-eabi/9.3.1/thumb/v7e-m+fp/hard\libgcc.a(_udivmoddi4.o)
                0x0000000008000b1c                __udivmoddi4
 .text          0x0000000008000de0        0x4 c:/st/stm32cubeide_1.7.0/stm32cubeide/plugins/com.st.stm32cube.ide.mcu.externaltools.gnu-tools-for-stm32.9-2020-q2-update.win32_2.0.0.202105311346/tools/bin/../lib/gcc/arm-none-eabi/9.3.1/thumb/v7e-m+fp/hard\libgcc.a(_dvmd_tls.o)
                0x0000000008000de0                __aeabi_idiv0
                0x0000000008000de0                __aeabi_ldiv0
 *(.text*)
 .text.MX_ADC1_Init
                0x0000000008000de4      0x114 ./Core/Src/adc.o
                0x0000000008000de4                MX_ADC1_Init
 .text.HAL_ADC_MspInit
                0x0000000008000ef8      0x128 ./Core/Src/adc.o
                0x0000000008000ef8                HAL_ADC_MspInit
 .text.button_init
                0x0000000008001020       0x18 ./Core/Src/button.o
                0x0000000008001020                button_init
 .text.button_Scan
                0x0000000008001038       0xd8 ./Core/Src/button.o
                0x0000000008001038                button_Scan
 .text.is_button_pressed
                0x0000000008001110       0x38 ./Core/Src/button.o
                0x0000000008001110                is_button_pressed
 .text.is_button_long_pressed
                0x0000000008001148       0x38 ./Core/Src/button.o
                0x0000000008001148                is_button_long_pressed
 .text.buzzer_init
                0x0000000008001180       0x14 ./Core/Src/buzzer.o
                0x0000000008001180                buzzer_init
 .text.buzzer_SetVolume
                0x0000000008001194       0x30 ./Core/Src/buzzer.o
                0x0000000008001194                buzzer_SetVolume
 .text.MX_DMA_Init
                0x00000000080011c4       0x40 ./Core/Src/dma.o
                0x00000000080011c4                MX_DMA_Init
 .text.ds3231_Write
                0x0000000008001204       0x44 ./Core/Src/ds3231.o
                0x0000000008001204                ds3231_Write
 .text.ds3231_ReadTime
                0x0000000008001248       0xc8 ./Core/Src/ds3231.o
                0x0000000008001248                ds3231_ReadTime
 .text.MX_FSMC_Init
                0x0000000008001310       0xf4 ./Core/Src/fsmc.o
                0x0000000008001310                MX_FSMC_Init
 .text.HAL_FSMC_MspInit
                0x0000000008001404       0x98 ./Core/Src/fsmc.o
 .text.HAL_SRAM_MspInit
                0x000000000800149c       0x14 ./Core/Src/fsmc.o
                0x000000000800149c                HAL_SRAM_MspInit
 .text.MX_GPIO_Init
                0x00000000080014b0      0x20c ./Core/Src/gpio.o
                0x00000000080014b0                MX_GPIO_Init
 .text.MX_I2C1_Init
                0x00000000080016bc       0x5c ./Core/Src/i2c.o
                0x00000000080016bc                MX_I2C1_Init
 .text.HAL_I2C_MspInit
                0x0000000008001718       0x90 ./Core/Src/i2c.o
                0x0000000008001718                HAL_I2C_MspInit
 .text.LCD_WR_REG
                0x00000000080017a8       0x20 ./Core/Src/lcd.o
                0x00000000080017a8                LCD_WR_REG
 .text.LCD_WR_DATA
                0x00000000080017c8       0x20 ./Core/Src/lcd.o
 .text.LCD_RD_DATA
                0x00000000080017e8       0x24 ./Core/Src/lcd.o
 .text.lcd_AddressSet
                0x000000000800180c       0x98 ./Core/Src/lcd.o
                0x000000000800180c                lcd_AddressSet
 .text.lcd_Clear
                0x00000000080018a4       0x64 ./Core/Src/lcd.o
                0x00000000080018a4                lcd_Clear
 .text.lcd_Fill
                0x0000000008001908       0x6c ./Core/Src/lcd.o
                0x0000000008001908                lcd_Fill
 .text.lcd_DrawPoint
                0x0000000008001974       0x2e ./Core/Src/lcd.o
                0x0000000008001974                lcd_DrawPoint
 .text.lcd_DrawLine
                0x00000000080019a2      0x108 ./Core/Src/lcd.o
                0x00000000080019a2                lcd_DrawLine
 .text.lcd_DrawRectangle
                0x0000000008001aaa       0x6e ./Core/Src/lcd.o
                0x0000000008001aaa                lcd_DrawRectangle
 .text.lcd_ShowChar
                0x0000000008001b18      0x1a0 ./Core/Src/lcd.o
                0x0000000008001b18                lcd_ShowChar
 .text.mypow    0x0000000008001cb8       0x38 ./Core/Src/lcd.o
                0x0000000008001cb8                mypow
 .text.lcd_ShowIntNum
                0x0000000008001cf0       0xfc ./Core/Src/lcd.o
                0x0000000008001cf0                lcd_ShowIntNum
 .text.lcd_ShowFloatNum
                0x0000000008001dec      0x110 ./Core/Src/lcd.o
                0x0000000008001dec                lcd_ShowFloatNum
 .text.lcd_SetDir
                0x0000000008001efc       0x48 ./Core/Src/lcd.o
                0x0000000008001efc                lcd_SetDir
 .text.lcd_init
                0x0000000008001f44      0x2c0 ./Core/Src/lcd.o
                0x0000000008001f44                lcd_init
 .text.lcd_ShowStr
                0x0000000008002204       0xc8 ./Core/Src/lcd.o
                0x0000000008002204                lcd_ShowStr
 .text.led7_init
                0x00000000080022cc       0x18 ./Core/Src/led_7seg.o
                0x00000000080022cc                led7_init
 .text.led7_SetDigit
                0x00000000080022e4       0x48 ./Core/Src/led_7seg.o
                0x00000000080022e4                led7_SetDigit
 .text.led7_SetColon
                0x000000000800232c       0x40 ./Core/Src/led_7seg.o
                0x000000000800232c                led7_SetColon
 .text.sys_init
                0x000000000800236c       0x62 ./Core/Src/main.o
                0x000000000800236c                sys_init
 *fill*         0x00000000080023ce        0x2 
 .text.main     0x00000000080023d0       0x94 ./Core/Src/main.o
                0x00000000080023d0                main
 .text.SystemClock_Config
                0x0000000008002464       0xd4 ./Core/Src/main.o
                0x0000000008002464                SystemClock_Config
 .text.current_time
                0x0000000008002538       0xec ./Core/Src/main.o
                0x0000000008002538                current_time
 .text.Error_Handler
                0x0000000008002624        0xa ./Core/Src/main.o
                0x0000000008002624                Error_Handler
 .text.alarm    0x000000000800262e        0xe ./Core/Src/my_clock.o
                0x000000000800262e                alarm
 .text.fsm_clock
                0x000000000800263c       0x54 ./Core/Src/my_clock.o
                0x000000000800263c                fsm_clock
 .text.fsm_alarm
                0x0000000008002690      0x304 ./Core/Src/my_clock.o
                0x0000000008002690                fsm_alarm
 .text.fsm_changing
                0x0000000008002994      0x370 ./Core/Src/my_clock.o
                0x0000000008002994                fsm_changing
 .text.reset_str
                0x0000000008002d04       0x28 ./Core/Src/my_clock.o
                0x0000000008002d04                reset_str
 .text.button0_fsm
                0x0000000008002d2c       0xac ./Core/Src/my_clock.o
                0x0000000008002d2c                button0_fsm
 .text.button2_fsm
                0x0000000008002dd8      0x1ac ./Core/Src/my_clock.o
                0x0000000008002dd8                button2_fsm
 .text.increase_value
                0x0000000008002f84      0x170 ./Core/Src/my_clock.o
                0x0000000008002f84                increase_value
 .text.button1_fsm
                0x00000000080030f4       0xc4 ./Core/Src/my_clock.o
                0x00000000080030f4                button1_fsm
 .text.update_clock
                0x00000000080031b8       0x80 ./Core/Src/my_clock.o
                0x00000000080031b8                update_clock
 .text.display_all_clock
                0x0000000008003238       0x78 ./Core/Src/my_clock.o
                0x0000000008003238                display_all_clock
 .text.display_mode
                0x00000000080032b0        0xe ./Core/Src/my_clock.o
                0x00000000080032b0                display_mode
 .text.display_all_alarm
                0x00000000080032be        0xe ./Core/Src/my_clock.o
                0x00000000080032be                display_all_alarm
 .text.init_box
                0x00000000080032cc       0x74 ./Core/Src/my_display.o
                0x00000000080032cc                init_box
 .text.dis_sec  0x0000000008003340       0x7c ./Core/Src/my_display.o
                0x0000000008003340                dis_sec
 .text.dis_min  0x00000000080033bc       0x7c ./Core/Src/my_display.o
                0x00000000080033bc                dis_min
 .text.dis_hour
                0x0000000008003438       0x7c ./Core/Src/my_display.o
                0x0000000008003438                dis_hour
 .text.dis_day  0x00000000080034b4       0xb4 ./Core/Src/my_display.o
                0x00000000080034b4                dis_day
 .text.dis_date
                0x0000000008003568       0x7c ./Core/Src/my_display.o
                0x0000000008003568                dis_date
 .text.dis_month
                0x00000000080035e4       0x7c ./Core/Src/my_display.o
                0x00000000080035e4                dis_month
 .text.dis_year
                0x0000000008003660       0x7c ./Core/Src/my_display.o
                0x0000000008003660                dis_year
 .text.sensor_init
                0x00000000080036dc       0x1c ./Core/Src/sensor.o
                0x00000000080036dc                sensor_init
 .text.sensor_Read
                0x00000000080036f8       0x1c ./Core/Src/sensor.o
                0x00000000080036f8                sensor_Read
 .text.sensor_GetLight
                0x0000000008003714       0x18 ./Core/Src/sensor.o
                0x0000000008003714                sensor_GetLight
 .text.sensor_GetPotentiometer
                0x000000000800372c       0x18 ./Core/Src/sensor.o
                0x000000000800372c                sensor_GetPotentiometer
 *fill*         0x0000000008003744        0x4 
 .text.sensor_GetVoltage
                0x0000000008003748       0x78 ./Core/Src/sensor.o
                0x0000000008003748                sensor_GetVoltage
 .text.sensor_GetCurrent
                0x00000000080037c0       0xb8 ./Core/Src/sensor.o
                0x00000000080037c0                sensor_GetCurrent
 .text.sensor_GetTemperature
                0x0000000008003878       0x3c ./Core/Src/sensor.o
                0x0000000008003878                sensor_GetTemperature
 .text.HAL_TIM_PeriodElapsedCallback
                0x00000000080038b4       0x14 ./Core/Src/software_timer.o
                0x00000000080038b4                HAL_TIM_PeriodElapsedCallback
 .text.set_timer
                0x00000000080038c8       0x58 ./Core/Src/software_timer.o
                0x00000000080038c8                set_timer
 .text.run_timer
                0x0000000008003920       0x64 ./Core/Src/software_timer.o
                0x0000000008003920                run_timer
 .text.is_timer_on
                0x0000000008003984       0x2c ./Core/Src/software_timer.o
                0x0000000008003984                is_timer_on
 .text.MX_SPI1_Init
                0x00000000080039b0       0x6c ./Core/Src/spi.o
                0x00000000080039b0                MX_SPI1_Init
 .text.HAL_SPI_MspInit
                0x0000000008003a1c       0x90 ./Core/Src/spi.o
                0x0000000008003a1c                HAL_SPI_MspInit
 .text.HAL_MspInit
                0x0000000008003aac       0x50 ./Core/Src/stm32f4xx_hal_msp.o
                0x0000000008003aac                HAL_MspInit
 .text.NMI_Handler
                0x0000000008003afc        0x6 ./Core/Src/stm32f4xx_it.o
                0x0000000008003afc                NMI_Handler
 .text.HardFault_Handler
                0x0000000008003b02        0x6 ./Core/Src/stm32f4xx_it.o
                0x0000000008003b02                HardFault_Handler
 .text.MemManage_Handler
                0x0000000008003b08        0x6 ./Core/Src/stm32f4xx_it.o
                0x0000000008003b08                MemManage_Handler
 .text.BusFault_Handler
                0x0000000008003b0e        0x6 ./Core/Src/stm32f4xx_it.o
                0x0000000008003b0e                BusFault_Handler
 .text.UsageFault_Handler
                0x0000000008003b14        0x6 ./Core/Src/stm32f4xx_it.o
                0x0000000008003b14                UsageFault_Handler
 .text.SVC_Handler
                0x0000000008003b1a        0xe ./Core/Src/stm32f4xx_it.o
                0x0000000008003b1a                SVC_Handler
 .text.DebugMon_Handler
                0x0000000008003b28        0xe ./Core/Src/stm32f4xx_it.o
                0x0000000008003b28                DebugMon_Handler
 .text.PendSV_Handler
                0x0000000008003b36        0xe ./Core/Src/stm32f4xx_it.o
                0x0000000008003b36                PendSV_Handler
 .text.SysTick_Handler
                0x0000000008003b44        0xc ./Core/Src/stm32f4xx_it.o
                0x0000000008003b44                SysTick_Handler
 .text.TIM2_IRQHandler
                0x0000000008003b50       0x14 ./Core/Src/stm32f4xx_it.o
                0x0000000008003b50                TIM2_IRQHandler
 .text.USART1_IRQHandler
                0x0000000008003b64       0x14 ./Core/Src/stm32f4xx_it.o
                0x0000000008003b64                USART1_IRQHandler
 .text.DMA2_Stream0_IRQHandler
                0x0000000008003b78       0x14 ./Core/Src/stm32f4xx_it.o
                0x0000000008003b78                DMA2_Stream0_IRQHandler
 .text._sbrk    0x0000000008003b8c       0x6c ./Core/Src/sysmem.o
                0x0000000008003b8c                _sbrk
 .text.sensor_diplay
                0x0000000008003bf8      0x16c ./Core/Src/system.o
                0x0000000008003bf8                sensor_diplay
 .text.LCD_show_sensor
                0x0000000008003d64      0x220 ./Core/Src/system.o
                0x0000000008003d64                LCD_show_sensor
 .text.uart_test
                0x0000000008003f84      0x134 ./Core/Src/system.o
                0x0000000008003f84                uart_test
 .text.drawGraph
                0x00000000080040b8      0x128 ./Core/Src/system.o
                0x00000000080040b8                drawGraph
 .text.updateGraph
                0x00000000080041e0       0x8c ./Core/Src/system.o
                0x00000000080041e0                updateGraph
 .text.system_loop
                0x000000000800426c       0x3c ./Core/Src/system.o
                0x000000000800426c                system_loop
 .text.SystemInit
                0x00000000080042a8       0x24 ./Core/Src/system_stm32f4xx.o
                0x00000000080042a8                SystemInit
 .text.MX_TIM2_Init
                0x00000000080042cc       0x98 ./Core/Src/tim.o
                0x00000000080042cc                MX_TIM2_Init
 .text.MX_TIM13_Init
                0x0000000008004364       0x9c ./Core/Src/tim.o
                0x0000000008004364                MX_TIM13_Init
 .text.HAL_TIM_Base_MspInit
                0x0000000008004400       0x78 ./Core/Src/tim.o
                0x0000000008004400                HAL_TIM_Base_MspInit
 .text.HAL_TIM_MspPostInit
                0x0000000008004478       0x74 ./Core/Src/tim.o
                0x0000000008004478                HAL_TIM_MspPostInit
 .text.uart_init_rs232
                0x00000000080044ec       0x1c ./Core/Src/uart.o
                0x00000000080044ec                uart_init_rs232
 .text.uart_Rs232SendString
                0x0000000008004508       0x34 ./Core/Src/uart.o
                0x0000000008004508                uart_Rs232SendString
 .text.uart_Rs232SendNum
                0x000000000800453c       0xac ./Core/Src/uart.o
                0x000000000800453c                uart_Rs232SendNum
 .text.HAL_UART_RxCpltCallback
                0x00000000080045e8       0x3c ./Core/Src/uart.o
                0x00000000080045e8                HAL_UART_RxCpltCallback
 .text.MX_USART1_UART_Init
                0x0000000008004624       0x54 ./Core/Src/usart.o
                0x0000000008004624                MX_USART1_UART_Init
 .text.HAL_UART_MspInit
                0x0000000008004678       0xa0 ./Core/Src/usart.o
                0x0000000008004678                HAL_UART_MspInit
 .text.BCD2DEC  0x0000000008004718       0x32 ./Core/Src/utils.o
                0x0000000008004718                BCD2DEC
 *fill*         0x000000000800474a        0x2 
 .text.DEC2BCD  0x000000000800474c       0x48 ./Core/Src/utils.o
                0x000000000800474c                DEC2BCD
 .text.Reset_Handler
                0x0000000008004794       0x50 ./Core/Startup/startup_stm32f407zetx.o
                0x0000000008004794                Reset_Handler
 .text.Default_Handler
                0x00000000080047e4        0x2 ./Core/Startup/startup_stm32f407zetx.o
                0x00000000080047e4                RTC_Alarm_IRQHandler
                0x00000000080047e4                HASH_RNG_IRQHandler
                0x00000000080047e4                EXTI2_IRQHandler
                0x00000000080047e4                TIM8_CC_IRQHandler
                0x00000000080047e4                TIM1_CC_IRQHandler
                0x00000000080047e4                DMA2_Stream5_IRQHandler
                0x00000000080047e4                DMA1_Stream5_IRQHandler
                0x00000000080047e4                PVD_IRQHandler
                0x00000000080047e4                SDIO_IRQHandler
                0x00000000080047e4                TAMP_STAMP_IRQHandler
                0x00000000080047e4                CAN2_RX1_IRQHandler
                0x00000000080047e4                EXTI3_IRQHandler
                0x00000000080047e4                TIM8_TRG_COM_TIM14_IRQHandler
                0x00000000080047e4                TIM1_UP_TIM10_IRQHandler
                0x00000000080047e4                TIM8_UP_TIM13_IRQHandler
                0x00000000080047e4                I2C3_ER_IRQHandler
                0x00000000080047e4                EXTI0_IRQHandler
                0x00000000080047e4                I2C2_EV_IRQHandler
                0x00000000080047e4                DMA1_Stream2_IRQHandler
                0x00000000080047e4                CAN1_RX0_IRQHandler
                0x00000000080047e4                FPU_IRQHandler
                0x00000000080047e4                OTG_HS_WKUP_IRQHandler
                0x00000000080047e4                CAN2_SCE_IRQHandler
                0x00000000080047e4                DMA2_Stream2_IRQHandler
                0x00000000080047e4                SPI1_IRQHandler
                0x00000000080047e4                TIM6_DAC_IRQHandler
                0x00000000080047e4                TIM1_BRK_TIM9_IRQHandler
                0x00000000080047e4                DCMI_IRQHandler
                0x00000000080047e4                CAN2_RX0_IRQHandler
                0x00000000080047e4                DMA2_Stream3_IRQHandler
                0x00000000080047e4                USART6_IRQHandler
                0x00000000080047e4                USART3_IRQHandler
                0x00000000080047e4                CAN1_RX1_IRQHandler
                0x00000000080047e4                UART5_IRQHandler
                0x00000000080047e4                TIM4_IRQHandler
                0x00000000080047e4                I2C1_EV_IRQHandler
                0x00000000080047e4                DMA1_Stream6_IRQHandler
                0x00000000080047e4                DMA1_Stream1_IRQHandler
                0x00000000080047e4                UART4_IRQHandler
                0x00000000080047e4                TIM3_IRQHandler
                0x00000000080047e4                RCC_IRQHandler
                0x00000000080047e4                TIM8_BRK_TIM12_IRQHandler
                0x00000000080047e4                Default_Handler
                0x00000000080047e4                EXTI15_10_IRQHandler
                0x00000000080047e4                ADC_IRQHandler
                0x00000000080047e4                DMA1_Stream7_IRQHandler
                0x00000000080047e4                TIM7_IRQHandler
                0x00000000080047e4                CAN2_TX_IRQHandler
                0x00000000080047e4                TIM5_IRQHandler
                0x00000000080047e4                DMA2_Stream7_IRQHandler
                0x00000000080047e4                I2C3_EV_IRQHandler
                0x00000000080047e4                EXTI9_5_IRQHandler
                0x00000000080047e4                RTC_WKUP_IRQHandler
                0x00000000080047e4                ETH_WKUP_IRQHandler
                0x00000000080047e4                SPI2_IRQHandler
                0x00000000080047e4                OTG_HS_EP1_IN_IRQHandler
                0x00000000080047e4                DMA1_Stream0_IRQHandler
                0x00000000080047e4                CAN1_TX_IRQHandler
                0x00000000080047e4                EXTI4_IRQHandler
                0x00000000080047e4                FSMC_IRQHandler
                0x00000000080047e4                ETH_IRQHandler
                0x00000000080047e4                OTG_HS_EP1_OUT_IRQHandler
                0x00000000080047e4                WWDG_IRQHandler
                0x00000000080047e4                OTG_FS_WKUP_IRQHandler
                0x00000000080047e4                TIM1_TRG_COM_TIM11_IRQHandler
                0x00000000080047e4                OTG_HS_IRQHandler
                0x00000000080047e4                EXTI1_IRQHandler
                0x00000000080047e4                USART2_IRQHandler
                0x00000000080047e4                I2C2_ER_IRQHandler
                0x00000000080047e4                DMA2_Stream1_IRQHandler
                0x00000000080047e4                CAN1_SCE_IRQHandler
                0x00000000080047e4                FLASH_IRQHandler
                0x00000000080047e4                DMA2_Stream4_IRQHandler
                0x00000000080047e4                OTG_FS_IRQHandler
                0x00000000080047e4                SPI3_IRQHandler
                0x00000000080047e4                DMA1_Stream4_IRQHandler
                0x00000000080047e4                I2C1_ER_IRQHandler
                0x00000000080047e4                DMA2_Stream6_IRQHandler
                0x00000000080047e4                DMA1_Stream3_IRQHandler
 *fill*         0x00000000080047e6        0x2 
 .text.HAL_Init
                0x00000000080047e8       0x44 ./Drivers/STM32F4xx_HAL_Driver/Src/stm32f4xx_hal.o
                0x00000000080047e8                HAL_Init
 .text.HAL_InitTick
                0x000000000800482c       0x60 ./Drivers/STM32F4xx_HAL_Driver/Src/stm32f4xx_hal.o
                0x000000000800482c                HAL_InitTick
 .text.HAL_IncTick
                0x000000000800488c       0x28 ./Drivers/STM32F4xx_HAL_Driver/Src/stm32f4xx_hal.o
                0x000000000800488c                HAL_IncTick
 .text.HAL_GetTick
                0x00000000080048b4       0x18 ./Drivers/STM32F4xx_HAL_Driver/Src/stm32f4xx_hal.o
                0x00000000080048b4                HAL_GetTick
 .text.HAL_Delay
                0x00000000080048cc       0x48 ./Drivers/STM32F4xx_HAL_Driver/Src/stm32f4xx_hal.o
                0x00000000080048cc                HAL_Delay
 .text.HAL_ADC_Init
                0x0000000008004914       0x86 ./Drivers/STM32F4xx_HAL_Driver/Src/stm32f4xx_hal_adc.o
                0x0000000008004914                HAL_ADC_Init
 *fill*         0x000000000800499a        0x2 
 .text.HAL_ADC_Start_DMA
                0x000000000800499c      0x220 ./Drivers/STM32F4xx_HAL_Driver/Src/stm32f4xx_hal_adc.o
                0x000000000800499c                HAL_ADC_Start_DMA
 .text.HAL_ADC_ConvCpltCallback
                0x0000000008004bbc       0x14 ./Drivers/STM32F4xx_HAL_Driver/Src/stm32f4xx_hal_adc.o
                0x0000000008004bbc                HAL_ADC_ConvCpltCallback
 .text.HAL_ADC_ConvHalfCpltCallback
                0x0000000008004bd0       0x14 ./Drivers/STM32F4xx_HAL_Driver/Src/stm32f4xx_hal_adc.o
                0x0000000008004bd0                HAL_ADC_ConvHalfCpltCallback
 .text.HAL_ADC_ErrorCallback
                0x0000000008004be4       0x14 ./Drivers/STM32F4xx_HAL_Driver/Src/stm32f4xx_hal_adc.o
                0x0000000008004be4                HAL_ADC_ErrorCallback
 .text.HAL_ADC_ConfigChannel
                0x0000000008004bf8      0x244 ./Drivers/STM32F4xx_HAL_Driver/Src/stm32f4xx_hal_adc.o
                0x0000000008004bf8                HAL_ADC_ConfigChannel
 .text.ADC_Init
                0x0000000008004e3c      0x1f8 ./Drivers/STM32F4xx_HAL_Driver/Src/stm32f4xx_hal_adc.o
 .text.ADC_DMAConvCplt
                0x0000000008005034       0xba ./Drivers/STM32F4xx_HAL_Driver/Src/stm32f4xx_hal_adc.o
 .text.ADC_DMAHalfConvCplt
                0x00000000080050ee       0x1c ./Drivers/STM32F4xx_HAL_Driver/Src/stm32f4xx_hal_adc.o
 .text.ADC_DMAError
                0x000000000800510a       0x2e ./Drivers/STM32F4xx_HAL_Driver/Src/stm32f4xx_hal_adc.o
 .text.__NVIC_SetPriorityGrouping
                0x0000000008005138       0x48 ./Drivers/STM32F4xx_HAL_Driver/Src/stm32f4xx_hal_cortex.o
 .text.__NVIC_GetPriorityGrouping
                0x0000000008005180       0x1c ./Drivers/STM32F4xx_HAL_Driver/Src/stm32f4xx_hal_cortex.o
 .text.__NVIC_EnableIRQ
                0x000000000800519c       0x3c ./Drivers/STM32F4xx_HAL_Driver/Src/stm32f4xx_hal_cortex.o
 .text.__NVIC_SetPriority
                0x00000000080051d8       0x54 ./Drivers/STM32F4xx_HAL_Driver/Src/stm32f4xx_hal_cortex.o
 .text.NVIC_EncodePriority
                0x000000000800522c       0x66 ./Drivers/STM32F4xx_HAL_Driver/Src/stm32f4xx_hal_cortex.o
 *fill*         0x0000000008005292        0x2 
 .text.SysTick_Config
                0x0000000008005294       0x44 ./Drivers/STM32F4xx_HAL_Driver/Src/stm32f4xx_hal_cortex.o
 .text.HAL_NVIC_SetPriorityGrouping
                0x00000000080052d8       0x16 ./Drivers/STM32F4xx_HAL_Driver/Src/stm32f4xx_hal_cortex.o
                0x00000000080052d8                HAL_NVIC_SetPriorityGrouping
 .text.HAL_NVIC_SetPriority
                0x00000000080052ee       0x38 ./Drivers/STM32F4xx_HAL_Driver/Src/stm32f4xx_hal_cortex.o
                0x00000000080052ee                HAL_NVIC_SetPriority
 .text.HAL_NVIC_EnableIRQ
                0x0000000008005326       0x1c ./Drivers/STM32F4xx_HAL_Driver/Src/stm32f4xx_hal_cortex.o
                0x0000000008005326                HAL_NVIC_EnableIRQ
 .text.HAL_SYSTICK_Config
                0x0000000008005342       0x18 ./Drivers/STM32F4xx_HAL_Driver/Src/stm32f4xx_hal_cortex.o
                0x0000000008005342                HAL_SYSTICK_Config
 *fill*         0x000000000800535a        0x2 
 .text.HAL_DMA_Init
                0x000000000800535c      0x15c ./Drivers/STM32F4xx_HAL_Driver/Src/stm32f4xx_hal_dma.o
                0x000000000800535c                HAL_DMA_Init
 .text.HAL_DMA_Start_IT
                0x00000000080054b8       0xb0 ./Drivers/STM32F4xx_HAL_Driver/Src/stm32f4xx_hal_dma.o
                0x00000000080054b8                HAL_DMA_Start_IT
 .text.HAL_DMA_Abort
                0x0000000008005568       0xe0 ./Drivers/STM32F4xx_HAL_Driver/Src/stm32f4xx_hal_dma.o
                0x0000000008005568                HAL_DMA_Abort
 .text.HAL_DMA_Abort_IT
                0x0000000008005648       0x44 ./Drivers/STM32F4xx_HAL_Driver/Src/stm32f4xx_hal_dma.o
                0x0000000008005648                HAL_DMA_Abort_IT
 .text.HAL_DMA_IRQHandler
                0x000000000800568c      0x314 ./Drivers/STM32F4xx_HAL_Driver/Src/stm32f4xx_hal_dma.o
                0x000000000800568c                HAL_DMA_IRQHandler
 .text.DMA_SetConfig
                0x00000000080059a0       0x5c ./Drivers/STM32F4xx_HAL_Driver/Src/stm32f4xx_hal_dma.o
 .text.DMA_CalcBaseAndBitshift
                0x00000000080059fc       0x6c ./Drivers/STM32F4xx_HAL_Driver/Src/stm32f4xx_hal_dma.o
 .text.DMA_CheckFifoParam
                0x0000000008005a68       0xf8 ./Drivers/STM32F4xx_HAL_Driver/Src/stm32f4xx_hal_dma.o
 .text.HAL_GPIO_Init
                0x0000000008005b60      0x338 ./Drivers/STM32F4xx_HAL_Driver/Src/stm32f4xx_hal_gpio.o
                0x0000000008005b60                HAL_GPIO_Init
 .text.HAL_GPIO_WritePin
                0x0000000008005e98       0x32 ./Drivers/STM32F4xx_HAL_Driver/Src/stm32f4xx_hal_gpio.o
                0x0000000008005e98                HAL_GPIO_WritePin
 *fill*         0x0000000008005eca        0x2 
 .text.HAL_I2C_Init
                0x0000000008005ecc      0x288 ./Drivers/STM32F4xx_HAL_Driver/Src/stm32f4xx_hal_i2c.o
                0x0000000008005ecc                HAL_I2C_Init
 .text.HAL_I2C_Mem_Write
                0x0000000008006154      0x1f4 ./Drivers/STM32F4xx_HAL_Driver/Src/stm32f4xx_hal_i2c.o
                0x0000000008006154                HAL_I2C_Mem_Write
 .text.HAL_I2C_Mem_Read
                0x0000000008006348      0x44c ./Drivers/STM32F4xx_HAL_Driver/Src/stm32f4xx_hal_i2c.o
                0x0000000008006348                HAL_I2C_Mem_Read
 .text.I2C_RequestMemoryWrite
                0x0000000008006794      0x12c ./Drivers/STM32F4xx_HAL_Driver/Src/stm32f4xx_hal_i2c.o
 .text.I2C_RequestMemoryRead
                0x00000000080068c0      0x1d0 ./Drivers/STM32F4xx_HAL_Driver/Src/stm32f4xx_hal_i2c.o
 .text.I2C_WaitOnFlagUntilTimeout
                0x0000000008006a90       0xae ./Drivers/STM32F4xx_HAL_Driver/Src/stm32f4xx_hal_i2c.o
 .text.I2C_WaitOnMasterAddressFlagUntilTimeout
                0x0000000008006b3e       0xfe ./Drivers/STM32F4xx_HAL_Driver/Src/stm32f4xx_hal_i2c.o
 .text.I2C_WaitOnTXEFlagUntilTimeout
                0x0000000008006c3c       0x82 ./Drivers/STM32F4xx_HAL_Driver/Src/stm32f4xx_hal_i2c.o
 .text.I2C_WaitOnBTFFlagUntilTimeout
                0x0000000008006cbe       0x82 ./Drivers/STM32F4xx_HAL_Driver/Src/stm32f4xx_hal_i2c.o
 .text.I2C_WaitOnRXNEFlagUntilTimeout
                0x0000000008006d40       0xac ./Drivers/STM32F4xx_HAL_Driver/Src/stm32f4xx_hal_i2c.o
 .text.I2C_IsAcknowledgeFailed
                0x0000000008006dec       0x5e ./Drivers/STM32F4xx_HAL_Driver/Src/stm32f4xx_hal_i2c.o
 *fill*         0x0000000008006e4a        0x2 
 .text.HAL_RCC_OscConfig
                0x0000000008006e4c      0x4f0 ./Drivers/STM32F4xx_HAL_Driver/Src/stm32f4xx_hal_rcc.o
                0x0000000008006e4c                HAL_RCC_OscConfig
 .text.HAL_RCC_ClockConfig
                0x000000000800733c      0x1cc ./Drivers/STM32F4xx_HAL_Driver/Src/stm32f4xx_hal_rcc.o
                0x000000000800733c                HAL_RCC_ClockConfig
 .text.HAL_RCC_GetSysClockFreq
                0x0000000008007508      0x1c4 ./Drivers/STM32F4xx_HAL_Driver/Src/stm32f4xx_hal_rcc.o
                0x0000000008007508                HAL_RCC_GetSysClockFreq
 .text.HAL_RCC_GetHCLKFreq
                0x00000000080076cc       0x18 ./Drivers/STM32F4xx_HAL_Driver/Src/stm32f4xx_hal_rcc.o
                0x00000000080076cc                HAL_RCC_GetHCLKFreq
 .text.HAL_RCC_GetPCLK1Freq
                0x00000000080076e4       0x28 ./Drivers/STM32F4xx_HAL_Driver/Src/stm32f4xx_hal_rcc.o
                0x00000000080076e4                HAL_RCC_GetPCLK1Freq
 .text.HAL_RCC_GetPCLK2Freq
                0x000000000800770c       0x28 ./Drivers/STM32F4xx_HAL_Driver/Src/stm32f4xx_hal_rcc.o
                0x000000000800770c                HAL_RCC_GetPCLK2Freq
 .text.HAL_SPI_Init
                0x0000000008007734      0x112 ./Drivers/STM32F4xx_HAL_Driver/Src/stm32f4xx_hal_spi.o
                0x0000000008007734                HAL_SPI_Init
 .text.HAL_SPI_Receive
                0x0000000008007846      0x222 ./Drivers/STM32F4xx_HAL_Driver/Src/stm32f4xx_hal_spi.o
                0x0000000008007846                HAL_SPI_Receive
 .text.HAL_SPI_TransmitReceive
                0x0000000008007a68      0x344 ./Drivers/STM32F4xx_HAL_Driver/Src/stm32f4xx_hal_spi.o
                0x0000000008007a68                HAL_SPI_TransmitReceive
 .text.SPI_WaitFlagStateUntilTimeout
                0x0000000008007dac      0x110 ./Drivers/STM32F4xx_HAL_Driver/Src/stm32f4xx_hal_spi.o
 .text.SPI_EndRxTransaction
                0x0000000008007ebc       0xca ./Drivers/STM32F4xx_HAL_Driver/Src/stm32f4xx_hal_spi.o
 *fill*         0x0000000008007f86        0x2 
 .text.SPI_EndRxTxTransaction
                0x0000000008007f88       0x84 ./Drivers/STM32F4xx_HAL_Driver/Src/stm32f4xx_hal_spi.o
 .text.HAL_SRAM_Init
                0x000000000800800c       0x88 ./Drivers/STM32F4xx_HAL_Driver/Src/stm32f4xx_hal_sram.o
                0x000000000800800c                HAL_SRAM_Init
 .text.HAL_TIM_Base_Init
                0x0000000008008094       0x9e ./Drivers/STM32F4xx_HAL_Driver/Src/stm32f4xx_hal_tim.o
                0x0000000008008094                HAL_TIM_Base_Init
 *fill*         0x0000000008008132        0x2 
 .text.HAL_TIM_Base_Start_IT
                0x0000000008008134       0xe0 ./Drivers/STM32F4xx_HAL_Driver/Src/stm32f4xx_hal_tim.o
                0x0000000008008134                HAL_TIM_Base_Start_IT
 .text.HAL_TIM_PWM_Init
                0x0000000008008214       0x9e ./Drivers/STM32F4xx_HAL_Driver/Src/stm32f4xx_hal_tim.o
                0x0000000008008214                HAL_TIM_PWM_Init
 .text.HAL_TIM_PWM_MspInit
                0x00000000080082b2       0x14 ./Drivers/STM32F4xx_HAL_Driver/Src/stm32f4xx_hal_tim.o
                0x00000000080082b2                HAL_TIM_PWM_MspInit
 *fill*         0x00000000080082c6        0x2 
 .text.HAL_TIM_PWM_Start
                0x00000000080082c8      0x190 ./Drivers/STM32F4xx_HAL_Driver/Src/stm32f4xx_hal_tim.o
                0x00000000080082c8                HAL_TIM_PWM_Start
 .text.HAL_TIM_IRQHandler
                0x0000000008008458      0x210 ./Drivers/STM32F4xx_HAL_Driver/Src/stm32f4xx_hal_tim.o
                0x0000000008008458                HAL_TIM_IRQHandler
 .text.HAL_TIM_PWM_ConfigChannel
                0x0000000008008668      0x184 ./Drivers/STM32F4xx_HAL_Driver/Src/stm32f4xx_hal_tim.o
                0x0000000008008668                HAL_TIM_PWM_ConfigChannel
 .text.HAL_TIM_ConfigClockSource
                0x00000000080087ec      0x18e ./Drivers/STM32F4xx_HAL_Driver/Src/stm32f4xx_hal_tim.o
                0x00000000080087ec                HAL_TIM_ConfigClockSource
 .text.HAL_TIM_OC_DelayElapsedCallback
                0x000000000800897a       0x14 ./Drivers/STM32F4xx_HAL_Driver/Src/stm32f4xx_hal_tim.o
                0x000000000800897a                HAL_TIM_OC_DelayElapsedCallback
 .text.HAL_TIM_IC_CaptureCallback
                0x000000000800898e       0x14 ./Drivers/STM32F4xx_HAL_Driver/Src/stm32f4xx_hal_tim.o
                0x000000000800898e                HAL_TIM_IC_CaptureCallback
 .text.HAL_TIM_PWM_PulseFinishedCallback
                0x00000000080089a2       0x14 ./Drivers/STM32F4xx_HAL_Driver/Src/stm32f4xx_hal_tim.o
                0x00000000080089a2                HAL_TIM_PWM_PulseFinishedCallback
 .text.HAL_TIM_TriggerCallback
                0x00000000080089b6       0x14 ./Drivers/STM32F4xx_HAL_Driver/Src/stm32f4xx_hal_tim.o
                0x00000000080089b6                HAL_TIM_TriggerCallback
 *fill*         0x00000000080089ca        0x2 
 .text.TIM_Base_SetConfig
                0x00000000080089cc      0x140 ./Drivers/STM32F4xx_HAL_Driver/Src/stm32f4xx_hal_tim.o
                0x00000000080089cc                TIM_Base_SetConfig
 .text.TIM_OC1_SetConfig
                0x0000000008008b0c       0xe0 ./Drivers/STM32F4xx_HAL_Driver/Src/stm32f4xx_hal_tim.o
 .text.TIM_OC2_SetConfig
                0x0000000008008bec       0xec ./Drivers/STM32F4xx_HAL_Driver/Src/stm32f4xx_hal_tim.o
                0x0000000008008bec                TIM_OC2_SetConfig
 .text.TIM_OC3_SetConfig
                0x0000000008008cd8       0xe8 ./Drivers/STM32F4xx_HAL_Driver/Src/stm32f4xx_hal_tim.o
 .text.TIM_OC4_SetConfig
                0x0000000008008dc0       0xac ./Drivers/STM32F4xx_HAL_Driver/Src/stm32f4xx_hal_tim.o
 .text.TIM_TI1_ConfigInputStage
                0x0000000008008e6c       0x5e ./Drivers/STM32F4xx_HAL_Driver/Src/stm32f4xx_hal_tim.o
 .text.TIM_TI2_ConfigInputStage
                0x0000000008008eca       0x60 ./Drivers/STM32F4xx_HAL_Driver/Src/stm32f4xx_hal_tim.o
 .text.TIM_ITRx_SetConfig
                0x0000000008008f2a       0x36 ./Drivers/STM32F4xx_HAL_Driver/Src/stm32f4xx_hal_tim.o
 .text.TIM_ETR_SetConfig
                0x0000000008008f60       0x40 ./Drivers/STM32F4xx_HAL_Driver/Src/stm32f4xx_hal_tim.o
                0x0000000008008f60                TIM_ETR_SetConfig
 .text.TIM_CCxChannelCmd
                0x0000000008008fa0       0x4a ./Drivers/STM32F4xx_HAL_Driver/Src/stm32f4xx_hal_tim.o
                0x0000000008008fa0                TIM_CCxChannelCmd
 *fill*         0x0000000008008fea        0x2 
 .text.HAL_TIMEx_MasterConfigSynchronization
                0x0000000008008fec       0xf8 ./Drivers/STM32F4xx_HAL_Driver/Src/stm32f4xx_hal_tim_ex.o
                0x0000000008008fec                HAL_TIMEx_MasterConfigSynchronization
 .text.HAL_TIMEx_CommutCallback
                0x00000000080090e4       0x14 ./Drivers/STM32F4xx_HAL_Driver/Src/stm32f4xx_hal_tim_ex.o
                0x00000000080090e4                HAL_TIMEx_CommutCallback
 .text.HAL_TIMEx_BreakCallback
                0x00000000080090f8       0x14 ./Drivers/STM32F4xx_HAL_Driver/Src/stm32f4xx_hal_tim_ex.o
                0x00000000080090f8                HAL_TIMEx_BreakCallback
 .text.HAL_UART_Init
                0x000000000800910c       0x9a ./Drivers/STM32F4xx_HAL_Driver/Src/stm32f4xx_hal_uart.o
                0x000000000800910c                HAL_UART_Init
 .text.HAL_UART_Transmit
                0x00000000080091a6      0x124 ./Drivers/STM32F4xx_HAL_Driver/Src/stm32f4xx_hal_uart.o
                0x00000000080091a6                HAL_UART_Transmit
 .text.HAL_UART_Receive_IT
                0x00000000080092ca       0x60 ./Drivers/STM32F4xx_HAL_Driver/Src/stm32f4xx_hal_uart.o
                0x00000000080092ca                HAL_UART_Receive_IT
 *fill*         0x000000000800932a        0x2 
 .text.HAL_UART_IRQHandler
                0x000000000800932c      0x51c ./Drivers/STM32F4xx_HAL_Driver/Src/stm32f4xx_hal_uart.o
                0x000000000800932c                HAL_UART_IRQHandler
 .text.HAL_UART_TxCpltCallback
                0x0000000008009848       0x14 ./Drivers/STM32F4xx_HAL_Driver/Src/stm32f4xx_hal_uart.o
                0x0000000008009848                HAL_UART_TxCpltCallback
 .text.HAL_UART_ErrorCallback
                0x000000000800985c       0x14 ./Drivers/STM32F4xx_HAL_Driver/Src/stm32f4xx_hal_uart.o
                0x000000000800985c                HAL_UART_ErrorCallback
 .text.HAL_UARTEx_RxEventCallback
                0x0000000008009870       0x18 ./Drivers/STM32F4xx_HAL_Driver/Src/stm32f4xx_hal_uart.o
                0x0000000008009870                HAL_UARTEx_RxEventCallback
 .text.UART_WaitOnFlagUntilTimeout
                0x0000000008009888       0xdc ./Drivers/STM32F4xx_HAL_Driver/Src/stm32f4xx_hal_uart.o
 .text.UART_Start_Receive_IT
                0x0000000008009964       0x74 ./Drivers/STM32F4xx_HAL_Driver/Src/stm32f4xx_hal_uart.o
                0x0000000008009964                UART_Start_Receive_IT
 .text.UART_EndRxTransfer
                0x00000000080099d8       0xc6 ./Drivers/STM32F4xx_HAL_Driver/Src/stm32f4xx_hal_uart.o
 .text.UART_DMAAbortOnError
                0x0000000008009a9e       0x28 ./Drivers/STM32F4xx_HAL_Driver/Src/stm32f4xx_hal_uart.o
 .text.UART_Transmit_IT
                0x0000000008009ac6       0xa0 ./Drivers/STM32F4xx_HAL_Driver/Src/stm32f4xx_hal_uart.o
 .text.UART_EndTransmit_IT
                0x0000000008009b66       0x30 ./Drivers/STM32F4xx_HAL_Driver/Src/stm32f4xx_hal_uart.o
 .text.UART_Receive_IT
                0x0000000008009b96      0x176 ./Drivers/STM32F4xx_HAL_Driver/Src/stm32f4xx_hal_uart.o
 .text.UART_SetConfig
                0x0000000008009d0c      0x390 ./Drivers/STM32F4xx_HAL_Driver/Src/stm32f4xx_hal_uart.o
 .text.FSMC_NORSRAM_Init
                0x000000000800a09c       0xa4 ./Drivers/STM32F4xx_HAL_Driver/Src/stm32f4xx_ll_fsmc.o
                0x000000000800a09c                FSMC_NORSRAM_Init
 .text.FSMC_NORSRAM_Timing_Init
                0x000000000800a140       0x7a ./Drivers/STM32F4xx_HAL_Driver/Src/stm32f4xx_ll_fsmc.o
                0x000000000800a140                FSMC_NORSRAM_Timing_Init
 *fill*         0x000000000800a1ba        0x2 
 .text.FSMC_NORSRAM_Extended_Timing_Init
                0x000000000800a1bc       0x80 ./Drivers/STM32F4xx_HAL_Driver/Src/stm32f4xx_ll_fsmc.o
                0x000000000800a1bc                FSMC_NORSRAM_Extended_Timing_Init
 .text.__errno  0x000000000800a23c        0xc c:/st/stm32cubeide_1.7.0/stm32cubeide/plugins/com.st.stm32cube.ide.mcu.externaltools.gnu-tools-for-stm32.9-2020-q2-update.win32_2.0.0.202105311346/tools/bin/../lib/gcc/arm-none-eabi/9.3.1/../../../../arm-none-eabi/lib/thumb/v7e-m+fp/hard\libc_nano.a(lib_a-errno.o)
                0x000000000800a23c                __errno
 .text.__libc_init_array
                0x000000000800a248       0x48 c:/st/stm32cubeide_1.7.0/stm32cubeide/plugins/com.st.stm32cube.ide.mcu.externaltools.gnu-tools-for-stm32.9-2020-q2-update.win32_2.0.0.202105311346/tools/bin/../lib/gcc/arm-none-eabi/9.3.1/../../../../arm-none-eabi/lib/thumb/v7e-m+fp/hard\libc_nano.a(lib_a-init.o)
                0x000000000800a248                __libc_init_array
 .text.memset   0x000000000800a290       0x10 c:/st/stm32cubeide_1.7.0/stm32cubeide/plugins/com.st.stm32cube.ide.mcu.externaltools.gnu-tools-for-stm32.9-2020-q2-update.win32_2.0.0.202105311346/tools/bin/../lib/gcc/arm-none-eabi/9.3.1/../../../../arm-none-eabi/lib/thumb/v7e-m+fp/hard\libc_nano.a(lib_a-memset.o)
                0x000000000800a290                memset
 .text.sprintf  0x000000000800a2a0       0x40 c:/st/stm32cubeide_1.7.0/stm32cubeide/plugins/com.st.stm32cube.ide.mcu.externaltools.gnu-tools-for-stm32.9-2020-q2-update.win32_2.0.0.202105311346/tools/bin/../lib/gcc/arm-none-eabi/9.3.1/../../../../arm-none-eabi/lib/thumb/v7e-m+fp/hard\libc_nano.a(lib_a-sprintf.o)
                0x000000000800a2a0                siprintf
                0x000000000800a2a0                sprintf
 .text.__ssputs_r
                0x000000000800a2e0       0xb6 c:/st/stm32cubeide_1.7.0/stm32cubeide/plugins/com.st.stm32cube.ide.mcu.externaltools.gnu-tools-for-stm32.9-2020-q2-update.win32_2.0.0.202105311346/tools/bin/../lib/gcc/arm-none-eabi/9.3.1/../../../../arm-none-eabi/lib/thumb/v7e-m+fp/hard\libc_nano.a(lib_a-nano-svfprintf.o)
                0x000000000800a2e0                __ssputs_r
 *fill*         0x000000000800a396        0x2 
 .text._svfprintf_r
                0x000000000800a398      0x200 c:/st/stm32cubeide_1.7.0/stm32cubeide/plugins/com.st.stm32cube.ide.mcu.externaltools.gnu-tools-for-stm32.9-2020-q2-update.win32_2.0.0.202105311346/tools/bin/../lib/gcc/arm-none-eabi/9.3.1/../../../../arm-none-eabi/lib/thumb/v7e-m+fp/hard\libc_nano.a(lib_a-nano-svfprintf.o)
                0x000000000800a398                _svfiprintf_r
                0x000000000800a398                _svfprintf_r
 .text._printf_common
                0x000000000800a598       0xda c:/st/stm32cubeide_1.7.0/stm32cubeide/plugins/com.st.stm32cube.ide.mcu.externaltools.gnu-tools-for-stm32.9-2020-q2-update.win32_2.0.0.202105311346/tools/bin/../lib/gcc/arm-none-eabi/9.3.1/../../../../arm-none-eabi/lib/thumb/v7e-m+fp/hard\libc_nano.a(lib_a-nano-vfprintf_i.o)
                0x000000000800a598                _printf_common
 *fill*         0x000000000800a672        0x2 
 .text._printf_i
                0x000000000800a674      0x24c c:/st/stm32cubeide_1.7.0/stm32cubeide/plugins/com.st.stm32cube.ide.mcu.externaltools.gnu-tools-for-stm32.9-2020-q2-update.win32_2.0.0.202105311346/tools/bin/../lib/gcc/arm-none-eabi/9.3.1/../../../../arm-none-eabi/lib/thumb/v7e-m+fp/hard\libc_nano.a(lib_a-nano-vfprintf_i.o)
                0x000000000800a674                _printf_i
 .text.memcpy   0x000000000800a8c0       0x1c c:/st/stm32cubeide_1.7.0/stm32cubeide/plugins/com.st.stm32cube.ide.mcu.externaltools.gnu-tools-for-stm32.9-2020-q2-update.win32_2.0.0.202105311346/tools/bin/../lib/gcc/arm-none-eabi/9.3.1/../../../../arm-none-eabi/lib/thumb/v7e-m+fp/hard\libc_nano.a(lib_a-memcpy-stub.o)
                0x000000000800a8c0                memcpy
 .text.memmove  0x000000000800a8dc       0x34 c:/st/stm32cubeide_1.7.0/stm32cubeide/plugins/com.st.stm32cube.ide.mcu.externaltools.gnu-tools-for-stm32.9-2020-q2-update.win32_2.0.0.202105311346/tools/bin/../lib/gcc/arm-none-eabi/9.3.1/../../../../arm-none-eabi/lib/thumb/v7e-m+fp/hard\libc_nano.a(lib_a-memmove.o)
                0x000000000800a8dc                memmove
 .text._free_r  0x000000000800a910       0xa0 c:/st/stm32cubeide_1.7.0/stm32cubeide/plugins/com.st.stm32cube.ide.mcu.externaltools.gnu-tools-for-stm32.9-2020-q2-update.win32_2.0.0.202105311346/tools/bin/../lib/gcc/arm-none-eabi/9.3.1/../../../../arm-none-eabi/lib/thumb/v7e-m+fp/hard\libc_nano.a(lib_a-nano-freer.o)
                0x000000000800a910                _free_r
 .text._malloc_r
                0x000000000800a9b0       0xb4 c:/st/stm32cubeide_1.7.0/stm32cubeide/plugins/com.st.stm32cube.ide.mcu.externaltools.gnu-tools-for-stm32.9-2020-q2-update.win32_2.0.0.202105311346/tools/bin/../lib/gcc/arm-none-eabi/9.3.1/../../../../arm-none-eabi/lib/thumb/v7e-m+fp/hard\libc_nano.a(lib_a-nano-mallocr.o)
                0x000000000800a9b0                _malloc_r
 .text._realloc_r
                0x000000000800aa64       0x4c c:/st/stm32cubeide_1.7.0/stm32cubeide/plugins/com.st.stm32cube.ide.mcu.externaltools.gnu-tools-for-stm32.9-2020-q2-update.win32_2.0.0.202105311346/tools/bin/../lib/gcc/arm-none-eabi/9.3.1/../../../../arm-none-eabi/lib/thumb/v7e-m+fp/hard\libc_nano.a(lib_a-nano-reallocr.o)
                0x000000000800aa64                _realloc_r
 .text._sbrk_r  0x000000000800aab0       0x20 c:/st/stm32cubeide_1.7.0/stm32cubeide/plugins/com.st.stm32cube.ide.mcu.externaltools.gnu-tools-for-stm32.9-2020-q2-update.win32_2.0.0.202105311346/tools/bin/../lib/gcc/arm-none-eabi/9.3.1/../../../../arm-none-eabi/lib/thumb/v7e-m+fp/hard\libc_nano.a(lib_a-sbrkr.o)
                0x000000000800aab0                _sbrk_r
 .text.__malloc_lock
                0x000000000800aad0        0xc c:/st/stm32cubeide_1.7.0/stm32cubeide/plugins/com.st.stm32cube.ide.mcu.externaltools.gnu-tools-for-stm32.9-2020-q2-update.win32_2.0.0.202105311346/tools/bin/../lib/gcc/arm-none-eabi/9.3.1/../../../../arm-none-eabi/lib/thumb/v7e-m+fp/hard\libc_nano.a(lib_a-mlock.o)
                0x000000000800aad0                __malloc_lock
 .text.__malloc_unlock
                0x000000000800aadc        0xc c:/st/stm32cubeide_1.7.0/stm32cubeide/plugins/com.st.stm32cube.ide.mcu.externaltools.gnu-tools-for-stm32.9-2020-q2-update.win32_2.0.0.202105311346/tools/bin/../lib/gcc/arm-none-eabi/9.3.1/../../../../arm-none-eabi/lib/thumb/v7e-m+fp/hard\libc_nano.a(lib_a-mlock.o)
                0x000000000800aadc                __malloc_unlock
 .text._malloc_usable_size_r
                0x000000000800aae8       0x10 c:/st/stm32cubeide_1.7.0/stm32cubeide/plugins/com.st.stm32cube.ide.mcu.externaltools.gnu-tools-for-stm32.9-2020-q2-update.win32_2.0.0.202105311346/tools/bin/../lib/gcc/arm-none-eabi/9.3.1/../../../../arm-none-eabi/lib/thumb/v7e-m+fp/hard\libc_nano.a(lib_a-nano-msizer.o)
                0x000000000800aae8                _malloc_usable_size_r
 .text.__retarget_lock_acquire_recursive
                0x000000000800aaf8        0x2 c:/st/stm32cubeide_1.7.0/stm32cubeide/plugins/com.st.stm32cube.ide.mcu.externaltools.gnu-tools-for-stm32.9-2020-q2-update.win32_2.0.0.202105311346/tools/bin/../lib/gcc/arm-none-eabi/9.3.1/../../../../arm-none-eabi/lib/thumb/v7e-m+fp/hard\libc_nano.a(lib_a-lock.o)
                0x000000000800aaf8                __retarget_lock_acquire_recursive
 .text.__retarget_lock_release_recursive
                0x000000000800aafa        0x2 c:/st/stm32cubeide_1.7.0/stm32cubeide/plugins/com.st.stm32cube.ide.mcu.externaltools.gnu-tools-for-stm32.9-2020-q2-update.win32_2.0.0.202105311346/tools/bin/../lib/gcc/arm-none-eabi/9.3.1/../../../../arm-none-eabi/lib/thumb/v7e-m+fp/hard\libc_nano.a(lib_a-lock.o)
                0x000000000800aafa                __retarget_lock_release_recursive
 *(.glue_7)
 .glue_7        0x000000000800aafc        0x0 linker stubs
 *(.glue_7t)
 .glue_7t       0x000000000800aafc        0x0 linker stubs
 *(.eh_frame)
 .eh_frame      0x000000000800aafc        0x0 c:/st/stm32cubeide_1.7.0/stm32cubeide/plugins/com.st.stm32cube.ide.mcu.externaltools.gnu-tools-for-stm32.9-2020-q2-update.win32_2.0.0.202105311346/tools/bin/../lib/gcc/arm-none-eabi/9.3.1/thumb/v7e-m+fp/hard/crtbegin.o
 *(.init)
 .init          0x000000000800aafc        0x4 c:/st/stm32cubeide_1.7.0/stm32cubeide/plugins/com.st.stm32cube.ide.mcu.externaltools.gnu-tools-for-stm32.9-2020-q2-update.win32_2.0.0.202105311346/tools/bin/../lib/gcc/arm-none-eabi/9.3.1/thumb/v7e-m+fp/hard/crti.o
                0x000000000800aafc                _init
 .init          0x000000000800ab00        0x8 c:/st/stm32cubeide_1.7.0/stm32cubeide/plugins/com.st.stm32cube.ide.mcu.externaltools.gnu-tools-for-stm32.9-2020-q2-update.win32_2.0.0.202105311346/tools/bin/../lib/gcc/arm-none-eabi/9.3.1/thumb/v7e-m+fp/hard/crtn.o
 *(.fini)
 .fini          0x000000000800ab08        0x4 c:/st/stm32cubeide_1.7.0/stm32cubeide/plugins/com.st.stm32cube.ide.mcu.externaltools.gnu-tools-for-stm32.9-2020-q2-update.win32_2.0.0.202105311346/tools/bin/../lib/gcc/arm-none-eabi/9.3.1/thumb/v7e-m+fp/hard/crti.o
                0x000000000800ab08                _fini
 .fini          0x000000000800ab0c        0x8 c:/st/stm32cubeide_1.7.0/stm32cubeide/plugins/com.st.stm32cube.ide.mcu.externaltools.gnu-tools-for-stm32.9-2020-q2-update.win32_2.0.0.202105311346/tools/bin/../lib/gcc/arm-none-eabi/9.3.1/thumb/v7e-m+fp/hard/crtn.o
                0x000000000800ab14                . = ALIGN (0x4)
                0x000000000800ab14                _etext = .

.vfp11_veneer   0x000000000800ab14        0x0
 .vfp11_veneer  0x000000000800ab14        0x0 linker stubs

.v4_bx          0x000000000800ab14        0x0
 .v4_bx         0x000000000800ab14        0x0 linker stubs

.iplt           0x000000000800ab14        0x0
 .iplt          0x000000000800ab14        0x0 c:/st/stm32cubeide_1.7.0/stm32cubeide/plugins/com.st.stm32cube.ide.mcu.externaltools.gnu-tools-for-stm32.9-2020-q2-update.win32_2.0.0.202105311346/tools/bin/../lib/gcc/arm-none-eabi/9.3.1/thumb/v7e-m+fp/hard/crtbegin.o

.rodata         0x000000000800ab14     0x3108
                0x000000000800ab14                . = ALIGN (0x4)
 *(.rodata)
 .rodata        0x000000000800ab14       0x12 ./Core/Src/my_clock.o
 *fill*         0x000000000800ab26        0x2 
 .rodata        0x000000000800ab28       0x23 ./Core/Src/my_display.o
 *fill*         0x000000000800ab4b        0x1 
 .rodata        0x000000000800ab4c       0xe6 ./Core/Src/system.o
 *fill*         0x000000000800ac32        0x2 
 .rodata        0x000000000800ac34       0x12 ./Core/Src/uart.o
 *(.rodata*)
 *fill*         0x000000000800ac46        0x2 
 .rodata.ascii_1608
                0x000000000800ac48      0x5f0 ./Core/Src/lcd.o
                0x000000000800ac48                ascii_1608
 .rodata.ascii_2412
                0x000000000800b238     0x11d0 ./Core/Src/lcd.o
                0x000000000800b238                ascii_2412
 .rodata.ascii_3216
                0x000000000800c408     0x17c0 ./Core/Src/lcd.o
                0x000000000800c408                ascii_3216
 .rodata.AHBPrescTable
                0x000000000800dbc8       0x10 ./Core/Src/system_stm32f4xx.o
                0x000000000800dbc8                AHBPrescTable
 .rodata.APBPrescTable
                0x000000000800dbd8        0x8 ./Core/Src/system_stm32f4xx.o
                0x000000000800dbd8                APBPrescTable
 .rodata.flagBitshiftOffset.9376
                0x000000000800dbe0        0x8 ./Drivers/STM32F4xx_HAL_Driver/Src/stm32f4xx_hal_dma.o
 .rodata._svfprintf_r.str1.1
                0x000000000800dbe8       0x11 c:/st/stm32cubeide_1.7.0/stm32cubeide/plugins/com.st.stm32cube.ide.mcu.externaltools.gnu-tools-for-stm32.9-2020-q2-update.win32_2.0.0.202105311346/tools/bin/../lib/gcc/arm-none-eabi/9.3.1/../../../../arm-none-eabi/lib/thumb/v7e-m+fp/hard\libc_nano.a(lib_a-nano-svfprintf.o)
 .rodata._printf_i.str1.1
                0x000000000800dbf9       0x22 c:/st/stm32cubeide_1.7.0/stm32cubeide/plugins/com.st.stm32cube.ide.mcu.externaltools.gnu-tools-for-stm32.9-2020-q2-update.win32_2.0.0.202105311346/tools/bin/../lib/gcc/arm-none-eabi/9.3.1/../../../../arm-none-eabi/lib/thumb/v7e-m+fp/hard\libc_nano.a(lib_a-nano-vfprintf_i.o)
                0x000000000800dc1c                . = ALIGN (0x4)
 *fill*         0x000000000800dc1b        0x1 

.ARM.extab      0x000000000800dc1c        0x0
                0x000000000800dc1c                . = ALIGN (0x4)
 *(.ARM.extab* .gnu.linkonce.armextab.*)
                0x000000000800dc1c                . = ALIGN (0x4)

.ARM            0x000000000800dc1c        0x8
                0x000000000800dc1c                . = ALIGN (0x4)
                0x000000000800dc1c                __exidx_start = .
 *(.ARM.exidx*)
 .ARM.exidx     0x000000000800dc1c        0x8 c:/st/stm32cubeide_1.7.0/stm32cubeide/plugins/com.st.stm32cube.ide.mcu.externaltools.gnu-tools-for-stm32.9-2020-q2-update.win32_2.0.0.202105311346/tools/bin/../lib/gcc/arm-none-eabi/9.3.1/thumb/v7e-m+fp/hard\libgcc.a(_udivmoddi4.o)
                0x000000000800dc24                __exidx_end = .
                0x000000000800dc24                . = ALIGN (0x4)

.rel.dyn        0x000000000800dc24        0x0
 .rel.iplt      0x000000000800dc24        0x0 c:/st/stm32cubeide_1.7.0/stm32cubeide/plugins/com.st.stm32cube.ide.mcu.externaltools.gnu-tools-for-stm32.9-2020-q2-update.win32_2.0.0.202105311346/tools/bin/../lib/gcc/arm-none-eabi/9.3.1/thumb/v7e-m+fp/hard/crtbegin.o

.preinit_array  0x000000000800dc24        0x0
                0x000000000800dc24                . = ALIGN (0x4)
                0x000000000800dc24                PROVIDE (__preinit_array_start = .)
 *(.preinit_array*)
                0x000000000800dc24                PROVIDE (__preinit_array_end = .)
                0x000000000800dc24                . = ALIGN (0x4)

.init_array     0x000000000800dc24        0x4
                0x000000000800dc24                . = ALIGN (0x4)
                0x000000000800dc24                PROVIDE (__init_array_start = .)
 *(SORT_BY_NAME(.init_array.*))
 *(.init_array*)
 .init_array    0x000000000800dc24        0x4 c:/st/stm32cubeide_1.7.0/stm32cubeide/plugins/com.st.stm32cube.ide.mcu.externaltools.gnu-tools-for-stm32.9-2020-q2-update.win32_2.0.0.202105311346/tools/bin/../lib/gcc/arm-none-eabi/9.3.1/thumb/v7e-m+fp/hard/crtbegin.o
                0x000000000800dc28                PROVIDE (__init_array_end = .)
                0x000000000800dc28                . = ALIGN (0x4)

.fini_array     0x000000000800dc28        0x4
                0x000000000800dc28                . = ALIGN (0x4)
                [!provide]                        PROVIDE (__fini_array_start = .)
 *(SORT_BY_NAME(.fini_array.*))
 *(.fini_array*)
 .fini_array    0x000000000800dc28        0x4 c:/st/stm32cubeide_1.7.0/stm32cubeide/plugins/com.st.stm32cube.ide.mcu.externaltools.gnu-tools-for-stm32.9-2020-q2-update.win32_2.0.0.202105311346/tools/bin/../lib/gcc/arm-none-eabi/9.3.1/thumb/v7e-m+fp/hard/crtbegin.o
                [!provide]                        PROVIDE (__fini_array_end = .)
                0x000000000800dc2c                . = ALIGN (0x4)
                0x000000000800dc2c                _sidata = LOADADDR (.data)

.data           0x0000000020000000       0x9c load address 0x000000000800dc2c
                0x0000000020000000                . = ALIGN (0x4)
                0x0000000020000000                _sdata = .
 *(.data)
 *(.data*)
 .data.led7seg  0x0000000020000000        0x4 ./Core/Src/led_7seg.o
                0x0000000020000000                led7seg
 .data.arrayOfNum
                0x0000000020000004        0xa ./Core/Src/led_7seg.o
                0x0000000020000004                arrayOfNum
 .data.spi_buffer
                0x000000002000000e        0x2 ./Core/Src/led_7seg.o
                0x000000002000000e                spi_buffer
 .data.hour     0x0000000020000010        0x4 ./Core/Src/main.o
                0x0000000020000010                hour
 .data.minute   0x0000000020000014        0x4 ./Core/Src/main.o
                0x0000000020000014                minute
 .data.buf_sec  0x0000000020000018        0x1 ./Core/Src/my_clock.o
                0x0000000020000018                buf_sec
 .data.buf_min  0x0000000020000019        0x1 ./Core/Src/my_clock.o
                0x0000000020000019                buf_min
 .data.buf_hour
                0x000000002000001a        0x1 ./Core/Src/my_clock.o
                0x000000002000001a                buf_hour
 .data.buf_day  0x000000002000001b        0x1 ./Core/Src/my_clock.o
                0x000000002000001b                buf_day
 .data.buf_date
                0x000000002000001c        0x1 ./Core/Src/my_clock.o
                0x000000002000001c                buf_date
 .data.buf_mon  0x000000002000001d        0x1 ./Core/Src/my_clock.o
                0x000000002000001d                buf_mon
 .data.buf_year
                0x000000002000001e        0x1 ./Core/Src/my_clock.o
                0x000000002000001e                buf_year
 .data.ala_min  0x000000002000001f        0x1 ./Core/Src/my_clock.o
                0x000000002000001f                ala_min
 .data.ala_hour
                0x0000000020000020        0x1 ./Core/Src/my_clock.o
                0x0000000020000020                ala_hour
 .data.ala_day  0x0000000020000021        0x1 ./Core/Src/my_clock.o
                0x0000000020000021                ala_day
 .data.ala_date
                0x0000000020000022        0x1 ./Core/Src/my_clock.o
                0x0000000020000022                ala_date
 .data.ala_mon  0x0000000020000023        0x1 ./Core/Src/my_clock.o
                0x0000000020000023                ala_mon
 .data.ala_year
                0x0000000020000024        0x1 ./Core/Src/my_clock.o
                0x0000000020000024                ala_year
 *fill*         0x0000000020000025        0x3 
 .data.volval   0x0000000020000028        0x4 ./Core/Src/system.o
                0x0000000020000028                volval
 .data.SystemCoreClock
                0x000000002000002c        0x4 ./Core/Src/system_stm32f4xx.o
                0x000000002000002c                SystemCoreClock
 .data.uwTickPrio
                0x0000000020000030        0x4 ./Drivers/STM32F4xx_HAL_Driver/Src/stm32f4xx_hal.o
                0x0000000020000030                uwTickPrio
 .data.uwTickFreq
                0x0000000020000034        0x1 ./Drivers/STM32F4xx_HAL_Driver/Src/stm32f4xx_hal.o
                0x0000000020000034                uwTickFreq
 *fill*         0x0000000020000035        0x3 
 .data._impure_ptr
                0x0000000020000038        0x4 c:/st/stm32cubeide_1.7.0/stm32cubeide/plugins/com.st.stm32cube.ide.mcu.externaltools.gnu-tools-for-stm32.9-2020-q2-update.win32_2.0.0.202105311346/tools/bin/../lib/gcc/arm-none-eabi/9.3.1/../../../../arm-none-eabi/lib/thumb/v7e-m+fp/hard\libc_nano.a(lib_a-impure.o)
                0x0000000020000038                _impure_ptr
 .data.impure_data
                0x000000002000003c       0x60 c:/st/stm32cubeide_1.7.0/stm32cubeide/plugins/com.st.stm32cube.ide.mcu.externaltools.gnu-tools-for-stm32.9-2020-q2-update.win32_2.0.0.202105311346/tools/bin/../lib/gcc/arm-none-eabi/9.3.1/../../../../arm-none-eabi/lib/thumb/v7e-m+fp/hard\libc_nano.a(lib_a-impure.o)
 *(.RamFunc)
 *(.RamFunc*)
                0x000000002000009c                . = ALIGN (0x4)
                0x000000002000009c                _edata = .
                0x000000000800dcc8                _siccmram = LOADADDR (.ccmram)

.igot.plt       0x000000002000009c        0x0 load address 0x000000000800dcc8
 .igot.plt      0x000000002000009c        0x0 c:/st/stm32cubeide_1.7.0/stm32cubeide/plugins/com.st.stm32cube.ide.mcu.externaltools.gnu-tools-for-stm32.9-2020-q2-update.win32_2.0.0.202105311346/tools/bin/../lib/gcc/arm-none-eabi/9.3.1/thumb/v7e-m+fp/hard/crtbegin.o

.ccmram         0x0000000010000000        0x0 load address 0x000000000800dcc8
                0x0000000010000000                . = ALIGN (0x4)
                0x0000000010000000                _sccmram = .
 *(.ccmram)
 *(.ccmram*)
                0x0000000010000000                . = ALIGN (0x4)
                0x0000000010000000                _eccmram = .
                0x0000000010000000                . = ALIGN (0x4)

.bss            0x000000002000009c      0x440
                0x000000002000009c                _sbss = .
                0x000000002000009c                __bss_start__ = _sbss
 *(.bss)
 .bss           0x000000002000009c       0x1c c:/st/stm32cubeide_1.7.0/stm32cubeide/plugins/com.st.stm32cube.ide.mcu.externaltools.gnu-tools-for-stm32.9-2020-q2-update.win32_2.0.0.202105311346/tools/bin/../lib/gcc/arm-none-eabi/9.3.1/thumb/v7e-m+fp/hard/crtbegin.o
 *(.bss*)
 .bss.spi_button
                0x00000000200000b8        0x2 ./Core/Src/button.o
                0x00000000200000b8                spi_button
 .bss.duty_cycle
                0x00000000200000ba        0x1 ./Core/Src/buzzer.o
                0x00000000200000ba                duty_cycle
 *fill*         0x00000000200000bb        0x1 
 .bss.FSMC_Initialized
                0x00000000200000bc        0x4 ./Core/Src/fsmc.o
 .bss.count_time
                0x00000000200000c0        0x4 ./Core/Src/main.o
                0x00000000200000c0                count_time
 .bss.st_clock  0x00000000200000c4        0x1 ./Core/Src/my_clock.o
                0x00000000200000c4                st_clock
 .bss.st_changing
                0x00000000200000c5        0x1 ./Core/Src/my_clock.o
                0x00000000200000c5                st_changing
 *fill*         0x00000000200000c6        0x2 
 .bss.__sbrk_heap_end
                0x00000000200000c8        0x4 ./Core/Src/sysmem.o
 .bss.numPoints
                0x00000000200000cc        0x1 ./Core/Src/system.o
                0x00000000200000cc                numPoints
 .bss.isnotify  0x00000000200000cd        0x1 ./Core/Src/system.o
                0x00000000200000cd                isnotify
 *fill*         0x00000000200000ce        0x2 
 .bss.uart_print
                0x00000000200000d0        0x4 ./Core/Src/system.o
                0x00000000200000d0                uart_print
 .bss.receive_buffer1
                0x00000000200000d4        0x1 ./Core/Src/uart.o
                0x00000000200000d4                receive_buffer1
 *fill*         0x00000000200000d5        0x3 
 .bss.__malloc_free_list
                0x00000000200000d8        0x4 c:/st/stm32cubeide_1.7.0/stm32cubeide/plugins/com.st.stm32cube.ide.mcu.externaltools.gnu-tools-for-stm32.9-2020-q2-update.win32_2.0.0.202105311346/tools/bin/../lib/gcc/arm-none-eabi/9.3.1/../../../../arm-none-eabi/lib/thumb/v7e-m+fp/hard\libc_nano.a(lib_a-nano-mallocr.o)
                0x00000000200000d8                __malloc_free_list
 .bss.__malloc_sbrk_start
                0x00000000200000dc        0x4 c:/st/stm32cubeide_1.7.0/stm32cubeide/plugins/com.st.stm32cube.ide.mcu.externaltools.gnu-tools-for-stm32.9-2020-q2-update.win32_2.0.0.202105311346/tools/bin/../lib/gcc/arm-none-eabi/9.3.1/../../../../arm-none-eabi/lib/thumb/v7e-m+fp/hard\libc_nano.a(lib_a-nano-mallocr.o)
                0x00000000200000dc                __malloc_sbrk_start
 *(COMMON)
 COMMON         0x00000000200000e0       0xa8 ./Core/Src/adc.o
                0x00000000200000e0                hadc1
                0x0000000020000128                hdma_adc1
 COMMON         0x0000000020000188       0x20 ./Core/Src/button.o
                0x0000000020000188                button_count
 COMMON         0x00000000200001a8        0xf ./Core/Src/ds3231.o
                0x00000000200001a8                ds3231_sec
                0x00000000200001a9                ds3231_year
                0x00000000200001aa                ds3231_min
                0x00000000200001ab                ds3231_date
                0x00000000200001ac                ds3231_day
                0x00000000200001ad                ds3231_hours
                0x00000000200001ae                ds3231_month
                0x00000000200001b0                ds3231_buffer
 *fill*         0x00000000200001b7        0x1 
 COMMON         0x00000000200001b8       0x50 ./Core/Src/fsmc.o
                0x00000000200001b8                hsram1
 COMMON         0x0000000020000208       0x54 ./Core/Src/i2c.o
                0x0000000020000208                hi2c1
 COMMON         0x000000002000025c       0x3a ./Core/Src/lcd.o
                0x000000002000025c                lcddev
                0x0000000020000264                s
 *fill*         0x0000000020000296        0x2 
 COMMON         0x0000000020000298        0x4 ./Core/Src/my_clock.o
                0x0000000020000298                button_st
                0x000000002000029b                st_blinking
 COMMON         0x000000002000029c       0x18 ./Core/Src/my_display.o
                0x000000002000029c                box
 COMMON         0x00000000200002b4        0xa ./Core/Src/sensor.o
                0x00000000200002b4                adc_receive
 *fill*         0x00000000200002be        0x2 
 COMMON         0x00000000200002c0       0x50 ./Core/Src/software_timer.o
                0x00000000200002c0                timer
 COMMON         0x0000000020000310       0x58 ./Core/Src/spi.o
                0x0000000020000310                hspi1
 COMMON         0x0000000020000368       0x28 ./Core/Src/system.o
                0x0000000020000368                currentValues
 COMMON         0x0000000020000390       0x90 ./Core/Src/tim.o
                0x0000000020000390                htim13
                0x00000000200003d8                htim2
 COMMON         0x0000000020000420       0x64 ./Core/Src/uart.o
                0x0000000020000420                msg
 COMMON         0x0000000020000484       0x44 ./Core/Src/usart.o
                0x0000000020000484                huart1
 COMMON         0x00000000200004c8        0x4 ./Drivers/STM32F4xx_HAL_Driver/Src/stm32f4xx_hal.o
                0x00000000200004c8                uwTick
 COMMON         0x00000000200004cc        0x4 c:/st/stm32cubeide_1.7.0/stm32cubeide/plugins/com.st.stm32cube.ide.mcu.externaltools.gnu-tools-for-stm32.9-2020-q2-update.win32_2.0.0.202105311346/tools/bin/../lib/gcc/arm-none-eabi/9.3.1/../../../../arm-none-eabi/lib/thumb/v7e-m+fp/hard\libc_nano.a(lib_a-reent.o)
                0x00000000200004cc                errno
 COMMON         0x00000000200004d0        0x9 c:/st/stm32cubeide_1.7.0/stm32cubeide/plugins/com.st.stm32cube.ide.mcu.externaltools.gnu-tools-for-stm32.9-2020-q2-update.win32_2.0.0.202105311346/tools/bin/../lib/gcc/arm-none-eabi/9.3.1/../../../../arm-none-eabi/lib/thumb/v7e-m+fp/hard\libc_nano.a(lib_a-lock.o)
                0x00000000200004d0                __lock___atexit_recursive_mutex
                0x00000000200004d1                __lock___arc4random_mutex
                0x00000000200004d2                __lock___env_recursive_mutex
                0x00000000200004d3                __lock___sinit_recursive_mutex
                0x00000000200004d4                __lock___malloc_recursive_mutex
                0x00000000200004d5                __lock___at_quick_exit_mutex
                0x00000000200004d6                __lock___dd_hash_mutex
                0x00000000200004d7                __lock___tz_mutex
                0x00000000200004d8                __lock___sfp_recursive_mutex
                0x00000000200004dc                . = ALIGN (0x4)
 *fill*         0x00000000200004d9        0x3 
                0x00000000200004dc                _ebss = .
                0x00000000200004dc                __bss_end__ = _ebss

._user_heap_stack
                0x00000000200004dc      0x604
                0x00000000200004e0                . = ALIGN (0x8)
 *fill*         0x00000000200004dc        0x4 
                [!provide]                        PROVIDE (end = .)
                0x00000000200004e0                PROVIDE (_end = .)
                0x00000000200006e0                . = (. + _Min_Heap_Size)
 *fill*         0x00000000200004e0      0x200 
                0x0000000020000ae0                . = (. + _Min_Stack_Size)
 *fill*         0x00000000200006e0      0x400 
                0x0000000020000ae0                . = ALIGN (0x8)

/DISCARD/
 libc.a(*)
 libm.a(*)
 libgcc.a(*)

.ARM.attributes
                0x0000000000000000       0x30
 *(.ARM.attributes)
 .ARM.attributes
                0x0000000000000000       0x1e c:/st/stm32cubeide_1.7.0/stm32cubeide/plugins/com.st.stm32cube.ide.mcu.externaltools.gnu-tools-for-stm32.9-2020-q2-update.win32_2.0.0.202105311346/tools/bin/../lib/gcc/arm-none-eabi/9.3.1/thumb/v7e-m+fp/hard/crti.o
 .ARM.attributes
                0x000000000000001e       0x34 c:/st/stm32cubeide_1.7.0/stm32cubeide/plugins/com.st.stm32cube.ide.mcu.externaltools.gnu-tools-for-stm32.9-2020-q2-update.win32_2.0.0.202105311346/tools/bin/../lib/gcc/arm-none-eabi/9.3.1/thumb/v7e-m+fp/hard/crtbegin.o
 .ARM.attributes
                0x0000000000000052       0x34 ./Core/Src/adc.o
 .ARM.attributes
                0x0000000000000086       0x34 ./Core/Src/button.o
 .ARM.attributes
                0x00000000000000ba       0x34 ./Core/Src/buzzer.o
 .ARM.attributes
                0x00000000000000ee       0x34 ./Core/Src/dma.o
 .ARM.attributes
                0x0000000000000122       0x34 ./Core/Src/ds3231.o
 .ARM.attributes
                0x0000000000000156       0x34 ./Core/Src/fsmc.o
 .ARM.attributes
                0x000000000000018a       0x34 ./Core/Src/gpio.o
 .ARM.attributes
                0x00000000000001be       0x34 ./Core/Src/i2c.o
 .ARM.attributes
                0x00000000000001f2       0x34 ./Core/Src/lcd.o
 .ARM.attributes
                0x0000000000000226       0x34 ./Core/Src/led_7seg.o
 .ARM.attributes
                0x000000000000025a       0x34 ./Core/Src/main.o
 .ARM.attributes
                0x000000000000028e       0x34 ./Core/Src/my_clock.o
 .ARM.attributes
                0x00000000000002c2       0x34 ./Core/Src/my_display.o
 .ARM.attributes
                0x00000000000002f6       0x34 ./Core/Src/sensor.o
 .ARM.attributes
                0x000000000000032a       0x34 ./Core/Src/software_timer.o
 .ARM.attributes
                0x000000000000035e       0x34 ./Core/Src/spi.o
 .ARM.attributes
                0x0000000000000392       0x34 ./Core/Src/stm32f4xx_hal_msp.o
 .ARM.attributes
                0x00000000000003c6       0x34 ./Core/Src/stm32f4xx_it.o
 .ARM.attributes
                0x00000000000003fa       0x34 ./Core/Src/sysmem.o
 .ARM.attributes
                0x000000000000042e       0x34 ./Core/Src/system.o
 .ARM.attributes
                0x0000000000000462       0x34 ./Core/Src/system_stm32f4xx.o
 .ARM.attributes
                0x0000000000000496       0x34 ./Core/Src/tim.o
 .ARM.attributes
                0x00000000000004ca       0x34 ./Core/Src/uart.o
 .ARM.attributes
                0x00000000000004fe       0x34 ./Core/Src/usart.o
 .ARM.attributes
                0x0000000000000532       0x34 ./Core/Src/utils.o
 .ARM.attributes
                0x0000000000000566       0x21 ./Core/Startup/startup_stm32f407zetx.o
 .ARM.attributes
                0x0000000000000587       0x34 ./Drivers/STM32F4xx_HAL_Driver/Src/stm32f4xx_hal.o
 .ARM.attributes
                0x00000000000005bb       0x34 ./Drivers/STM32F4xx_HAL_Driver/Src/stm32f4xx_hal_adc.o
 .ARM.attributes
                0x00000000000005ef       0x34 ./Drivers/STM32F4xx_HAL_Driver/Src/stm32f4xx_hal_cortex.o
 .ARM.attributes
                0x0000000000000623       0x34 ./Drivers/STM32F4xx_HAL_Driver/Src/stm32f4xx_hal_dma.o
 .ARM.attributes
                0x0000000000000657       0x34 ./Drivers/STM32F4xx_HAL_Driver/Src/stm32f4xx_hal_gpio.o
 .ARM.attributes
                0x000000000000068b       0x34 ./Drivers/STM32F4xx_HAL_Driver/Src/stm32f4xx_hal_i2c.o
 .ARM.attributes
                0x00000000000006bf       0x34 ./Drivers/STM32F4xx_HAL_Driver/Src/stm32f4xx_hal_rcc.o
 .ARM.attributes
                0x00000000000006f3       0x34 ./Drivers/STM32F4xx_HAL_Driver/Src/stm32f4xx_hal_spi.o
 .ARM.attributes
                0x0000000000000727       0x34 ./Drivers/STM32F4xx_HAL_Driver/Src/stm32f4xx_hal_sram.o
 .ARM.attributes
                0x000000000000075b       0x34 ./Drivers/STM32F4xx_HAL_Driver/Src/stm32f4xx_hal_tim.o
 .ARM.attributes
                0x000000000000078f       0x34 ./Drivers/STM32F4xx_HAL_Driver/Src/stm32f4xx_hal_tim_ex.o
 .ARM.attributes
                0x00000000000007c3       0x34 ./Drivers/STM32F4xx_HAL_Driver/Src/stm32f4xx_hal_uart.o
 .ARM.attributes
                0x00000000000007f7       0x34 ./Drivers/STM32F4xx_HAL_Driver/Src/stm32f4xx_ll_fsmc.o
 .ARM.attributes
                0x000000000000082b       0x34 c:/st/stm32cubeide_1.7.0/stm32cubeide/plugins/com.st.stm32cube.ide.mcu.externaltools.gnu-tools-for-stm32.9-2020-q2-update.win32_2.0.0.202105311346/tools/bin/../lib/gcc/arm-none-eabi/9.3.1/../../../../arm-none-eabi/lib/thumb/v7e-m+fp/hard\libc_nano.a(lib_a-errno.o)
 .ARM.attributes
                0x000000000000085f       0x32 c:/st/stm32cubeide_1.7.0/stm32cubeide/plugins/com.st.stm32cube.ide.mcu.externaltools.gnu-tools-for-stm32.9-2020-q2-update.win32_2.0.0.202105311346/tools/bin/../lib/gcc/arm-none-eabi/9.3.1/../../../../arm-none-eabi/lib/thumb/v7e-m+fp/hard\libc_nano.a(lib_a-impure.o)
 .ARM.attributes
                0x0000000000000891       0x34 c:/st/stm32cubeide_1.7.0/stm32cubeide/plugins/com.st.stm32cube.ide.mcu.externaltools.gnu-tools-for-stm32.9-2020-q2-update.win32_2.0.0.202105311346/tools/bin/../lib/gcc/arm-none-eabi/9.3.1/../../../../arm-none-eabi/lib/thumb/v7e-m+fp/hard\libc_nano.a(lib_a-init.o)
 .ARM.attributes
                0x00000000000008c5       0x34 c:/st/stm32cubeide_1.7.0/stm32cubeide/plugins/com.st.stm32cube.ide.mcu.externaltools.gnu-tools-for-stm32.9-2020-q2-update.win32_2.0.0.202105311346/tools/bin/../lib/gcc/arm-none-eabi/9.3.1/../../../../arm-none-eabi/lib/thumb/v7e-m+fp/hard\libc_nano.a(lib_a-memset.o)
 .ARM.attributes
                0x00000000000008f9       0x34 c:/st/stm32cubeide_1.7.0/stm32cubeide/plugins/com.st.stm32cube.ide.mcu.externaltools.gnu-tools-for-stm32.9-2020-q2-update.win32_2.0.0.202105311346/tools/bin/../lib/gcc/arm-none-eabi/9.3.1/../../../../arm-none-eabi/lib/thumb/v7e-m+fp/hard\libc_nano.a(lib_a-sprintf.o)
 .ARM.attributes
                0x000000000000092d       0x34 c:/st/stm32cubeide_1.7.0/stm32cubeide/plugins/com.st.stm32cube.ide.mcu.externaltools.gnu-tools-for-stm32.9-2020-q2-update.win32_2.0.0.202105311346/tools/bin/../lib/gcc/arm-none-eabi/9.3.1/../../../../arm-none-eabi/lib/thumb/v7e-m+fp/hard\libc_nano.a(lib_a-nano-svfprintf.o)
 .ARM.attributes
                0x0000000000000961       0x34 c:/st/stm32cubeide_1.7.0/stm32cubeide/plugins/com.st.stm32cube.ide.mcu.externaltools.gnu-tools-for-stm32.9-2020-q2-update.win32_2.0.0.202105311346/tools/bin/../lib/gcc/arm-none-eabi/9.3.1/../../../../arm-none-eabi/lib/thumb/v7e-m+fp/hard\libc_nano.a(lib_a-nano-vfprintf_i.o)
 .ARM.attributes
                0x0000000000000995       0x1c c:/st/stm32cubeide_1.7.0/stm32cubeide/plugins/com.st.stm32cube.ide.mcu.externaltools.gnu-tools-for-stm32.9-2020-q2-update.win32_2.0.0.202105311346/tools/bin/../lib/gcc/arm-none-eabi/9.3.1/../../../../arm-none-eabi/lib/thumb/v7e-m+fp/hard\libc_nano.a(lib_a-memchr.o)
 .ARM.attributes
                0x00000000000009b1       0x34 c:/st/stm32cubeide_1.7.0/stm32cubeide/plugins/com.st.stm32cube.ide.mcu.externaltools.gnu-tools-for-stm32.9-2020-q2-update.win32_2.0.0.202105311346/tools/bin/../lib/gcc/arm-none-eabi/9.3.1/../../../../arm-none-eabi/lib/thumb/v7e-m+fp/hard\libc_nano.a(lib_a-memcpy-stub.o)
 .ARM.attributes
                0x00000000000009e5       0x34 c:/st/stm32cubeide_1.7.0/stm32cubeide/plugins/com.st.stm32cube.ide.mcu.externaltools.gnu-tools-for-stm32.9-2020-q2-update.win32_2.0.0.202105311346/tools/bin/../lib/gcc/arm-none-eabi/9.3.1/../../../../arm-none-eabi/lib/thumb/v7e-m+fp/hard\libc_nano.a(lib_a-memmove.o)
 .ARM.attributes
                0x0000000000000a19       0x34 c:/st/stm32cubeide_1.7.0/stm32cubeide/plugins/com.st.stm32cube.ide.mcu.externaltools.gnu-tools-for-stm32.9-2020-q2-update.win32_2.0.0.202105311346/tools/bin/../lib/gcc/arm-none-eabi/9.3.1/../../../../arm-none-eabi/lib/thumb/v7e-m+fp/hard\libc_nano.a(lib_a-nano-freer.o)
 .ARM.attributes
                0x0000000000000a4d       0x34 c:/st/stm32cubeide_1.7.0/stm32cubeide/plugins/com.st.stm32cube.ide.mcu.externaltools.gnu-tools-for-stm32.9-2020-q2-update.win32_2.0.0.202105311346/tools/bin/../lib/gcc/arm-none-eabi/9.3.1/../../../../arm-none-eabi/lib/thumb/v7e-m+fp/hard\libc_nano.a(lib_a-nano-mallocr.o)
 .ARM.attributes
                0x0000000000000a81       0x34 c:/st/stm32cubeide_1.7.0/stm32cubeide/plugins/com.st.stm32cube.ide.mcu.externaltools.gnu-tools-for-stm32.9-2020-q2-update.win32_2.0.0.202105311346/tools/bin/../lib/gcc/arm-none-eabi/9.3.1/../../../../arm-none-eabi/lib/thumb/v7e-m+fp/hard\libc_nano.a(lib_a-nano-reallocr.o)
 .ARM.attributes
                0x0000000000000ab5       0x34 c:/st/stm32cubeide_1.7.0/stm32cubeide/plugins/com.st.stm32cube.ide.mcu.externaltools.gnu-tools-for-stm32.9-2020-q2-update.win32_2.0.0.202105311346/tools/bin/../lib/gcc/arm-none-eabi/9.3.1/../../../../arm-none-eabi/lib/thumb/v7e-m+fp/hard\libc_nano.a(lib_a-sbrkr.o)
 .ARM.attributes
                0x0000000000000ae9       0x34 c:/st/stm32cubeide_1.7.0/stm32cubeide/plugins/com.st.stm32cube.ide.mcu.externaltools.gnu-tools-for-stm32.9-2020-q2-update.win32_2.0.0.202105311346/tools/bin/../lib/gcc/arm-none-eabi/9.3.1/../../../../arm-none-eabi/lib/thumb/v7e-m+fp/hard\libc_nano.a(lib_a-mlock.o)
 .ARM.attributes
                0x0000000000000b1d       0x34 c:/st/stm32cubeide_1.7.0/stm32cubeide/plugins/com.st.stm32cube.ide.mcu.externaltools.gnu-tools-for-stm32.9-2020-q2-update.win32_2.0.0.202105311346/tools/bin/../lib/gcc/arm-none-eabi/9.3.1/../../../../arm-none-eabi/lib/thumb/v7e-m+fp/hard\libc_nano.a(lib_a-nano-msizer.o)
 .ARM.attributes
                0x0000000000000b51       0x34 c:/st/stm32cubeide_1.7.0/stm32cubeide/plugins/com.st.stm32cube.ide.mcu.externaltools.gnu-tools-for-stm32.9-2020-q2-update.win32_2.0.0.202105311346/tools/bin/../lib/gcc/arm-none-eabi/9.3.1/../../../../arm-none-eabi/lib/thumb/v7e-m+fp/hard\libc_nano.a(lib_a-reent.o)
 .ARM.attributes
                0x0000000000000b85       0x34 c:/st/stm32cubeide_1.7.0/stm32cubeide/plugins/com.st.stm32cube.ide.mcu.externaltools.gnu-tools-for-stm32.9-2020-q2-update.win32_2.0.0.202105311346/tools/bin/../lib/gcc/arm-none-eabi/9.3.1/../../../../arm-none-eabi/lib/thumb/v7e-m+fp/hard\libc_nano.a(lib_a-lock.o)
 .ARM.attributes
                0x0000000000000bb9       0x1e c:/st/stm32cubeide_1.7.0/stm32cubeide/plugins/com.st.stm32cube.ide.mcu.externaltools.gnu-tools-for-stm32.9-2020-q2-update.win32_2.0.0.202105311346/tools/bin/../lib/gcc/arm-none-eabi/9.3.1/thumb/v7e-m+fp/hard\libgcc.a(_arm_addsubdf3.o)
 .ARM.attributes
                0x0000000000000bd7       0x1e c:/st/stm32cubeide_1.7.0/stm32cubeide/plugins/com.st.stm32cube.ide.mcu.externaltools.gnu-tools-for-stm32.9-2020-q2-update.win32_2.0.0.202105311346/tools/bin/../lib/gcc/arm-none-eabi/9.3.1/thumb/v7e-m+fp/hard\libgcc.a(_arm_muldivdf3.o)
 .ARM.attributes
                0x0000000000000bf5       0x1e c:/st/stm32cubeide_1.7.0/stm32cubeide/plugins/com.st.stm32cube.ide.mcu.externaltools.gnu-tools-for-stm32.9-2020-q2-update.win32_2.0.0.202105311346/tools/bin/../lib/gcc/arm-none-eabi/9.3.1/thumb/v7e-m+fp/hard\libgcc.a(_arm_fixunsdfsi.o)
 .ARM.attributes
                0x0000000000000c13       0x1e c:/st/stm32cubeide_1.7.0/stm32cubeide/plugins/com.st.stm32cube.ide.mcu.externaltools.gnu-tools-for-stm32.9-2020-q2-update.win32_2.0.0.202105311346/tools/bin/../lib/gcc/arm-none-eabi/9.3.1/thumb/v7e-m+fp/hard\libgcc.a(_arm_truncdfsf2.o)
 .ARM.attributes
                0x0000000000000c31       0x1e c:/st/stm32cubeide_1.7.0/stm32cubeide/plugins/com.st.stm32cube.ide.mcu.externaltools.gnu-tools-for-stm32.9-2020-q2-update.win32_2.0.0.202105311346/tools/bin/../lib/gcc/arm-none-eabi/9.3.1/thumb/v7e-m+fp/hard\libgcc.a(_aeabi_uldivmod.o)
 .ARM.attributes
                0x0000000000000c4f       0x34 c:/st/stm32cubeide_1.7.0/stm32cubeide/plugins/com.st.stm32cube.ide.mcu.externaltools.gnu-tools-for-stm32.9-2020-q2-update.win32_2.0.0.202105311346/tools/bin/../lib/gcc/arm-none-eabi/9.3.1/thumb/v7e-m+fp/hard\libgcc.a(_udivmoddi4.o)
 .ARM.attributes
                0x0000000000000c83       0x1e c:/st/stm32cubeide_1.7.0/stm32cubeide/plugins/com.st.stm32cube.ide.mcu.externaltools.gnu-tools-for-stm32.9-2020-q2-update.win32_2.0.0.202105311346/tools/bin/../lib/gcc/arm-none-eabi/9.3.1/thumb/v7e-m+fp/hard\libgcc.a(_dvmd_tls.o)
 .ARM.attributes
                0x0000000000000ca1       0x1e c:/st/stm32cubeide_1.7.0/stm32cubeide/plugins/com.st.stm32cube.ide.mcu.externaltools.gnu-tools-for-stm32.9-2020-q2-update.win32_2.0.0.202105311346/tools/bin/../lib/gcc/arm-none-eabi/9.3.1/thumb/v7e-m+fp/hard/crtn.o
OUTPUT(Bai6_ADC_PWM.elf elf32-littlearm)
LOAD linker stubs
LOAD c:/st/stm32cubeide_1.7.0/stm32cubeide/plugins/com.st.stm32cube.ide.mcu.externaltools.gnu-tools-for-stm32.9-2020-q2-update.win32_2.0.0.202105311346/tools/bin/../lib/gcc/arm-none-eabi/9.3.1/../../../../arm-none-eabi/lib/thumb/v7e-m+fp/hard\libc.a
LOAD c:/st/stm32cubeide_1.7.0/stm32cubeide/plugins/com.st.stm32cube.ide.mcu.externaltools.gnu-tools-for-stm32.9-2020-q2-update.win32_2.0.0.202105311346/tools/bin/../lib/gcc/arm-none-eabi/9.3.1/../../../../arm-none-eabi/lib/thumb/v7e-m+fp/hard\libm.a
LOAD c:/st/stm32cubeide_1.7.0/stm32cubeide/plugins/com.st.stm32cube.ide.mcu.externaltools.gnu-tools-for-stm32.9-2020-q2-update.win32_2.0.0.202105311346/tools/bin/../lib/gcc/arm-none-eabi/9.3.1/thumb/v7e-m+fp/hard\libgcc.a

.debug_info     0x0000000000000000    0x23e2d
 .debug_info    0x0000000000000000      0xabd ./Core/Src/adc.o
 .debug_info    0x0000000000000abd      0xbca ./Core/Src/button.o
 .debug_info    0x0000000000001687      0x7a3 ./Core/Src/buzzer.o
 .debug_info    0x0000000000001e2a      0x59c ./Core/Src/dma.o
 .debug_info    0x00000000000023c6      0x839 ./Core/Src/ds3231.o
 .debug_info    0x0000000000002bff      0xa96 ./Core/Src/fsmc.o
 .debug_info    0x0000000000003695      0x586 ./Core/Src/gpio.o
 .debug_info    0x0000000000003c1b      0xa7d ./Core/Src/i2c.o
 .debug_info    0x0000000000004698     0x1759 ./Core/Src/lcd.o
 .debug_info    0x0000000000005df1      0x89c ./Core/Src/led_7seg.o
 .debug_info    0x000000000000668d     0x21b3 ./Core/Src/main.o
 .debug_info    0x0000000000008840     0x198d ./Core/Src/my_clock.o
 .debug_info    0x000000000000a1cd     0x129b ./Core/Src/my_display.o
 .debug_info    0x000000000000b468      0x744 ./Core/Src/sensor.o
 .debug_info    0x000000000000bbac      0x894 ./Core/Src/software_timer.o
 .debug_info    0x000000000000c440      0xa5a ./Core/Src/spi.o
 .debug_info    0x000000000000ce9a      0x394 ./Core/Src/stm32f4xx_hal_msp.o
 .debug_info    0x000000000000d22e      0xa8d ./Core/Src/stm32f4xx_it.o
 .debug_info    0x000000000000dcbb      0xa25 ./Core/Src/sysmem.o
 .debug_info    0x000000000000e6e0     0x1aa9 ./Core/Src/system.o
 .debug_info    0x0000000000010189      0x5a4 ./Core/Src/system_stm32f4xx.o
 .debug_info    0x000000000001072d      0xebe ./Core/Src/tim.o
 .debug_info    0x00000000000115eb     0x1062 ./Core/Src/uart.o
 .debug_info    0x000000000001264d      0xc29 ./Core/Src/usart.o