main.c:90:5:main	24	static
main.c:171:6:SystemClock_Config	88	static
main.c:212:6:system_init	8	static
main.c:224:6:test_LedDebug	8	static
main.c:231:6:test_7seg	8	static
main.c:237:6:test_button	16	static
main.c:245:6:buttonBai4	8	static
main.c:253:6:updateTime	8	static
main.c:267:9:isButtonUp	4	static
main.c:274:9:isButtonDown	4	static
main.c:281:6:displayTime	24	static
main.c:292:6:adjustTime	24	static
main.c:363:6:setAlarm	24	static
main.c:390:6:checkAlarm	16	static
main.c:442:6:Error_Handler	4	static,ignoring_inline_asm
